87.223.138.212 - - [29/Sep/2014:08:38:25 +0000] "POST /courses/UPF/C01/2014/xblock/i4x:;_;_UPF;_C01;_video;_1d55a6faf1d54a5a991d286c1b914df0/handler/xmodule_handler/save_user_state HTTP/1.1" 200 17 "http://www.ucatx.cat/courses/UPF/C01/2014/courseware/bc7904dd4a2d4876b295a77fcbae2c2f/bfbf14092adc44458b8166af8d08fab2/" "Mozilla/5.0 (Windows NT 6.1; WOW64) AppleWebKit/537.36 (KHTML, like Gecko) Chrome/37.0.2062.124 Safari/537.36"
80.59.152.219 - - [29/Sep/2014:08:38:27 +0000] "POST /event HTTP/1.1" 200 38 "http://www.ucatx.cat/courses/UPF/C01/2014/courseware/a3139ca27f5a447289999f387ba484f5/578e50c6623f4bbcbd6f729fba6d29d5/" "Mozilla/5.0 (Windows NT 6.1; WOW64; Trident/7.0; rv:11.0) like Gecko"
80.59.152.219 - - [29/Sep/2014:08:38:50 +0000] "POST /event HTTP/1.1" 200 38 "http://www.ucatx.cat/courses/UPF/C01/2014/courseware/a3139ca27f5a447289999f387ba484f5/578e50c6623f4bbcbd6f729fba6d29d5/" "Mozilla/5.0 (Windows NT 6.1; WOW64; Trident/7.0; rv:11.0) like Gecko"
80.59.152.219 - - [29/Sep/2014:08:38:50 +0000] "POST /courses/UPF/C01/2014/xblock/i4x:;_;_UPF;_C01;_video;_5f33fe80c9da4b938805dd4607b284f1/handler/xmodule_handler/save_user_state HTTP/1.1" 200 17 "http://www.ucatx.cat/courses/UPF/C01/2014/courseware/a3139ca27f5a447289999f387ba484f5/578e50c6623f4bbcbd6f729fba6d29d5/" "Mozilla/5.0 (Windows NT 6.1; WOW64; Trident/7.0; rv:11.0) like Gecko"
87.223.138.212 - - [29/Sep/2014:08:39:46 +0000] "POST /event HTTP/1.1" 200 38 "http://www.ucatx.cat/courses/UPF/C01/2014/courseware/bc7904dd4a2d4876b295a77fcbae2c2f/bfbf14092adc44458b8166af8d08fab2/" "Mozilla/5.0 (Windows NT 6.1; WOW64) AppleWebKit/537.36 (KHTML, like Gecko) Chrome/37.0.2062.124 Safari/537.36"
87.223.138.212 - - [29/Sep/2014:08:40:04 +0000] "POST /event HTTP/1.1" 200 38 "http://www.ucatx.cat/courses/UPF/C01/2014/courseware/bc7904dd4a2d4876b295a77fcbae2c2f/bfbf14092adc44458b8166af8d08fab2/" "Mozilla/5.0 (Windows NT 6.1; WOW64) AppleWebKit/537.36 (KHTML, like Gecko) Chrome/37.0.2062.124 Safari/537.36"
87.223.138.212 - - [29/Sep/2014:08:40:04 +0000] "POST /courses/UPF/C01/2014/xblock/i4x:;_;_UPF;_C01;_video;_1d55a6faf1d54a5a991d286c1b914df0/handler/xmodule_handler/save_user_state HTTP/1.1" 200 17 "http://www.ucatx.cat/courses/UPF/C01/2014/courseware/bc7904dd4a2d4876b295a77fcbae2c2f/bfbf14092adc44458b8166af8d08fab2/" "Mozilla/5.0 (Windows NT 6.1; WOW64) AppleWebKit/537.36 (KHTML, like Gecko) Chrome/37.0.2062.124 Safari/537.36"
87.223.138.212 - - [29/Sep/2014:08:40:09 +0000] "POST /event HTTP/1.1" 200 38 "http://www.ucatx.cat/courses/UPF/C01/2014/courseware/bc7904dd4a2d4876b295a77fcbae2c2f/bfbf14092adc44458b8166af8d08fab2/" "Mozilla/5.0 (Windows NT 6.1; WOW64) AppleWebKit/537.36 (KHTML, like Gecko) Chrome/37.0.2062.124 Safari/537.36"
80.59.152.219 - - [29/Sep/2014:08:40:18 +0000] "POST /event HTTP/1.1" 200 38 "http://www.ucatx.cat/courses/UPF/C01/2014/courseware/a3139ca27f5a447289999f387ba484f5/578e50c6623f4bbcbd6f729fba6d29d5/" "Mozilla/5.0 (Windows NT 6.1; WOW64; Trident/7.0; rv:11.0) like Gecko"
80.59.152.219 - - [29/Sep/2014:08:40:46 +0000] "POST /event HTTP/1.1" 200 38 "http://www.ucatx.cat/courses/UPF/C01/2014/courseware/a3139ca27f5a447289999f387ba484f5/578e50c6623f4bbcbd6f729fba6d29d5/" "Mozilla/5.0 (Windows NT 6.1; WOW64; Trident/7.0; rv:11.0) like Gecko"
80.59.152.219 - - [29/Sep/2014:08:40:46 +0000] "POST /courses/UPF/C01/2014/xblock/i4x:;_;_UPF;_C01;_video;_5f33fe80c9da4b938805dd4607b284f1/handler/xmodule_handler/save_user_state HTTP/1.1" 200 17 "http://www.ucatx.cat/courses/UPF/C01/2014/courseware/a3139ca27f5a447289999f387ba484f5/578e50c6623f4bbcbd6f729fba6d29d5/" "Mozilla/5.0 (Windows NT 6.1; WOW64; Trident/7.0; rv:11.0) like Gecko"
80.59.152.219 - - [29/Sep/2014:08:40:46 +0000] "POST /event HTTP/1.1" 200 38 "http://www.ucatx.cat/courses/UPF/C01/2014/courseware/a3139ca27f5a447289999f387ba484f5/578e50c6623f4bbcbd6f729fba6d29d5/" "Mozilla/5.0 (Windows NT 6.1; WOW64; Trident/7.0; rv:11.0) like Gecko"
87.223.138.212 - - [29/Sep/2014:08:41:03 +0000] "POST /event HTTP/1.1" 200 38 "http://www.ucatx.cat/courses/UPF/C01/2014/courseware/bc7904dd4a2d4876b295a77fcbae2c2f/bfbf14092adc44458b8166af8d08fab2/" "Mozilla/5.0 (Windows NT 6.1; WOW64) AppleWebKit/537.36 (KHTML, like Gecko) Chrome/37.0.2062.124 Safari/537.36"
87.223.138.212 - - [29/Sep/2014:08:41:04 +0000] "POST /courses/UPF/C01/2014/xblock/i4x:;_;_UPF;_C01;_video;_1d55a6faf1d54a5a991d286c1b914df0/handler/xmodule_handler/save_user_state HTTP/1.1" 200 17 "http://www.ucatx.cat/courses/UPF/C01/2014/courseware/bc7904dd4a2d4876b295a77fcbae2c2f/bfbf14092adc44458b8166af8d08fab2/" "Mozilla/5.0 (Windows NT 6.1; WOW64) AppleWebKit/537.36 (KHTML, like Gecko) Chrome/37.0.2062.124 Safari/537.36"
87.223.138.212 - - [29/Sep/2014:08:41:39 +0000] "POST /event HTTP/1.1" 200 38 "http://www.ucatx.cat/courses/UPF/C01/2014/courseware/bc7904dd4a2d4876b295a77fcbae2c2f/bfbf14092adc44458b8166af8d08fab2/" "Mozilla/5.0 (Windows NT 6.1; WOW64) AppleWebKit/537.36 (KHTML, like Gecko) Chrome/37.0.2062.124 Safari/537.36"
80.59.152.219 - - [29/Sep/2014:08:41:45 +0000] "POST /event HTTP/1.1" 200 38 "http://www.ucatx.cat/courses/UPF/C01/2014/courseware/a3139ca27f5a447289999f387ba484f5/578e50c6623f4bbcbd6f729fba6d29d5/" "Mozilla/5.0 (Windows NT 6.1; WOW64; Trident/7.0; rv:11.0) like Gecko"
80.59.152.219 - - [29/Sep/2014:08:41:45 +0000] "POST /courses/UPF/C01/2014/xblock/i4x:;_;_UPF;_C01;_video;_5f33fe80c9da4b938805dd4607b284f1/handler/xmodule_handler/save_user_state HTTP/1.1" 200 17 "http://www.ucatx.cat/courses/UPF/C01/2014/courseware/a3139ca27f5a447289999f387ba484f5/578e50c6623f4bbcbd6f729fba6d29d5/" "Mozilla/5.0 (Windows NT 6.1; WOW64; Trident/7.0; rv:11.0) like Gecko"
80.59.152.219 - - [29/Sep/2014:08:41:45 +0000] "POST /event HTTP/1.1" 200 38 "http://www.ucatx.cat/courses/UPF/C01/2014/courseware/a3139ca27f5a447289999f387ba484f5/578e50c6623f4bbcbd6f729fba6d29d5/" "Mozilla/5.0 (Windows NT 6.1; WOW64; Trident/7.0; rv:11.0) like Gecko"
80.59.152.219 - - [29/Sep/2014:08:41:45 +0000] "GET /courses/UPF/C01/2014/xblock/i4x:;_;_UPF;_C01;_video;_c787700dc5254693ba9589fedac42923/handler/transcript/translation/en?videoId=kbX1vkrjX1g HTTP/1.1" 404 0 "http://www.ucatx.cat/courses/UPF/C01/2014/courseware/a3139ca27f5a447289999f387ba484f5/578e50c6623f4bbcbd6f729fba6d29d5/" "Mozilla/5.0 (Windows NT 6.1; WOW64; Trident/7.0; rv:11.0) like Gecko"
80.59.152.219 - - [29/Sep/2014:08:41:45 +0000] "POST /courses/UPF/C01/2014/xblock/i4x:;_;_UPF;_C01;_sequential;_578e50c6623f4bbcbd6f729fba6d29d5/handler/xmodule_handler/goto_position HTTP/1.1" 200 17 "http://www.ucatx.cat/courses/UPF/C01/2014/courseware/a3139ca27f5a447289999f387ba484f5/578e50c6623f4bbcbd6f729fba6d29d5/" "Mozilla/5.0 (Windows NT 6.1; WOW64; Trident/7.0; rv:11.0) like Gecko"
80.59.152.219 - - [29/Sep/2014:08:41:45 +0000] "POST /event HTTP/1.1" 200 38 "http://www.ucatx.cat/courses/UPF/C01/2014/courseware/a3139ca27f5a447289999f387ba484f5/578e50c6623f4bbcbd6f729fba6d29d5/" "Mozilla/5.0 (Windows NT 6.1; WOW64; Trident/7.0; rv:11.0) like Gecko"
80.59.152.219 - - [29/Sep/2014:08:41:46 +0000] "POST /event HTTP/1.1" 200 38 "http://www.ucatx.cat/courses/UPF/C01/2014/courseware/a3139ca27f5a447289999f387ba484f5/578e50c6623f4bbcbd6f729fba6d29d5/" "Mozilla/5.0 (Windows NT 6.1; WOW64; Trident/7.0; rv:11.0) like Gecko"
80.59.152.219 - - [29/Sep/2014:08:41:49 +0000] "POST /event HTTP/1.1" 200 38 "http://www.ucatx.cat/courses/UPF/C01/2014/courseware/a3139ca27f5a447289999f387ba484f5/578e50c6623f4bbcbd6f729fba6d29d5/" "Mozilla/5.0 (Windows NT 6.1; WOW64; Trident/7.0; rv:11.0) like Gecko"
80.59.152.219 - - [29/Sep/2014:08:41:49 +0000] "POST /event HTTP/1.1" 200 38 "http://www.ucatx.cat/courses/UPF/C01/2014/courseware/a3139ca27f5a447289999f387ba484f5/578e50c6623f4bbcbd6f729fba6d29d5/" "Mozilla/5.0 (Windows NT 6.1; WOW64; Trident/7.0; rv:11.0) like Gecko"
193.145.50.149 - - [29/Sep/2014:08:41:59 +0000] "GET / HTTP/1.1" 200 14212 "-" "check_http/v1.4.16 (nagios-plugins 1.4.16)"
87.223.138.212 - - [29/Sep/2014:08:42:07 +0000] "POST /event HTTP/1.1" 200 38 "http://www.ucatx.cat/courses/UPF/C01/2014/courseware/bc7904dd4a2d4876b295a77fcbae2c2f/bfbf14092adc44458b8166af8d08fab2/" "Mozilla/5.0 (Windows NT 6.1; WOW64) AppleWebKit/537.36 (KHTML, like Gecko) Chrome/37.0.2062.124 Safari/537.36"
87.223.138.212 - - [29/Sep/2014:08:42:07 +0000] "POST /courses/UPF/C01/2014/xblock/i4x:;_;_UPF;_C01;_video;_1d55a6faf1d54a5a991d286c1b914df0/handler/xmodule_handler/save_user_state HTTP/1.1" 200 17 "http://www.ucatx.cat/courses/UPF/C01/2014/courseware/bc7904dd4a2d4876b295a77fcbae2c2f/bfbf14092adc44458b8166af8d08fab2/" "Mozilla/5.0 (Windows NT 6.1; WOW64) AppleWebKit/537.36 (KHTML, like Gecko) Chrome/37.0.2062.124 Safari/537.36"
87.223.138.212 - - [29/Sep/2014:08:42:22 +0000] "GET /static/images/open-arrow.bb2d4662065a.png HTTP/1.1" 200 101 "http://www.ucatx.cat/static/css/lms-style-course.1ad8a42fd647.css" "Mozilla/5.0 (Windows NT 6.1; WOW64) AppleWebKit/537.36 (KHTML, like Gecko) Chrome/37.0.2062.124 Safari/537.36"
87.223.138.212 - - [29/Sep/2014:08:42:24 +0000] "POST /event HTTP/1.1" 200 38 "http://www.ucatx.cat/courses/UPF/C01/2014/courseware/bc7904dd4a2d4876b295a77fcbae2c2f/bfbf14092adc44458b8166af8d08fab2/" "Mozilla/5.0 (Windows NT 6.1; WOW64) AppleWebKit/537.36 (KHTML, like Gecko) Chrome/37.0.2062.124 Safari/537.36"
87.223.138.212 - - [29/Sep/2014:08:42:25 +0000] "POST /event HTTP/1.1" 200 38 "http://www.ucatx.cat/courses/UPF/C01/2014/courseware/bc7904dd4a2d4876b295a77fcbae2c2f/bfbf14092adc44458b8166af8d08fab2/" "Mozilla/5.0 (Windows NT 6.1; WOW64) AppleWebKit/537.36 (KHTML, like Gecko) Chrome/37.0.2062.124 Safari/537.36"
87.223.138.212 - - [29/Sep/2014:08:42:58 +0000] "POST /event HTTP/1.1" 200 38 "http://www.ucatx.cat/courses/UPF/C01/2014/courseware/bc7904dd4a2d4876b295a77fcbae2c2f/bfbf14092adc44458b8166af8d08fab2/" "Mozilla/5.0 (Windows NT 6.1; WOW64) AppleWebKit/537.36 (KHTML, like Gecko) Chrome/37.0.2062.124 Safari/537.36"
87.223.138.212 - - [29/Sep/2014:08:42:58 +0000] "POST /courses/UPF/C01/2014/xblock/i4x:;_;_UPF;_C01;_video;_1d55a6faf1d54a5a991d286c1b914df0/handler/xmodule_handler/save_user_state HTTP/1.1" 200 17 "http://www.ucatx.cat/courses/UPF/C01/2014/courseware/bc7904dd4a2d4876b295a77fcbae2c2f/bfbf14092adc44458b8166af8d08fab2/" "Mozilla/5.0 (Windows NT 6.1; WOW64) AppleWebKit/537.36 (KHTML, like Gecko) Chrome/37.0.2062.124 Safari/537.36"
87.223.138.212 - - [29/Sep/2014:08:43:00 +0000] "POST /event HTTP/1.1" 200 38 "http://www.ucatx.cat/courses/UPF/C01/2014/courseware/bc7904dd4a2d4876b295a77fcbae2c2f/bfbf14092adc44458b8166af8d08fab2/" "Mozilla/5.0 (Windows NT 6.1; WOW64) AppleWebKit/537.36 (KHTML, like Gecko) Chrome/37.0.2062.124 Safari/537.36"
87.223.138.212 - - [29/Sep/2014:08:43:01 +0000] "POST /event HTTP/1.1" 200 38 "http://www.ucatx.cat/courses/UPF/C01/2014/courseware/bc7904dd4a2d4876b295a77fcbae2c2f/bfbf14092adc44458b8166af8d08fab2/" "Mozilla/5.0 (Windows NT 6.1; WOW64) AppleWebKit/537.36 (KHTML, like Gecko) Chrome/37.0.2062.124 Safari/537.36"
87.223.138.212 - - [29/Sep/2014:08:43:02 +0000] "POST /event HTTP/1.1" 200 38 "http://www.ucatx.cat/courses/UPF/C01/2014/courseware/bc7904dd4a2d4876b295a77fcbae2c2f/bfbf14092adc44458b8166af8d08fab2/" "Mozilla/5.0 (Windows NT 6.1; WOW64) AppleWebKit/537.36 (KHTML, like Gecko) Chrome/37.0.2062.124 Safari/537.36"
87.223.138.212 - - [29/Sep/2014:08:43:02 +0000] "POST /event HTTP/1.1" 200 38 "http://www.ucatx.cat/courses/UPF/C01/2014/courseware/bc7904dd4a2d4876b295a77fcbae2c2f/bfbf14092adc44458b8166af8d08fab2/" "Mozilla/5.0 (Windows NT 6.1; WOW64) AppleWebKit/537.36 (KHTML, like Gecko) Chrome/37.0.2062.124 Safari/537.36"
87.223.138.212 - - [29/Sep/2014:08:43:04 +0000] "POST /event HTTP/1.1" 200 38 "http://www.ucatx.cat/courses/UPF/C01/2014/courseware/bc7904dd4a2d4876b295a77fcbae2c2f/bfbf14092adc44458b8166af8d08fab2/" "Mozilla/5.0 (Windows NT 6.1; WOW64) AppleWebKit/537.36 (KHTML, like Gecko) Chrome/37.0.2062.124 Safari/537.36"
87.223.138.212 - - [29/Sep/2014:08:43:04 +0000] "POST /event HTTP/1.1" 200 38 "http://www.ucatx.cat/courses/UPF/C01/2014/courseware/bc7904dd4a2d4876b295a77fcbae2c2f/bfbf14092adc44458b8166af8d08fab2/" "Mozilla/5.0 (Windows NT 6.1; WOW64) AppleWebKit/537.36 (KHTML, like Gecko) Chrome/37.0.2062.124 Safari/537.36"
87.223.138.212 - - [29/Sep/2014:08:43:05 +0000] "POST /event HTTP/1.1" 200 38 "http://www.ucatx.cat/courses/UPF/C01/2014/courseware/bc7904dd4a2d4876b295a77fcbae2c2f/bfbf14092adc44458b8166af8d08fab2/" "Mozilla/5.0 (Windows NT 6.1; WOW64) AppleWebKit/537.36 (KHTML, like Gecko) Chrome/37.0.2062.124 Safari/537.36"
87.223.138.212 - - [29/Sep/2014:08:43:05 +0000] "POST /event HTTP/1.1" 200 38 "http://www.ucatx.cat/courses/UPF/C01/2014/courseware/bc7904dd4a2d4876b295a77fcbae2c2f/bfbf14092adc44458b8166af8d08fab2/" "Mozilla/5.0 (Windows NT 6.1; WOW64) AppleWebKit/537.36 (KHTML, like Gecko) Chrome/37.0.2062.124 Safari/537.36"
80.59.152.219 - - [29/Sep/2014:08:43:30 +0000] "POST /event HTTP/1.1" 200 38 "http://www.ucatx.cat/courses/UPF/C01/2014/courseware/a3139ca27f5a447289999f387ba484f5/578e50c6623f4bbcbd6f729fba6d29d5/" "Mozilla/5.0 (Windows NT 6.1; WOW64; Trident/7.0; rv:11.0) like Gecko"
80.59.152.219 - - [29/Sep/2014:08:43:30 +0000] "POST /courses/UPF/C01/2014/xblock/i4x:;_;_UPF;_C01;_video;_c787700dc5254693ba9589fedac42923/handler/xmodule_handler/save_user_state HTTP/1.1" 200 17 "http://www.ucatx.cat/courses/UPF/C01/2014/courseware/a3139ca27f5a447289999f387ba484f5/578e50c6623f4bbcbd6f729fba6d29d5/" "Mozilla/5.0 (Windows NT 6.1; WOW64; Trident/7.0; rv:11.0) like Gecko"
87.223.138.212 - - [29/Sep/2014:08:44:29 +0000] "POST /event HTTP/1.1" 200 38 "http://www.ucatx.cat/courses/UPF/C01/2014/courseware/bc7904dd4a2d4876b295a77fcbae2c2f/bfbf14092adc44458b8166af8d08fab2/" "Mozilla/5.0 (Windows NT 6.1; WOW64) AppleWebKit/537.36 (KHTML, like Gecko) Chrome/37.0.2062.124 Safari/537.36"
87.223.138.212 - - [29/Sep/2014:08:44:29 +0000] "POST /courses/UPF/C01/2014/xblock/i4x:;_;_UPF;_C01;_video;_1d55a6faf1d54a5a991d286c1b914df0/handler/xmodule_handler/save_user_state HTTP/1.1" 200 17 "http://www.ucatx.cat/courses/UPF/C01/2014/courseware/bc7904dd4a2d4876b295a77fcbae2c2f/bfbf14092adc44458b8166af8d08fab2/" "Mozilla/5.0 (Windows NT 6.1; WOW64) AppleWebKit/537.36 (KHTML, like Gecko) Chrome/37.0.2062.124 Safari/537.36"
87.223.138.212 - - [29/Sep/2014:08:44:30 +0000] "POST /event HTTP/1.1" 200 38 "http://www.ucatx.cat/courses/UPF/C01/2014/courseware/bc7904dd4a2d4876b295a77fcbae2c2f/bfbf14092adc44458b8166af8d08fab2/" "Mozilla/5.0 (Windows NT 6.1; WOW64) AppleWebKit/537.36 (KHTML, like Gecko) Chrome/37.0.2062.124 Safari/537.36"
87.223.138.212 - - [29/Sep/2014:08:44:31 +0000] "POST /event HTTP/1.1" 200 38 "http://www.ucatx.cat/courses/UPF/C01/2014/courseware/bc7904dd4a2d4876b295a77fcbae2c2f/bfbf14092adc44458b8166af8d08fab2/" "Mozilla/5.0 (Windows NT 6.1; WOW64) AppleWebKit/537.36 (KHTML, like Gecko) Chrome/37.0.2062.124 Safari/537.36"
87.223.138.212 - - [29/Sep/2014:08:44:31 +0000] "POST /event HTTP/1.1" 200 38 "http://www.ucatx.cat/courses/UPF/C01/2014/courseware/bc7904dd4a2d4876b295a77fcbae2c2f/bfbf14092adc44458b8166af8d08fab2/" "Mozilla/5.0 (Windows NT 6.1; WOW64) AppleWebKit/537.36 (KHTML, like Gecko) Chrome/37.0.2062.124 Safari/537.36"
87.223.138.212 - - [29/Sep/2014:08:44:33 +0000] "POST /event HTTP/1.1" 200 38 "http://www.ucatx.cat/courses/UPF/C01/2014/courseware/bc7904dd4a2d4876b295a77fcbae2c2f/bfbf14092adc44458b8166af8d08fab2/" "Mozilla/5.0 (Windows NT 6.1; WOW64) AppleWebKit/537.36 (KHTML, like Gecko) Chrome/37.0.2062.124 Safari/537.36"
87.223.138.212 - - [29/Sep/2014:08:44:33 +0000] "POST /event HTTP/1.1" 200 38 "http://www.ucatx.cat/courses/UPF/C01/2014/courseware/bc7904dd4a2d4876b295a77fcbae2c2f/bfbf14092adc44458b8166af8d08fab2/" "Mozilla/5.0 (Windows NT 6.1; WOW64) AppleWebKit/537.36 (KHTML, like Gecko) Chrome/37.0.2062.124 Safari/537.36"
87.223.138.212 - - [29/Sep/2014:08:44:45 +0000] "POST /event HTTP/1.1" 200 38 "http://www.ucatx.cat/courses/UPF/C01/2014/courseware/bc7904dd4a2d4876b295a77fcbae2c2f/bfbf14092adc44458b8166af8d08fab2/" "Mozilla/5.0 (Windows NT 6.1; WOW64) AppleWebKit/537.36 (KHTML, like Gecko) Chrome/37.0.2062.124 Safari/537.36"
87.223.138.212 - - [29/Sep/2014:08:44:45 +0000] "POST /event HTTP/1.1" 200 38 "http://www.ucatx.cat/courses/UPF/C01/2014/courseware/bc7904dd4a2d4876b295a77fcbae2c2f/bfbf14092adc44458b8166af8d08fab2/" "Mozilla/5.0 (Windows NT 6.1; WOW64) AppleWebKit/537.36 (KHTML, like Gecko) Chrome/37.0.2062.124 Safari/537.36"
87.223.138.212 - - [29/Sep/2014:08:44:47 +0000] "POST /event HTTP/1.1" 200 38 "http://www.ucatx.cat/courses/UPF/C01/2014/courseware/bc7904dd4a2d4876b295a77fcbae2c2f/bfbf14092adc44458b8166af8d08fab2/" "Mozilla/5.0 (Windows NT 6.1; WOW64) AppleWebKit/537.36 (KHTML, like Gecko) Chrome/37.0.2062.124 Safari/537.36"
87.223.138.212 - - [29/Sep/2014:08:44:47 +0000] "POST /event HTTP/1.1" 200 38 "http://www.ucatx.cat/courses/UPF/C01/2014/courseware/bc7904dd4a2d4876b295a77fcbae2c2f/bfbf14092adc44458b8166af8d08fab2/" "Mozilla/5.0 (Windows NT 6.1; WOW64) AppleWebKit/537.36 (KHTML, like Gecko) Chrome/37.0.2062.124 Safari/537.36"
87.223.138.212 - - [29/Sep/2014:08:44:49 +0000] "POST /event HTTP/1.1" 200 38 "http://www.ucatx.cat/courses/UPF/C01/2014/courseware/bc7904dd4a2d4876b295a77fcbae2c2f/bfbf14092adc44458b8166af8d08fab2/" "Mozilla/5.0 (Windows NT 6.1; WOW64) AppleWebKit/537.36 (KHTML, like Gecko) Chrome/37.0.2062.124 Safari/537.36"
87.223.138.212 - - [29/Sep/2014:08:44:49 +0000] "POST /event HTTP/1.1" 200 38 "http://www.ucatx.cat/courses/UPF/C01/2014/courseware/bc7904dd4a2d4876b295a77fcbae2c2f/bfbf14092adc44458b8166af8d08fab2/" "Mozilla/5.0 (Windows NT 6.1; WOW64) AppleWebKit/537.36 (KHTML, like Gecko) Chrome/37.0.2062.124 Safari/537.36"
87.223.138.212 - - [29/Sep/2014:08:44:52 +0000] "POST /event HTTP/1.1" 200 38 "http://www.ucatx.cat/courses/UPF/C01/2014/courseware/bc7904dd4a2d4876b295a77fcbae2c2f/bfbf14092adc44458b8166af8d08fab2/" "Mozilla/5.0 (Windows NT 6.1; WOW64) AppleWebKit/537.36 (KHTML, like Gecko) Chrome/37.0.2062.124 Safari/537.36"
87.223.138.212 - - [29/Sep/2014:08:44:52 +0000] "POST /event HTTP/1.1" 200 38 "http://www.ucatx.cat/courses/UPF/C01/2014/courseware/bc7904dd4a2d4876b295a77fcbae2c2f/bfbf14092adc44458b8166af8d08fab2/" "Mozilla/5.0 (Windows NT 6.1; WOW64) AppleWebKit/537.36 (KHTML, like Gecko) Chrome/37.0.2062.124 Safari/537.36"
87.223.138.212 - - [29/Sep/2014:08:44:57 +0000] "POST /event HTTP/1.1" 200 38 "http://www.ucatx.cat/courses/UPF/C01/2014/courseware/bc7904dd4a2d4876b295a77fcbae2c2f/bfbf14092adc44458b8166af8d08fab2/" "Mozilla/5.0 (Windows NT 6.1; WOW64) AppleWebKit/537.36 (KHTML, like Gecko) Chrome/37.0.2062.124 Safari/537.36"
87.223.138.212 - - [29/Sep/2014:08:44:57 +0000] "POST /courses/UPF/C01/2014/xblock/i4x:;_;_UPF;_C01;_video;_1d55a6faf1d54a5a991d286c1b914df0/handler/xmodule_handler/save_user_state HTTP/1.1" 200 17 "http://www.ucatx.cat/courses/UPF/C01/2014/courseware/bc7904dd4a2d4876b295a77fcbae2c2f/bfbf14092adc44458b8166af8d08fab2/" "Mozilla/5.0 (Windows NT 6.1; WOW64) AppleWebKit/537.36 (KHTML, like Gecko) Chrome/37.0.2062.124 Safari/537.36"
87.223.138.212 - - [29/Sep/2014:08:45:21 +0000] "POST /event HTTP/1.1" 200 38 "http://www.ucatx.cat/courses/UPF/C01/2014/courseware/bc7904dd4a2d4876b295a77fcbae2c2f/bfbf14092adc44458b8166af8d08fab2/" "Mozilla/5.0 (Windows NT 6.1; WOW64) AppleWebKit/537.36 (KHTML, like Gecko) Chrome/37.0.2062.124 Safari/537.36"
87.223.138.212 - - [29/Sep/2014:08:45:43 +0000] "POST /event HTTP/1.1" 200 38 "http://www.ucatx.cat/courses/UPF/C01/2014/courseware/bc7904dd4a2d4876b295a77fcbae2c2f/bfbf14092adc44458b8166af8d08fab2/" "Mozilla/5.0 (Windows NT 6.1; WOW64) AppleWebKit/537.36 (KHTML, like Gecko) Chrome/37.0.2062.124 Safari/537.36"
87.223.138.212 - - [29/Sep/2014:08:45:43 +0000] "POST /courses/UPF/C01/2014/xblock/i4x:;_;_UPF;_C01;_video;_1d55a6faf1d54a5a991d286c1b914df0/handler/xmodule_handler/save_user_state HTTP/1.1" 200 17 "http://www.ucatx.cat/courses/UPF/C01/2014/courseware/bc7904dd4a2d4876b295a77fcbae2c2f/bfbf14092adc44458b8166af8d08fab2/" "Mozilla/5.0 (Windows NT 6.1; WOW64) AppleWebKit/537.36 (KHTML, like Gecko) Chrome/37.0.2062.124 Safari/537.36"
87.223.138.212 - - [29/Sep/2014:08:45:48 +0000] "POST /event HTTP/1.1" 200 38 "http://www.ucatx.cat/courses/UPF/C01/2014/courseware/bc7904dd4a2d4876b295a77fcbae2c2f/bfbf14092adc44458b8166af8d08fab2/" "Mozilla/5.0 (Windows NT 6.1; WOW64) AppleWebKit/537.36 (KHTML, like Gecko) Chrome/37.0.2062.124 Safari/537.36"
87.223.138.212 - - [29/Sep/2014:08:45:53 +0000] "POST /event HTTP/1.1" 200 38 "http://www.ucatx.cat/courses/UPF/C01/2014/courseware/bc7904dd4a2d4876b295a77fcbae2c2f/bfbf14092adc44458b8166af8d08fab2/" "Mozilla/5.0 (Windows NT 6.1; WOW64) AppleWebKit/537.36 (KHTML, like Gecko) Chrome/37.0.2062.124 Safari/537.36"
87.223.138.212 - - [29/Sep/2014:08:45:53 +0000] "POST /courses/UPF/C01/2014/xblock/i4x:;_;_UPF;_C01;_video;_1d55a6faf1d54a5a991d286c1b914df0/handler/xmodule_handler/save_user_state HTTP/1.1" 200 17 "http://www.ucatx.cat/courses/UPF/C01/2014/courseware/bc7904dd4a2d4876b295a77fcbae2c2f/bfbf14092adc44458b8166af8d08fab2/" "Mozilla/5.0 (Windows NT 6.1; WOW64) AppleWebKit/537.36 (KHTML, like Gecko) Chrome/37.0.2062.124 Safari/537.36"
87.223.138.212 - - [29/Sep/2014:08:46:29 +0000] "POST /event HTTP/1.1" 200 38 "http://www.ucatx.cat/courses/UPF/C01/2014/courseware/bc7904dd4a2d4876b295a77fcbae2c2f/bfbf14092adc44458b8166af8d08fab2/" "Mozilla/5.0 (Windows NT 6.1; WOW64) AppleWebKit/537.36 (KHTML, like Gecko) Chrome/37.0.2062.124 Safari/537.36"
87.223.138.212 - - [29/Sep/2014:08:46:58 +0000] "POST /event HTTP/1.1" 200 38 "http://www.ucatx.cat/courses/UPF/C01/2014/courseware/bc7904dd4a2d4876b295a77fcbae2c2f/bfbf14092adc44458b8166af8d08fab2/" "Mozilla/5.0 (Windows NT 6.1; WOW64) AppleWebKit/537.36 (KHTML, like Gecko) Chrome/37.0.2062.124 Safari/537.36"
87.223.138.212 - - [29/Sep/2014:08:46:58 +0000] "POST /courses/UPF/C01/2014/xblock/i4x:;_;_UPF;_C01;_video;_1d55a6faf1d54a5a991d286c1b914df0/handler/xmodule_handler/save_user_state HTTP/1.1" 200 17 "http://www.ucatx.cat/courses/UPF/C01/2014/courseware/bc7904dd4a2d4876b295a77fcbae2c2f/bfbf14092adc44458b8166af8d08fab2/" "Mozilla/5.0 (Windows NT 6.1; WOW64) AppleWebKit/537.36 (KHTML, like Gecko) Chrome/37.0.2062.124 Safari/537.36"
193.145.50.149 - - [29/Sep/2014:08:46:59 +0000] "GET / HTTP/1.1" 200 14212 "-" "check_http/v1.4.16 (nagios-plugins 1.4.16)"
87.223.138.212 - - [29/Sep/2014:08:47:32 +0000] "POST /event HTTP/1.1" 200 38 "http://www.ucatx.cat/courses/UPF/C01/2014/courseware/bc7904dd4a2d4876b295a77fcbae2c2f/bfbf14092adc44458b8166af8d08fab2/" "Mozilla/5.0 (Windows NT 6.1; WOW64) AppleWebKit/537.36 (KHTML, like Gecko) Chrome/37.0.2062.124 Safari/537.36"
87.223.138.212 - - [29/Sep/2014:08:47:36 +0000] "POST /event HTTP/1.1" 200 38 "http://www.ucatx.cat/courses/UPF/C01/2014/courseware/bc7904dd4a2d4876b295a77fcbae2c2f/bfbf14092adc44458b8166af8d08fab2/" "Mozilla/5.0 (Windows NT 6.1; WOW64) AppleWebKit/537.36 (KHTML, like Gecko) Chrome/37.0.2062.124 Safari/537.36"
87.223.138.212 - - [29/Sep/2014:08:47:36 +0000] "POST /courses/UPF/C01/2014/xblock/i4x:;_;_UPF;_C01;_sequential;_bfbf14092adc44458b8166af8d08fab2/handler/xmodule_handler/goto_position HTTP/1.1" 200 17 "http://www.ucatx.cat/courses/UPF/C01/2014/courseware/bc7904dd4a2d4876b295a77fcbae2c2f/bfbf14092adc44458b8166af8d08fab2/" "Mozilla/5.0 (Windows NT 6.1; WOW64) AppleWebKit/537.36 (KHTML, like Gecko) Chrome/37.0.2062.124 Safari/537.36"
87.223.138.212 - - [29/Sep/2014:08:47:37 +0000] "POST /event HTTP/1.1" 200 38 "http://www.ucatx.cat/courses/UPF/C01/2014/courseware/bc7904dd4a2d4876b295a77fcbae2c2f/bfbf14092adc44458b8166af8d08fab2/" "Mozilla/5.0 (Windows NT 6.1; WOW64) AppleWebKit/537.36 (KHTML, like Gecko) Chrome/37.0.2062.124 Safari/537.36"
87.223.138.212 - - [29/Sep/2014:08:47:37 +0000] "GET /static/images/sequence-nav/video-icon-visited.b4ad47f7cf7e.png HTTP/1.1" 200 112 "http://www.ucatx.cat/static/css/lms-style-course.1ad8a42fd647.css" "Mozilla/5.0 (Windows NT 6.1; WOW64) AppleWebKit/537.36 (KHTML, like Gecko) Chrome/37.0.2062.124 Safari/537.36"
87.223.138.212 - - [29/Sep/2014:08:47:37 +0000] "POST /courses/UPF/C01/2014/xblock/i4x:;_;_UPF;_C01;_video;_1d55a6faf1d54a5a991d286c1b914df0/handler/xmodule_handler/save_user_state HTTP/1.1" 200 17 "http://www.ucatx.cat/courses/UPF/C01/2014/courseware/bc7904dd4a2d4876b295a77fcbae2c2f/bfbf14092adc44458b8166af8d08fab2/" "Mozilla/5.0 (Windows NT 6.1; WOW64) AppleWebKit/537.36 (KHTML, like Gecko) Chrome/37.0.2062.124 Safari/537.36"
87.223.138.212 - - [29/Sep/2014:08:47:37 +0000] "GET /courses/UPF/C01/2014/xblock/i4x:;_;_UPF;_C01;_video;_b5e544c8244642ff8d03cadc42eef70f/handler/transcript/translation/en?videoId=GCzf03XhiYE HTTP/1.1" 404 0 "http://www.ucatx.cat/courses/UPF/C01/2014/courseware/bc7904dd4a2d4876b295a77fcbae2c2f/bfbf14092adc44458b8166af8d08fab2/" "Mozilla/5.0 (Windows NT 6.1; WOW64) AppleWebKit/537.36 (KHTML, like Gecko) Chrome/37.0.2062.124 Safari/537.36"
87.223.138.212 - - [29/Sep/2014:08:47:37 +0000] "POST /event HTTP/1.1" 200 38 "http://www.ucatx.cat/courses/UPF/C01/2014/courseware/bc7904dd4a2d4876b295a77fcbae2c2f/bfbf14092adc44458b8166af8d08fab2/" "Mozilla/5.0 (Windows NT 6.1; WOW64) AppleWebKit/537.36 (KHTML, like Gecko) Chrome/37.0.2062.124 Safari/537.36"
87.223.138.212 - - [29/Sep/2014:08:47:38 +0000] "POST /event HTTP/1.1" 200 38 "http://www.ucatx.cat/courses/UPF/C01/2014/courseware/bc7904dd4a2d4876b295a77fcbae2c2f/bfbf14092adc44458b8166af8d08fab2/" "Mozilla/5.0 (Windows NT 6.1; WOW64) AppleWebKit/537.36 (KHTML, like Gecko) Chrome/37.0.2062.124 Safari/537.36"
87.223.138.212 - - [29/Sep/2014:08:47:41 +0000] "POST /event HTTP/1.1" 200 38 "http://www.ucatx.cat/courses/UPF/C01/2014/courseware/bc7904dd4a2d4876b295a77fcbae2c2f/bfbf14092adc44458b8166af8d08fab2/" "Mozilla/5.0 (Windows NT 6.1; WOW64) AppleWebKit/537.36 (KHTML, like Gecko) Chrome/37.0.2062.124 Safari/537.36"
87.223.138.212 - - [29/Sep/2014:08:47:44 +0000] "POST /event HTTP/1.1" 200 38 "http://www.ucatx.cat/courses/UPF/C01/2014/courseware/bc7904dd4a2d4876b295a77fcbae2c2f/bfbf14092adc44458b8166af8d08fab2/" "Mozilla/5.0 (Windows NT 6.1; WOW64) AppleWebKit/537.36 (KHTML, like Gecko) Chrome/37.0.2062.124 Safari/537.36"
87.223.138.212 - - [29/Sep/2014:08:47:44 +0000] "POST /event HTTP/1.1" 200 38 "http://www.ucatx.cat/courses/UPF/C01/2014/courseware/bc7904dd4a2d4876b295a77fcbae2c2f/bfbf14092adc44458b8166af8d08fab2/" "Mozilla/5.0 (Windows NT 6.1; WOW64) AppleWebKit/537.36 (KHTML, like Gecko) Chrome/37.0.2062.124 Safari/537.36"
87.223.138.212 - - [29/Sep/2014:08:47:45 +0000] "POST /event HTTP/1.1" 200 38 "http://www.ucatx.cat/courses/UPF/C01/2014/courseware/bc7904dd4a2d4876b295a77fcbae2c2f/bfbf14092adc44458b8166af8d08fab2/" "Mozilla/5.0 (Windows NT 6.1; WOW64) AppleWebKit/537.36 (KHTML, like Gecko) Chrome/37.0.2062.124 Safari/537.36"
87.223.138.212 - - [29/Sep/2014:08:47:45 +0000] "POST /event HTTP/1.1" 200 38 "http://www.ucatx.cat/courses/UPF/C01/2014/courseware/bc7904dd4a2d4876b295a77fcbae2c2f/bfbf14092adc44458b8166af8d08fab2/" "Mozilla/5.0 (Windows NT 6.1; WOW64) AppleWebKit/537.36 (KHTML, like Gecko) Chrome/37.0.2062.124 Safari/537.36"
87.223.138.212 - - [29/Sep/2014:08:47:46 +0000] "-" 400 0 "-" "-"
87.223.138.212 - - [29/Sep/2014:08:48:05 +0000] "POST /event HTTP/1.1" 200 38 "http://www.ucatx.cat/courses/UPF/C01/2014/courseware/bc7904dd4a2d4876b295a77fcbae2c2f/bfbf14092adc44458b8166af8d08fab2/" "Mozilla/5.0 (Windows NT 6.1; WOW64) AppleWebKit/537.36 (KHTML, like Gecko) Chrome/37.0.2062.124 Safari/537.36"
87.223.138.212 - - [29/Sep/2014:08:48:05 +0000] "POST /courses/UPF/C01/2014/xblock/i4x:;_;_UPF;_C01;_video;_b5e544c8244642ff8d03cadc42eef70f/handler/xmodule_handler/save_user_state HTTP/1.1" 200 17 "http://www.ucatx.cat/courses/UPF/C01/2014/courseware/bc7904dd4a2d4876b295a77fcbae2c2f/bfbf14092adc44458b8166af8d08fab2/" "Mozilla/5.0 (Windows NT 6.1; WOW64) AppleWebKit/537.36 (KHTML, like Gecko) Chrome/37.0.2062.124 Safari/537.36"
87.223.138.212 - - [29/Sep/2014:08:48:31 +0000] "POST /event HTTP/1.1" 200 38 "http://www.ucatx.cat/courses/UPF/C01/2014/courseware/bc7904dd4a2d4876b295a77fcbae2c2f/bfbf14092adc44458b8166af8d08fab2/" "Mozilla/5.0 (Windows NT 6.1; WOW64) AppleWebKit/537.36 (KHTML, like Gecko) Chrome/37.0.2062.124 Safari/537.36"
87.223.138.212 - - [29/Sep/2014:08:48:53 +0000] "POST /event HTTP/1.1" 200 38 "http://www.ucatx.cat/courses/UPF/C01/2014/courseware/bc7904dd4a2d4876b295a77fcbae2c2f/bfbf14092adc44458b8166af8d08fab2/" "Mozilla/5.0 (Windows NT 6.1; WOW64) AppleWebKit/537.36 (KHTML, like Gecko) Chrome/37.0.2062.124 Safari/537.36"
87.223.138.212 - - [29/Sep/2014:08:48:53 +0000] "POST /courses/UPF/C01/2014/xblock/i4x:;_;_UPF;_C01;_video;_b5e544c8244642ff8d03cadc42eef70f/handler/xmodule_handler/save_user_state HTTP/1.1" 200 17 "http://www.ucatx.cat/courses/UPF/C01/2014/courseware/bc7904dd4a2d4876b295a77fcbae2c2f/bfbf14092adc44458b8166af8d08fab2/" "Mozilla/5.0 (Windows NT 6.1; WOW64) AppleWebKit/537.36 (KHTML, like Gecko) Chrome/37.0.2062.124 Safari/537.36"
87.223.138.212 - - [29/Sep/2014:08:49:11 +0000] "POST /event HTTP/1.1" 200 38 "http://www.ucatx.cat/courses/UPF/C01/2014/courseware/bc7904dd4a2d4876b295a77fcbae2c2f/bfbf14092adc44458b8166af8d08fab2/" "Mozilla/5.0 (Windows NT 6.1; WOW64) AppleWebKit/537.36 (KHTML, like Gecko) Chrome/37.0.2062.124 Safari/537.36"
87.223.138.212 - - [29/Sep/2014:08:49:19 +0000] "POST /event HTTP/1.1" 200 38 "http://www.ucatx.cat/courses/UPF/C01/2014/courseware/bc7904dd4a2d4876b295a77fcbae2c2f/bfbf14092adc44458b8166af8d08fab2/" "Mozilla/5.0 (Windows NT 6.1; WOW64) AppleWebKit/537.36 (KHTML, like Gecko) Chrome/37.0.2062.124 Safari/537.36"
87.223.138.212 - - [29/Sep/2014:08:49:19 +0000] "POST /event HTTP/1.1" 200 38 "http://www.ucatx.cat/courses/UPF/C01/2014/courseware/bc7904dd4a2d4876b295a77fcbae2c2f/bfbf14092adc44458b8166af8d08fab2/" "Mozilla/5.0 (Windows NT 6.1; WOW64) AppleWebKit/537.36 (KHTML, like Gecko) Chrome/37.0.2062.124 Safari/537.36"
87.223.138.212 - - [29/Sep/2014:08:49:20 +0000] "POST /event HTTP/1.1" 200 38 "http://www.ucatx.cat/courses/UPF/C01/2014/courseware/bc7904dd4a2d4876b295a77fcbae2c2f/bfbf14092adc44458b8166af8d08fab2/" "Mozilla/5.0 (Windows NT 6.1; WOW64) AppleWebKit/537.36 (KHTML, like Gecko) Chrome/37.0.2062.124 Safari/537.36"
87.223.138.212 - - [29/Sep/2014:08:49:20 +0000] "POST /event HTTP/1.1" 200 38 "http://www.ucatx.cat/courses/UPF/C01/2014/courseware/bc7904dd4a2d4876b295a77fcbae2c2f/bfbf14092adc44458b8166af8d08fab2/" "Mozilla/5.0 (Windows NT 6.1; WOW64) AppleWebKit/537.36 (KHTML, like Gecko) Chrome/37.0.2062.124 Safari/537.36"
87.223.138.212 - - [29/Sep/2014:08:49:26 +0000] "POST /event HTTP/1.1" 200 38 "http://www.ucatx.cat/courses/UPF/C01/2014/courseware/bc7904dd4a2d4876b295a77fcbae2c2f/bfbf14092adc44458b8166af8d08fab2/" "Mozilla/5.0 (Windows NT 6.1; WOW64) AppleWebKit/537.36 (KHTML, like Gecko) Chrome/37.0.2062.124 Safari/537.36"
87.223.138.212 - - [29/Sep/2014:08:49:26 +0000] "POST /event HTTP/1.1" 200 38 "http://www.ucatx.cat/courses/UPF/C01/2014/courseware/bc7904dd4a2d4876b295a77fcbae2c2f/bfbf14092adc44458b8166af8d08fab2/" "Mozilla/5.0 (Windows NT 6.1; WOW64) AppleWebKit/537.36 (KHTML, like Gecko) Chrome/37.0.2062.124 Safari/537.36"
87.223.138.212 - - [29/Sep/2014:08:49:29 +0000] "POST /event HTTP/1.1" 200 38 "http://www.ucatx.cat/courses/UPF/C01/2014/courseware/bc7904dd4a2d4876b295a77fcbae2c2f/bfbf14092adc44458b8166af8d08fab2/" "Mozilla/5.0 (Windows NT 6.1; WOW64) AppleWebKit/537.36 (KHTML, like Gecko) Chrome/37.0.2062.124 Safari/537.36"
87.223.138.212 - - [29/Sep/2014:08:49:29 +0000] "POST /courses/UPF/C01/2014/xblock/i4x:;_;_UPF;_C01;_video;_b5e544c8244642ff8d03cadc42eef70f/handler/xmodule_handler/save_user_state HTTP/1.1" 200 17 "http://www.ucatx.cat/courses/UPF/C01/2014/courseware/bc7904dd4a2d4876b295a77fcbae2c2f/bfbf14092adc44458b8166af8d08fab2/" "Mozilla/5.0 (Windows NT 6.1; WOW64) AppleWebKit/537.36 (KHTML, like Gecko) Chrome/37.0.2062.124 Safari/537.36"
87.223.138.212 - - [29/Sep/2014:08:49:43 +0000] "POST /event HTTP/1.1" 200 38 "http://www.ucatx.cat/courses/UPF/C01/2014/courseware/bc7904dd4a2d4876b295a77fcbae2c2f/bfbf14092adc44458b8166af8d08fab2/" "Mozilla/5.0 (Windows NT 6.1; WOW64) AppleWebKit/537.36 (KHTML, like Gecko) Chrome/37.0.2062.124 Safari/537.36"
83.43.173.161 - - [29/Sep/2014:08:49:51 +0000] "GET / HTTP/1.1" 200 4158 "-" "Mozilla/5.0 (Windows NT 6.3; WOW64) AppleWebKit/537.36 (KHTML, like Gecko) Chrome/37.0.2062.124 Safari/537.36"
83.43.173.161 - - [29/Sep/2014:08:49:51 +0000] "GET /c4x/ABC/C03/asset/images_course_image.jpg HTTP/1.1" 404 31 "http://www.ucatx.cat/" "Mozilla/5.0 (Windows NT 6.3; WOW64) AppleWebKit/537.36 (KHTML, like Gecko) Chrome/37.0.2062.124 Safari/537.36"
83.43.173.161 - - [29/Sep/2014:08:49:52 +0000] "GET /c4x/UAB/E01/asset/coursera_precalc.jpg HTTP/1.1" 200 55418 "http://www.ucatx.cat/" "Mozilla/5.0 (Windows NT 6.3; WOW64) AppleWebKit/537.36 (KHTML, like Gecko) Chrome/37.0.2062.124 Safari/537.36"
83.43.173.161 - - [29/Sep/2014:08:49:52 +0000] "GET /jsi18n/ HTTP/1.1" 200 787 "http://www.ucatx.cat/" "Mozilla/5.0 (Windows NT 6.3; WOW64) AppleWebKit/537.36 (KHTML, like Gecko) Chrome/37.0.2062.124 Safari/537.36"
83.43.173.161 - - [29/Sep/2014:08:49:52 +0000] "GET /c4x/ABC/C02/asset/images_course_image.jpg HTTP/1.1" 404 31 "http://www.ucatx.cat/" "Mozilla/5.0 (Windows NT 6.3; WOW64) AppleWebKit/537.36 (KHTML, like Gecko) Chrome/37.0.2062.124 Safari/537.36"
83.43.173.161 - - [29/Sep/2014:08:49:54 +0000] "GET /c4x/edX/Open_DemoX/asset/images_course_image.jpg HTTP/1.1" 200 9303 "http://www.ucatx.cat/" "Mozilla/5.0 (Windows NT 6.3; WOW64) AppleWebKit/537.36 (KHTML, like Gecko) Chrome/37.0.2062.124 Safari/537.36"
83.43.173.161 - - [29/Sep/2014:08:49:55 +0000] "GET / HTTP/1.1" 499 0 "-" "Mozilla/5.0 (Windows NT 6.3; WOW64) AppleWebKit/537.36 (KHTML, like Gecko) Chrome/37.0.2062.124 Safari/537.36"
83.43.173.161 - - [29/Sep/2014:08:49:58 +0000] "GET / HTTP/1.1" 200 5464 "-" "Mozilla/5.0 (Windows NT 6.3; WOW64) AppleWebKit/537.36 (KHTML, like Gecko) Chrome/37.0.2062.124 Safari/537.36"
83.43.173.161 - - [29/Sep/2014:08:50:00 +0000] "GET /c4x/ABC/C02/asset/images_course_image.jpg HTTP/1.1" 404 31 "http://www.ucatx.cat/" "Mozilla/5.0 (Windows NT 6.3; WOW64) AppleWebKit/537.36 (KHTML, like Gecko) Chrome/37.0.2062.124 Safari/537.36"
83.43.173.161 - - [29/Sep/2014:08:50:00 +0000] "GET /c4x/ABC/C03/asset/images_course_image.jpg HTTP/1.1" 404 31 "http://www.ucatx.cat/" "Mozilla/5.0 (Windows NT 6.3; WOW64) AppleWebKit/537.36 (KHTML, like Gecko) Chrome/37.0.2062.124 Safari/537.36"
87.223.138.212 - - [29/Sep/2014:08:50:01 +0000] "POST /event HTTP/1.1" 200 38 "http://www.ucatx.cat/courses/UPF/C01/2014/courseware/bc7904dd4a2d4876b295a77fcbae2c2f/bfbf14092adc44458b8166af8d08fab2/" "Mozilla/5.0 (Windows NT 6.1; WOW64) AppleWebKit/537.36 (KHTML, like Gecko) Chrome/37.0.2062.124 Safari/537.36"
87.223.138.212 - - [29/Sep/2014:08:50:01 +0000] "POST /courses/UPF/C01/2014/xblock/i4x:;_;_UPF;_C01;_video;_b5e544c8244642ff8d03cadc42eef70f/handler/xmodule_handler/save_user_state HTTP/1.1" 200 17 "http://www.ucatx.cat/courses/UPF/C01/2014/courseware/bc7904dd4a2d4876b295a77fcbae2c2f/bfbf14092adc44458b8166af8d08fab2/" "Mozilla/5.0 (Windows NT 6.1; WOW64) AppleWebKit/537.36 (KHTML, like Gecko) Chrome/37.0.2062.124 Safari/537.36"
87.223.138.212 - - [29/Sep/2014:08:50:01 +0000] "POST /event HTTP/1.1" 200 38 "http://www.ucatx.cat/courses/UPF/C01/2014/courseware/bc7904dd4a2d4876b295a77fcbae2c2f/bfbf14092adc44458b8166af8d08fab2/" "Mozilla/5.0 (Windows NT 6.1; WOW64) AppleWebKit/537.36 (KHTML, like Gecko) Chrome/37.0.2062.124 Safari/537.36"
83.43.173.161 - - [29/Sep/2014:08:50:01 +0000] "GET /static/5f11aa9/js/vendor/jquery.min.js HTTP/1.1" 304 0 "http://studio.ucatx.cat/" "Mozilla/5.0 (Windows NT 6.3; WOW64) AppleWebKit/537.36 (KHTML, like Gecko) Chrome/37.0.2062.124 Safari/537.36"
83.43.173.161 - - [29/Sep/2014:08:50:01 +0000] "GET /favicon.ico HTTP/1.1" 304 0 "-" "Mozilla/5.0 (Windows NT 6.3; WOW64) AppleWebKit/537.36 (KHTML, like Gecko) Chrome/37.0.2062.124 Safari/537.36"
83.43.173.161 - - [29/Sep/2014:08:50:01 +0000] "GET /c4x/UPF/C01/asset/logoMOOC.png HTTP/1.1" 200 24745 "http://www.ucatx.cat/" "Mozilla/5.0 (Windows NT 6.3; WOW64) AppleWebKit/537.36 (KHTML, like Gecko) Chrome/37.0.2062.124 Safari/537.36"
83.43.173.161 - - [29/Sep/2014:08:50:02 +0000] "GET /i18n.js HTTP/1.1" 200 749 "http://studio.ucatx.cat/" "Mozilla/5.0 (Windows NT 6.3; WOW64) AppleWebKit/537.36 (KHTML, like Gecko) Chrome/37.0.2062.124 Safari/537.36"
87.223.138.212 - - [29/Sep/2014:08:50:03 +0000] "POST /event HTTP/1.1" 200 38 "http://www.ucatx.cat/courses/UPF/C01/2014/courseware/bc7904dd4a2d4876b295a77fcbae2c2f/bfbf14092adc44458b8166af8d08fab2/" "Mozilla/5.0 (Windows NT 6.1; WOW64) AppleWebKit/537.36 (KHTML, like Gecko) Chrome/37.0.2062.124 Safari/537.36"
87.223.138.212 - - [29/Sep/2014:08:50:03 +0000] "POST /courses/UPF/C01/2014/xblock/i4x:;_;_UPF;_C01;_video;_b5e544c8244642ff8d03cadc42eef70f/handler/xmodule_handler/save_user_state HTTP/1.1" 200 17 "http://www.ucatx.cat/courses/UPF/C01/2014/courseware/bc7904dd4a2d4876b295a77fcbae2c2f/bfbf14092adc44458b8166af8d08fab2/" "Mozilla/5.0 (Windows NT 6.1; WOW64) AppleWebKit/537.36 (KHTML, like Gecko) Chrome/37.0.2062.124 Safari/537.36"
87.223.138.212 - - [29/Sep/2014:08:50:03 +0000] "POST /courses/UPF/C01/2014/xblock/i4x:;_;_UPF;_C01;_sequential;_bfbf14092adc44458b8166af8d08fab2/handler/xmodule_handler/goto_position HTTP/1.1" 200 17 "http://www.ucatx.cat/courses/UPF/C01/2014/courseware/bc7904dd4a2d4876b295a77fcbae2c2f/bfbf14092adc44458b8166af8d08fab2/" "Mozilla/5.0 (Windows NT 6.1; WOW64) AppleWebKit/537.36 (KHTML, like Gecko) Chrome/37.0.2062.124 Safari/537.36"
87.223.138.212 - - [29/Sep/2014:08:50:03 +0000] "POST /event HTTP/1.1" 200 38 "http://www.ucatx.cat/courses/UPF/C01/2014/courseware/bc7904dd4a2d4876b295a77fcbae2c2f/bfbf14092adc44458b8166af8d08fab2/" "Mozilla/5.0 (Windows NT 6.1; WOW64) AppleWebKit/537.36 (KHTML, like Gecko) Chrome/37.0.2062.124 Safari/537.36"
87.223.138.212 - - [29/Sep/2014:08:50:03 +0000] "GET /courses/UPF/C01/2014/xblock/i4x:;_;_UPF;_C01;_video;_94b9f626c487468d8acd0be35a00df50/handler/transcript/translation/en?videoId=mp_PKrHR6B8 HTTP/1.1" 404 0 "http://www.ucatx.cat/courses/UPF/C01/2014/courseware/bc7904dd4a2d4876b295a77fcbae2c2f/bfbf14092adc44458b8166af8d08fab2/" "Mozilla/5.0 (Windows NT 6.1; WOW64) AppleWebKit/537.36 (KHTML, like Gecko) Chrome/37.0.2062.124 Safari/537.36"
87.223.138.212 - - [29/Sep/2014:08:50:03 +0000] "POST /event HTTP/1.1" 200 38 "http://www.ucatx.cat/courses/UPF/C01/2014/courseware/bc7904dd4a2d4876b295a77fcbae2c2f/bfbf14092adc44458b8166af8d08fab2/" "Mozilla/5.0 (Windows NT 6.1; WOW64) AppleWebKit/537.36 (KHTML, like Gecko) Chrome/37.0.2062.124 Safari/537.36"
83.43.173.161 - - [29/Sep/2014:08:50:03 +0000] "GET /static/5f11aa9/js/base.js HTTP/1.1" 304 0 "http://studio.ucatx.cat/" "Mozilla/5.0 (Windows NT 6.3; WOW64) AppleWebKit/537.36 (KHTML, like Gecko) Chrome/37.0.2062.124 Safari/537.36"
83.43.173.161 - - [29/Sep/2014:08:50:03 +0000] "GET /static/5f11aa9/js/src/accessibility_tools.js HTTP/1.1" 304 0 "http://studio.ucatx.cat/" "Mozilla/5.0 (Windows NT 6.3; WOW64) AppleWebKit/537.36 (KHTML, like Gecko) Chrome/37.0.2062.124 Safari/537.36"
87.223.138.212 - - [29/Sep/2014:08:50:03 +0000] "POST /event HTTP/1.1" 200 38 "http://www.ucatx.cat/courses/UPF/C01/2014/courseware/bc7904dd4a2d4876b295a77fcbae2c2f/bfbf14092adc44458b8166af8d08fab2/" "Mozilla/5.0 (Windows NT 6.1; WOW64) AppleWebKit/537.36 (KHTML, like Gecko) Chrome/37.0.2062.124 Safari/537.36"
83.43.173.161 - - [29/Sep/2014:08:50:04 +0000] "GET /static/5f11aa9/coffee/src/ajax_prefix.js HTTP/1.1" 304 0 "http://studio.ucatx.cat/" "Mozilla/5.0 (Windows NT 6.3; WOW64) AppleWebKit/537.36 (KHTML, like Gecko) Chrome/37.0.2062.124 Safari/537.36"
83.43.173.161 - - [29/Sep/2014:08:50:04 +0000] "GET /static/5f11aa9/js/vendor/timepicker/jquery.timepicker.js HTTP/1.1" 304 0 "http://studio.ucatx.cat/" "Mozilla/5.0 (Windows NT 6.3; WOW64) AppleWebKit/537.36 (KHTML, like Gecko) Chrome/37.0.2062.124 Safari/537.36"
83.43.173.161 - - [29/Sep/2014:08:50:04 +0000] "GET /static/5f11aa9/js/vendor/domReady.js HTTP/1.1" 304 0 "http://studio.ucatx.cat/" "Mozilla/5.0 (Windows NT 6.3; WOW64) AppleWebKit/537.36 (KHTML, like Gecko) Chrome/37.0.2062.124 Safari/537.36"
83.43.173.161 - - [29/Sep/2014:08:50:04 +0000] "GET /static/5f11aa9/js/views/feedback_notification.js HTTP/1.1" 304 0 "http://studio.ucatx.cat/" "Mozilla/5.0 (Windows NT 6.3; WOW64) AppleWebKit/537.36 (KHTML, like Gecko) Chrome/37.0.2062.124 Safari/537.36"
83.43.173.161 - - [29/Sep/2014:08:50:05 +0000] "GET /static/5f11aa9/js/utils/handle_iframe_binding.js HTTP/1.1" 304 0 "http://studio.ucatx.cat/" "Mozilla/5.0 (Windows NT 6.3; WOW64) AppleWebKit/537.36 (KHTML, like Gecko) Chrome/37.0.2062.124 Safari/537.36"
83.43.173.161 - - [29/Sep/2014:08:50:05 +0000] "GET /static/5f11aa9/js/utils/change_on_enter.js HTTP/1.1" 304 0 "http://studio.ucatx.cat/" "Mozilla/5.0 (Windows NT 6.3; WOW64) AppleWebKit/537.36 (KHTML, like Gecko) Chrome/37.0.2062.124 Safari/537.36"
83.43.173.161 - - [29/Sep/2014:08:50:05 +0000] "GET /static/5f11aa9/js/vendor/jquery.leanModal.min.js HTTP/1.1" 304 0 "http://studio.ucatx.cat/" "Mozilla/5.0 (Windows NT 6.3; WOW64) AppleWebKit/537.36 (KHTML, like Gecko) Chrome/37.0.2062.124 Safari/537.36"
83.43.173.161 - - [29/Sep/2014:08:50:05 +0000] "GET /static/5f11aa9/coffee/src/main.js HTTP/1.1" 304 0 "http://studio.ucatx.cat/" "Mozilla/5.0 (Windows NT 6.3; WOW64) AppleWebKit/537.36 (KHTML, like Gecko) Chrome/37.0.2062.124 Safari/537.36"
83.43.173.161 - - [29/Sep/2014:08:50:05 +0000] "GET /static/5f11aa9/coffee/src/logger.js HTTP/1.1" 304 0 "http://studio.ucatx.cat/" "Mozilla/5.0 (Windows NT 6.3; WOW64) AppleWebKit/537.36 (KHTML, like Gecko) Chrome/37.0.2062.124 Safari/537.36"
83.43.173.161 - - [29/Sep/2014:08:50:05 +0000] "GET /static/5f11aa9/js/vendor/underscore.string.min.js HTTP/1.1" 304 0 "http://studio.ucatx.cat/" "Mozilla/5.0 (Windows NT 6.3; WOW64) AppleWebKit/537.36 (KHTML, like Gecko) Chrome/37.0.2062.124 Safari/537.36"
83.43.173.161 - - [29/Sep/2014:08:50:05 +0000] "GET /static/5f11aa9/js/views/feedback_prompt.js HTTP/1.1" 304 0 "http://studio.ucatx.cat/" "Mozilla/5.0 (Windows NT 6.3; WOW64) AppleWebKit/537.36 (KHTML, like Gecko) Chrome/37.0.2062.124 Safari/537.36"
83.43.173.161 - - [29/Sep/2014:08:50:05 +0000] "GET /static/5f11aa9/js/views/feedback.js HTTP/1.1" 304 0 "http://studio.ucatx.cat/" "Mozilla/5.0 (Windows NT 6.3; WOW64) AppleWebKit/537.36 (KHTML, like Gecko) Chrome/37.0.2062.124 Safari/537.36"
83.43.173.161 - - [29/Sep/2014:08:50:05 +0000] "GET /static/5f11aa9/js/utils/get_date.js HTTP/1.1" 304 0 "http://studio.ucatx.cat/" "Mozilla/5.0 (Windows NT 6.3; WOW64) AppleWebKit/537.36 (KHTML, like Gecko) Chrome/37.0.2062.124 Safari/537.36"
83.43.173.161 - - [29/Sep/2014:08:50:05 +0000] "GET /static/5f11aa9/js/vendor/jquery-ui.min.js HTTP/1.1" 304 0 "http://studio.ucatx.cat/" "Mozilla/5.0 (Windows NT 6.3; WOW64) AppleWebKit/537.36 (KHTML, like Gecko) Chrome/37.0.2062.124 Safari/537.36"
83.43.173.161 - - [29/Sep/2014:08:50:05 +0000] "GET /static/5f11aa9/js/vendor/underscore-min.js HTTP/1.1" 304 0 "http://studio.ucatx.cat/" "Mozilla/5.0 (Windows NT 6.3; WOW64) AppleWebKit/537.36 (KHTML, like Gecko) Chrome/37.0.2062.124 Safari/537.36"
83.43.173.161 - - [29/Sep/2014:08:50:05 +0000] "GET /static/5f11aa9/js/vendor/jquery.form.js HTTP/1.1" 304 0 "http://studio.ucatx.cat/" "Mozilla/5.0 (Windows NT 6.3; WOW64) AppleWebKit/537.36 (KHTML, like Gecko) Chrome/37.0.2062.124 Safari/537.36"
83.43.173.161 - - [29/Sep/2014:08:50:05 +0000] "GET /static/5f11aa9/js/vendor/jquery.smooth-scroll.min.js HTTP/1.1" 304 0 "http://studio.ucatx.cat/" "Mozilla/5.0 (Windows NT 6.3; WOW64) AppleWebKit/537.36 (KHTML, like Gecko) Chrome/37.0.2062.124 Safari/537.36"
83.43.173.161 - - [29/Sep/2014:08:50:05 +0000] "GET /static/5f11aa9/js/utils/module.js HTTP/1.1" 304 0 "http://studio.ucatx.cat/" "Mozilla/5.0 (Windows NT 6.3; WOW64) AppleWebKit/537.36 (KHTML, like Gecko) Chrome/37.0.2062.124 Safari/537.36"
83.43.173.161 - - [29/Sep/2014:08:50:05 +0000] "GET /static/5f11aa9/js/vendor/jquery.cookie.js HTTP/1.1" 304 0 "http://studio.ucatx.cat/" "Mozilla/5.0 (Windows NT 6.3; WOW64) AppleWebKit/537.36 (KHTML, like Gecko) Chrome/37.0.2062.124 Safari/537.36"
83.43.173.161 - - [29/Sep/2014:08:50:05 +0000] "GET /static/5f11aa9/js/utils/templates.js HTTP/1.1" 304 0 "http://studio.ucatx.cat/" "Mozilla/5.0 (Windows NT 6.3; WOW64) AppleWebKit/537.36 (KHTML, like Gecko) Chrome/37.0.2062.124 Safari/537.36"
83.43.173.161 - - [29/Sep/2014:08:50:05 +0000] "GET /static/5f11aa9/js/vendor/backbone-min.js HTTP/1.1" 304 0 "http://studio.ucatx.cat/" "Mozilla/5.0 (Windows NT 6.3; WOW64) AppleWebKit/537.36 (KHTML, like Gecko) Chrome/37.0.2062.124 Safari/537.36"
83.43.173.161 - - [29/Sep/2014:08:50:05 +0000] "GET /static/5f11aa9/js/vendor/timepicker/datepair.js HTTP/1.1" 304 0 "http://studio.ucatx.cat/" "Mozilla/5.0 (Windows NT 6.3; WOW64) AppleWebKit/537.36 (KHTML, like Gecko) Chrome/37.0.2062.124 Safari/537.36"
87.223.138.212 - - [29/Sep/2014:08:50:09 +0000] "POST /event HTTP/1.1" 200 38 "http://www.ucatx.cat/courses/UPF/C01/2014/courseware/bc7904dd4a2d4876b295a77fcbae2c2f/bfbf14092adc44458b8166af8d08fab2/" "Mozilla/5.0 (Windows NT 6.1; WOW64) AppleWebKit/537.36 (KHTML, like Gecko) Chrome/37.0.2062.124 Safari/537.36"
87.223.138.212 - - [29/Sep/2014:08:50:13 +0000] "-" 400 0 "-" "-"
87.223.138.212 - - [29/Sep/2014:08:50:16 +0000] "POST /event HTTP/1.1" 200 38 "http://www.ucatx.cat/courses/UPF/C01/2014/courseware/bc7904dd4a2d4876b295a77fcbae2c2f/bfbf14092adc44458b8166af8d08fab2/" "Mozilla/5.0 (Windows NT 6.1; WOW64) AppleWebKit/537.36 (KHTML, like Gecko) Chrome/37.0.2062.124 Safari/537.36"
87.223.138.212 - - [29/Sep/2014:08:50:16 +0000] "POST /courses/UPF/C01/2014/xblock/i4x:;_;_UPF;_C01;_video;_94b9f626c487468d8acd0be35a00df50/handler/xmodule_handler/save_user_state HTTP/1.1" 200 17 "http://www.ucatx.cat/courses/UPF/C01/2014/courseware/bc7904dd4a2d4876b295a77fcbae2c2f/bfbf14092adc44458b8166af8d08fab2/" "Mozilla/5.0 (Windows NT 6.1; WOW64) AppleWebKit/537.36 (KHTML, like Gecko) Chrome/37.0.2062.124 Safari/537.36"
83.43.173.161 - - [29/Sep/2014:08:50:59 +0000] "GET /login HTTP/1.1" 200 5021 "http://www.ucatx.cat/" "Mozilla/5.0 (Windows NT 6.3; WOW64) AppleWebKit/537.36 (KHTML, like Gecko) Chrome/37.0.2062.124 Safari/537.36"
83.43.173.161 - - [29/Sep/2014:08:50:59 +0000] "GET /jsi18n/ HTTP/1.1" 200 787 "http://www.ucatx.cat/login" "Mozilla/5.0 (Windows NT 6.3; WOW64) AppleWebKit/537.36 (KHTML, like Gecko) Chrome/37.0.2062.124 Safari/537.36"
83.43.173.161 - - [29/Sep/2014:08:51:07 +0000] "POST /login_ajax HTTP/1.1" 200 72 "http://www.ucatx.cat/login" "Mozilla/5.0 (Windows NT 6.3; WOW64) AppleWebKit/537.36 (KHTML, like Gecko) Chrome/37.0.2062.124 Safari/537.36"
83.43.173.161 - - [29/Sep/2014:08:51:08 +0000] "GET /dashboard HTTP/1.1" 200 6148 "http://www.ucatx.cat/login" "Mozilla/5.0 (Windows NT 6.3; WOW64) AppleWebKit/537.36 (KHTML, like Gecko) Chrome/37.0.2062.124 Safari/537.36"
83.43.173.161 - - [29/Sep/2014:08:51:08 +0000] "GET /jsi18n/ HTTP/1.1" 200 787 "http://www.ucatx.cat/dashboard" "Mozilla/5.0 (Windows NT 6.3; WOW64) AppleWebKit/537.36 (KHTML, like Gecko) Chrome/37.0.2062.124 Safari/537.36"
83.43.173.161 - - [29/Sep/2014:08:51:08 +0000] "GET /c4x/ABC/C02/asset/images_course_image.jpg HTTP/1.1" 404 31 "http://www.ucatx.cat/dashboard" "Mozilla/5.0 (Windows NT 6.3; WOW64) AppleWebKit/537.36 (KHTML, like Gecko) Chrome/37.0.2062.124 Safari/537.36"
83.43.173.161 - - [29/Sep/2014:08:51:08 +0000] "GET /c4x/ABC/C03/asset/images_course_image.jpg HTTP/1.1" 404 31 "http://www.ucatx.cat/dashboard" "Mozilla/5.0 (Windows NT 6.3; WOW64) AppleWebKit/537.36 (KHTML, like Gecko) Chrome/37.0.2062.124 Safari/537.36"
83.43.173.161 - - [29/Sep/2014:08:51:10 +0000] "GET /signin HTTP/1.1" 200 4747 "http://studio.ucatx.cat/" "Mozilla/5.0 (Windows NT 6.3; WOW64) AppleWebKit/537.36 (KHTML, like Gecko) Chrome/37.0.2062.124 Safari/537.36"
83.43.173.161 - - [29/Sep/2014:08:51:10 +0000] "GET /static/5f11aa9/js/vendor/jquery.min.js HTTP/1.1" 304 0 "http://studio.ucatx.cat/signin" "Mozilla/5.0 (Windows NT 6.3; WOW64) AppleWebKit/537.36 (KHTML, like Gecko) Chrome/37.0.2062.124 Safari/537.36"
83.43.173.161 - - [29/Sep/2014:08:51:10 +0000] "GET /static/5f11aa9/js/src/utility.js HTTP/1.1" 304 0 "http://studio.ucatx.cat/signin" "Mozilla/5.0 (Windows NT 6.3; WOW64) AppleWebKit/537.36 (KHTML, like Gecko) Chrome/37.0.2062.124 Safari/537.36"
83.43.173.161 - - [29/Sep/2014:08:51:10 +0000] "GET /i18n.js HTTP/1.1" 200 749 "http://studio.ucatx.cat/signin" "Mozilla/5.0 (Windows NT 6.3; WOW64) AppleWebKit/537.36 (KHTML, like Gecko) Chrome/37.0.2062.124 Safari/537.36"
83.43.173.161 - - [29/Sep/2014:08:51:10 +0000] "GET /static/5f11aa9/js/vendor/jquery.cookie.js HTTP/1.1" 304 0 "http://studio.ucatx.cat/signin" "Mozilla/5.0 (Windows NT 6.3; WOW64) AppleWebKit/537.36 (KHTML, like Gecko) Chrome/37.0.2062.124 Safari/537.36"
83.43.173.161 - - [29/Sep/2014:08:51:11 +0000] "GET /static/5f11aa9/js/base.js HTTP/1.1" 304 0 "http://studio.ucatx.cat/signin" "Mozilla/5.0 (Windows NT 6.3; WOW64) AppleWebKit/537.36 (KHTML, like Gecko) Chrome/37.0.2062.124 Safari/537.36"
83.43.173.161 - - [29/Sep/2014:08:51:11 +0000] "GET /static/5f11aa9/js/src/accessibility_tools.js HTTP/1.1" 304 0 "http://studio.ucatx.cat/signin" "Mozilla/5.0 (Windows NT 6.3; WOW64) AppleWebKit/537.36 (KHTML, like Gecko) Chrome/37.0.2062.124 Safari/537.36"
83.43.173.161 - - [29/Sep/2014:08:51:11 +0000] "GET /static/5f11aa9/coffee/src/ajax_prefix.js HTTP/1.1" 304 0 "http://studio.ucatx.cat/signin" "Mozilla/5.0 (Windows NT 6.3; WOW64) AppleWebKit/537.36 (KHTML, like Gecko) Chrome/37.0.2062.124 Safari/537.36"
83.43.173.161 - - [29/Sep/2014:08:51:11 +0000] "GET /static/5f11aa9/js/vendor/timepicker/jquery.timepicker.js HTTP/1.1" 304 0 "http://studio.ucatx.cat/signin" "Mozilla/5.0 (Windows NT 6.3; WOW64) AppleWebKit/537.36 (KHTML, like Gecko) Chrome/37.0.2062.124 Safari/537.36"
