87.223.138.212 - - [29/Sep/2014:08:13:52 +0000] "GET /static/js/lms-modules.176d70dc1a2b.js HTTP/1.1" 200 206206 "http://www.ucatx.cat/" "Mozilla/5.0 (Windows NT 6.1; WOW64) AppleWebKit/537.36 (KHTML, like Gecko) Chrome/37.0.2062.124 Safari/537.36"
87.223.138.212 - - [29/Sep/2014:08:13:53 +0000] "GET /static/js/lms-main_vendor.5039a6f63db5.js HTTP/1.1" 200 379857 "http://www.ucatx.cat/" "Mozilla/5.0 (Windows NT 6.1; WOW64) AppleWebKit/537.36 (KHTML, like Gecko) Chrome/37.0.2062.124 Safari/537.36"
87.223.138.212 - - [29/Sep/2014:08:13:53 +0000] "GET /c4x/ABC/C02/asset/images_course_image.jpg HTTP/1.1" 404 31 "http://www.ucatx.cat/" "Mozilla/5.0 (Windows NT 6.1; WOW64) AppleWebKit/537.36 (KHTML, like Gecko) Chrome/37.0.2062.124 Safari/537.36"
87.223.138.212 - - [29/Sep/2014:08:13:53 +0000] "GET /c4x/ABC/C03/asset/images_course_image.jpg HTTP/1.1" 404 31 "http://www.ucatx.cat/" "Mozilla/5.0 (Windows NT 6.1; WOW64) AppleWebKit/537.36 (KHTML, like Gecko) Chrome/37.0.2062.124 Safari/537.36"
87.223.138.212 - - [29/Sep/2014:08:13:53 +0000] "GET /static/themes/ucatx/images/sunrise.fbf881ba9d75.jpg HTTP/1.1" 200 211781 "http://www.ucatx.cat/static/css/lms-style-app-extend1.7c0258cac1c4.css" "Mozilla/5.0 (Windows NT 6.1; WOW64) AppleWebKit/537.36 (KHTML, like Gecko) Chrome/37.0.2062.124 Safari/537.36"
87.223.138.212 - - [29/Sep/2014:08:13:54 +0000] "GET /static/themes/ucatx/images/favicon.2686e810db4d.ico HTTP/1.1" 200 4390 "-" "Mozilla/5.0 (Windows NT 6.1; WOW64) AppleWebKit/537.36 (KHTML, like Gecko) Chrome/37.0.2062.124 Safari/537.36"
87.223.138.212 - - [29/Sep/2014:08:13:57 +0000] "GET /courses/UPF/C01/2014/about HTTP/1.1" 200 6794 "https://www.google.es/" "Mozilla/5.0 (Windows NT 6.1; WOW64) AppleWebKit/537.36 (KHTML, like Gecko) Chrome/37.0.2062.124 Safari/537.36"
87.223.138.212 - - [29/Sep/2014:08:13:57 +0000] "GET /jsi18n/ HTTP/1.1" 200 787 "http://www.ucatx.cat/courses/UPF/C01/2014/about" "Mozilla/5.0 (Windows NT 6.1; WOW64) AppleWebKit/537.36 (KHTML, like Gecko) Chrome/37.0.2062.124 Safari/537.36"
87.223.138.212 - - [29/Sep/2014:08:13:57 +0000] "GET /static/js/course_info.40bc0fcfaae1.js HTTP/1.1" 200 193 "http://www.ucatx.cat/courses/UPF/C01/2014/about" "Mozilla/5.0 (Windows NT 6.1; WOW64) AppleWebKit/537.36 (KHTML, like Gecko) Chrome/37.0.2062.124 Safari/537.36"
87.223.138.212 - - [29/Sep/2014:08:13:57 +0000] "GET /c4x/UPF/C01/asset/logoMOOC.png HTTP/1.1" 200 24745 "http://www.ucatx.cat/courses/UPF/C01/2014/about" "Mozilla/5.0 (Windows NT 6.1; WOW64) AppleWebKit/537.36 (KHTML, like Gecko) Chrome/37.0.2062.124 Safari/537.36"
87.223.138.212 - - [29/Sep/2014:08:13:57 +0000] "GET /static/images/social/email-sharing.be14970118ea.png HTTP/1.1" 200 1095 "http://www.ucatx.cat/courses/UPF/C01/2014/about" "Mozilla/5.0 (Windows NT 6.1; WOW64) AppleWebKit/537.36 (KHTML, like Gecko) Chrome/37.0.2062.124 Safari/537.36"
87.223.138.212 - - [29/Sep/2014:08:13:57 +0000] "GET /static/images/social/facebook-sharing.ef6d12f8c0ab.png HTTP/1.1" 200 1085 "http://www.ucatx.cat/courses/UPF/C01/2014/about" "Mozilla/5.0 (Windows NT 6.1; WOW64) AppleWebKit/537.36 (KHTML, like Gecko) Chrome/37.0.2062.124 Safari/537.36"
87.223.138.212 - - [29/Sep/2014:08:13:57 +0000] "GET /static/images/social/twitter-sharing.b637ddbd06cb.png HTTP/1.1" 200 1065 "http://www.ucatx.cat/courses/UPF/C01/2014/about" "Mozilla/5.0 (Windows NT 6.1; WOW64) AppleWebKit/537.36 (KHTML, like Gecko) Chrome/37.0.2062.124 Safari/537.36"
87.223.138.212 - - [29/Sep/2014:08:13:57 +0000] "GET /static/images/portal-icons/course-info-icon.efbf4c8accca.png HTTP/1.1" 200 6988 "http://www.ucatx.cat/static/css/lms-style-app-extend1.7c0258cac1c4.css" "Mozilla/5.0 (Windows NT 6.1; WOW64) AppleWebKit/537.36 (KHTML, like Gecko) Chrome/37.0.2062.124 Safari/537.36"
87.223.138.212 - - [29/Sep/2014:08:13:57 +0000] "GET /static/images/portal-icons/calendar-icon.7efd89b95ce5.png HTTP/1.1" 200 1798 "http://www.ucatx.cat/static/css/lms-style-app-extend1.7c0258cac1c4.css" "Mozilla/5.0 (Windows NT 6.1; WOW64) AppleWebKit/537.36 (KHTML, like Gecko) Chrome/37.0.2062.124 Safari/537.36"
87.223.138.212 - - [29/Sep/2014:08:13:57 +0000] "GET /static/images/portal-icons/pencil-icon.ac041b75a530.png HTTP/1.1" 200 3883 "http://www.ucatx.cat/static/css/lms-style-app-extend1.7c0258cac1c4.css" "Mozilla/5.0 (Windows NT 6.1; WOW64) AppleWebKit/537.36 (KHTML, like Gecko) Chrome/37.0.2062.124 Safari/537.36"
87.223.138.212 - - [29/Sep/2014:08:13:59 +0000] "GET /login HTTP/1.1" 200 5021 "http://www.ucatx.cat/courses/UPF/C01/2014/about" "Mozilla/5.0 (Windows NT 6.1; WOW64) AppleWebKit/537.36 (KHTML, like Gecko) Chrome/37.0.2062.124 Safari/537.36"
87.223.138.212 - - [29/Sep/2014:08:14:00 +0000] "GET /jsi18n/ HTTP/1.1" 200 787 "http://www.ucatx.cat/login" "Mozilla/5.0 (Windows NT 6.1; WOW64) AppleWebKit/537.36 (KHTML, like Gecko) Chrome/37.0.2062.124 Safari/537.36"
87.223.138.212 - - [29/Sep/2014:08:14:07 +0000] "POST /login_ajax HTTP/1.1" 200 72 "http://www.ucatx.cat/login" "Mozilla/5.0 (Windows NT 6.1; WOW64) AppleWebKit/537.36 (KHTML, like Gecko) Chrome/37.0.2062.124 Safari/537.36"
87.223.138.212 - - [29/Sep/2014:08:14:07 +0000] "GET /dashboard HTTP/1.1" 200 5708 "http://www.ucatx.cat/login" "Mozilla/5.0 (Windows NT 6.1; WOW64) AppleWebKit/537.36 (KHTML, like Gecko) Chrome/37.0.2062.124 Safari/537.36"
87.223.138.212 - - [29/Sep/2014:08:14:08 +0000] "GET /jsi18n/ HTTP/1.1" 200 787 "http://www.ucatx.cat/dashboard" "Mozilla/5.0 (Windows NT 6.1; WOW64) AppleWebKit/537.36 (KHTML, like Gecko) Chrome/37.0.2062.124 Safari/537.36"
87.223.138.212 - - [29/Sep/2014:08:14:08 +0000] "GET /static/images/small-header-home-icon.32c08d6ca89e.png HTTP/1.1" 200 1128 "http://www.ucatx.cat/static/css/lms-style-app.97087134ae68.css" "Mozilla/5.0 (Windows NT 6.1; WOW64) AppleWebKit/537.36 (KHTML, like Gecko) Chrome/37.0.2062.124 Safari/537.36"
87.223.138.212 - - [29/Sep/2014:08:14:08 +0000] "GET /static/images/portal-icons/email-icon.7f11ac29be6e.png HTTP/1.1" 200 4152 "http://www.ucatx.cat/static/css/lms-style-app-extend1.7c0258cac1c4.css" "Mozilla/5.0 (Windows NT 6.1; WOW64) AppleWebKit/537.36 (KHTML, like Gecko) Chrome/37.0.2062.124 Safari/537.36"
87.223.138.212 - - [29/Sep/2014:08:14:19 +0000] "GET /courses/UPF/C01/2014/info HTTP/1.1" 200 5963 "http://www.ucatx.cat/dashboard" "Mozilla/5.0 (Windows NT 6.1; WOW64) AppleWebKit/537.36 (KHTML, like Gecko) Chrome/37.0.2062.124 Safari/537.36"
87.223.138.212 - - [29/Sep/2014:08:14:20 +0000] "GET /static/css/lms-style-course-vendor.d65f103108eb.css HTTP/1.1" 200 8518 "http://www.ucatx.cat/courses/UPF/C01/2014/info" "Mozilla/5.0 (Windows NT 6.1; WOW64) AppleWebKit/537.36 (KHTML, like Gecko) Chrome/37.0.2062.124 Safari/537.36"
87.223.138.212 - - [29/Sep/2014:08:14:20 +0000] "GET /jsi18n/ HTTP/1.1" 200 787 "http://www.ucatx.cat/courses/UPF/C01/2014/info" "Mozilla/5.0 (Windows NT 6.1; WOW64) AppleWebKit/537.36 (KHTML, like Gecko) Chrome/37.0.2062.124 Safari/537.36"
87.223.138.212 - - [29/Sep/2014:08:14:20 +0000] "GET /static/css/lms-style-course.1ad8a42fd647.css HTTP/1.1" 200 57226 "http://www.ucatx.cat/courses/UPF/C01/2014/info" "Mozilla/5.0 (Windows NT 6.1; WOW64) AppleWebKit/537.36 (KHTML, like Gecko) Chrome/37.0.2062.124 Safari/537.36"
87.223.138.212 - - [29/Sep/2014:08:14:20 +0000] "GET /static/js/jquery.treeview.b8bebcbdde81.js HTTP/1.1" 200 2546 "http://www.ucatx.cat/courses/UPF/C01/2014/info" "Mozilla/5.0 (Windows NT 6.1; WOW64) AppleWebKit/537.36 (KHTML, like Gecko) Chrome/37.0.2062.124 Safari/537.36"
87.223.138.212 - - [29/Sep/2014:08:14:20 +0000] "GET /static/images/calendar-icon.962b1ddf6dbc.png HTTP/1.1" 200 101 "http://www.ucatx.cat/static/css/lms-style-course.1ad8a42fd647.css" "Mozilla/5.0 (Windows NT 6.1; WOW64) AppleWebKit/537.36 (KHTML, like Gecko) Chrome/37.0.2062.124 Safari/537.36"
87.223.138.212 - - [29/Sep/2014:08:14:30 +0000] "GET /courses/UPF/C01/2014/courseware HTTP/1.1" 302 5 "http://www.ucatx.cat/courses/UPF/C01/2014/info" "Mozilla/5.0 (Windows NT 6.1; WOW64) AppleWebKit/537.36 (KHTML, like Gecko) Chrome/37.0.2062.124 Safari/537.36"
87.223.138.212 - - [29/Sep/2014:08:14:30 +0000] "GET /courses/UPF/C01/2014/courseware/bc7904dd4a2d4876b295a77fcbae2c2f/ HTTP/1.1" 200 7447 "http://www.ucatx.cat/courses/UPF/C01/2014/info" "Mozilla/5.0 (Windows NT 6.1; WOW64) AppleWebKit/537.36 (KHTML, like Gecko) Chrome/37.0.2062.124 Safari/537.36"
87.223.138.212 - - [29/Sep/2014:08:14:30 +0000] "GET /static/js/split.1e256a271150.js HTTP/1.1" 200 1808 "http://www.ucatx.cat/courses/UPF/C01/2014/courseware/bc7904dd4a2d4876b295a77fcbae2c2f/" "Mozilla/5.0 (Windows NT 6.1; WOW64) AppleWebKit/537.36 (KHTML, like Gecko) Chrome/37.0.2062.124 Safari/537.36"
87.223.138.212 - - [29/Sep/2014:08:14:30 +0000] "GET /jsi18n/ HTTP/1.1" 200 787 "http://www.ucatx.cat/courses/UPF/C01/2014/courseware/bc7904dd4a2d4876b295a77fcbae2c2f/" "Mozilla/5.0 (Windows NT 6.1; WOW64) AppleWebKit/537.36 (KHTML, like Gecko) Chrome/37.0.2062.124 Safari/537.36"
87.223.138.212 - - [29/Sep/2014:08:14:30 +0000] "GET /static/js/jquery.ajaxfileupload.27e7569a4c1e.js HTTP/1.1" 200 2171 "http://www.ucatx.cat/courses/UPF/C01/2014/courseware/bc7904dd4a2d4876b295a77fcbae2c2f/" "Mozilla/5.0 (Windows NT 6.1; WOW64) AppleWebKit/537.36 (KHTML, like Gecko) Chrome/37.0.2062.124 Safari/537.36"
87.223.138.212 - - [29/Sep/2014:08:14:30 +0000] "GET /static/js/Markdown.Converter.33f02cbe2eb8.js HTTP/1.1" 200 12858 "http://www.ucatx.cat/courses/UPF/C01/2014/courseware/bc7904dd4a2d4876b295a77fcbae2c2f/" "Mozilla/5.0 (Windows NT 6.1; WOW64) AppleWebKit/537.36 (KHTML, like Gecko) Chrome/37.0.2062.124 Safari/537.36"
87.223.138.212 - - [29/Sep/2014:08:14:30 +0000] "GET /static/js/Markdown.Sanitizer.253c591d1f95.js HTTP/1.1" 200 1573 "http://www.ucatx.cat/courses/UPF/C01/2014/courseware/bc7904dd4a2d4876b295a77fcbae2c2f/" "Mozilla/5.0 (Windows NT 6.1; WOW64) AppleWebKit/537.36 (KHTML, like Gecko) Chrome/37.0.2062.124 Safari/537.36"
87.223.138.212 - - [29/Sep/2014:08:14:30 +0000] "GET /static/js/Markdown.Editor.dfc3093a1101.js HTTP/1.1" 200 19024 "http://www.ucatx.cat/courses/UPF/C01/2014/courseware/bc7904dd4a2d4876b295a77fcbae2c2f/" "Mozilla/5.0 (Windows NT 6.1; WOW64) AppleWebKit/537.36 (KHTML, like Gecko) Chrome/37.0.2062.124 Safari/537.36"
87.223.138.212 - - [29/Sep/2014:08:14:31 +0000] "GET /static/css/vendor/jquery.autocomplete.09a0b34739a2.css HTTP/1.1" 200 329 "http://www.ucatx.cat/courses/UPF/C01/2014/courseware/bc7904dd4a2d4876b295a77fcbae2c2f/" "Mozilla/5.0 (Windows NT 6.1; WOW64) AppleWebKit/537.36 (KHTML, like Gecko) Chrome/37.0.2062.124 Safari/537.36"
87.223.138.212 - - [29/Sep/2014:08:14:31 +0000] "GET /static/js/jquery.autocomplete.3bd10d7510d2.js HTTP/1.1" 200 7419 "http://www.ucatx.cat/courses/UPF/C01/2014/courseware/bc7904dd4a2d4876b295a77fcbae2c2f/" "Mozilla/5.0 (Windows NT 6.1; WOW64) AppleWebKit/537.36 (KHTML, like Gecko) Chrome/37.0.2062.124 Safari/537.36"
87.223.138.212 - - [29/Sep/2014:08:14:31 +0000] "GET /static/js/vendor/jquery.timeago.9605aaf0437d.js HTTP/1.1" 200 1623 "http://www.ucatx.cat/courses/UPF/C01/2014/courseware/bc7904dd4a2d4876b295a77fcbae2c2f/" "Mozilla/5.0 (Windows NT 6.1; WOW64) AppleWebKit/537.36 (KHTML, like Gecko) Chrome/37.0.2062.124 Safari/537.36"
87.223.138.212 - - [29/Sep/2014:08:14:31 +0000] "GET /static/js/src/jquery.timeago.locale.b54a9c010cd6.js HTTP/1.1" 200 338 "http://www.ucatx.cat/courses/UPF/C01/2014/courseware/bc7904dd4a2d4876b295a77fcbae2c2f/" "Mozilla/5.0 (Windows NT 6.1; WOW64) AppleWebKit/537.36 (KHTML, like Gecko) Chrome/37.0.2062.124 Safari/537.36"
87.223.138.212 - - [29/Sep/2014:08:14:31 +0000] "GET /static/js/mustache.2aa68bb79181.js HTTP/1.1" 200 4570 "http://www.ucatx.cat/courses/UPF/C01/2014/courseware/bc7904dd4a2d4876b295a77fcbae2c2f/" "Mozilla/5.0 (Windows NT 6.1; WOW64) AppleWebKit/537.36 (KHTML, like Gecko) Chrome/37.0.2062.124 Safari/537.36"
87.223.138.212 - - [29/Sep/2014:08:14:31 +0000] "GET /static/js/vendor/URI.min.03b89112e46e.js HTTP/1.1" 200 11922 "http://www.ucatx.cat/courses/UPF/C01/2014/courseware/bc7904dd4a2d4876b295a77fcbae2c2f/" "Mozilla/5.0 (Windows NT 6.1; WOW64) AppleWebKit/537.36 (KHTML, like Gecko) Chrome/37.0.2062.124 Safari/537.36"
87.223.138.212 - - [29/Sep/2014:08:14:31 +0000] "GET /static/js/vendor/underscore-min.6dc59d3a72ad.js HTTP/1.1" 200 4602 "http://www.ucatx.cat/courses/UPF/C01/2014/courseware/bc7904dd4a2d4876b295a77fcbae2c2f/" "Mozilla/5.0 (Windows NT 6.1; WOW64) AppleWebKit/537.36 (KHTML, like Gecko) Chrome/37.0.2062.124 Safari/537.36"
87.223.138.212 - - [29/Sep/2014:08:14:31 +0000] "GET /static/js/vendor/backbone-min.752b6162850f.js HTTP/1.1" 200 6411 "http://www.ucatx.cat/courses/UPF/C01/2014/courseware/bc7904dd4a2d4876b295a77fcbae2c2f/" "Mozilla/5.0 (Windows NT 6.1; WOW64) AppleWebKit/537.36 (KHTML, like Gecko) Chrome/37.0.2062.124 Safari/537.36"
87.223.138.212 - - [29/Sep/2014:08:14:31 +0000] "GET /static/js/vendor/jquery.scrollTo-1.4.2-min.4aa3e2dfa312.js HTTP/1.1" 200 1216 "http://www.ucatx.cat/courses/UPF/C01/2014/courseware/bc7904dd4a2d4876b295a77fcbae2c2f/" "Mozilla/5.0 (Windows NT 6.1; WOW64) AppleWebKit/537.36 (KHTML, like Gecko) Chrome/37.0.2062.124 Safari/537.36"
87.223.138.212 - - [29/Sep/2014:08:14:31 +0000] "GET /static/js/vendor/flot/jquery.flot.d3d45ff0c6a8.js HTTP/1.1" 200 24678 "http://www.ucatx.cat/courses/UPF/C01/2014/courseware/bc7904dd4a2d4876b295a77fcbae2c2f/" "Mozilla/5.0 (Windows NT 6.1; WOW64) AppleWebKit/537.36 (KHTML, like Gecko) Chrome/37.0.2062.124 Safari/537.36"
87.223.138.212 - - [29/Sep/2014:08:14:31 +0000] "GET /static/js/vendor/codemirror-compressed.dd4b74f7c5fe.js HTTP/1.1" 200 60531 "http://www.ucatx.cat/courses/UPF/C01/2014/courseware/bc7904dd4a2d4876b295a77fcbae2c2f/" "Mozilla/5.0 (Windows NT 6.1; WOW64) AppleWebKit/537.36 (KHTML, like Gecko) Chrome/37.0.2062.124 Safari/537.36"
87.223.138.212 - - [29/Sep/2014:08:14:31 +0000] "GET /static/js/lms-courseware.dc7bab87df3c.js HTTP/1.1" 200 1854 "http://www.ucatx.cat/courses/UPF/C01/2014/courseware/bc7904dd4a2d4876b295a77fcbae2c2f/" "Mozilla/5.0 (Windows NT 6.1; WOW64) AppleWebKit/537.36 (KHTML, like Gecko) Chrome/37.0.2062.124 Safari/537.36"
87.223.138.212 - - [29/Sep/2014:08:14:31 +0000] "GET /static/js/discussion.2f15dc01be40.js HTTP/1.1" 200 27967 "http://www.ucatx.cat/courses/UPF/C01/2014/courseware/bc7904dd4a2d4876b295a77fcbae2c2f/" "Mozilla/5.0 (Windows NT 6.1; WOW64) AppleWebKit/537.36 (KHTML, like Gecko) Chrome/37.0.2062.124 Safari/537.36"
87.223.138.212 - - [29/Sep/2014:08:14:32 +0000] "GET /static/images/ui-icons_222222_256x240.ebe6b6902a40.png HTTP/1.1" 200 4369 "http://www.ucatx.cat/static/css/lms-style-course.1ad8a42fd647.css" "Mozilla/5.0 (Windows NT 6.1; WOW64) AppleWebKit/537.36 (KHTML, like Gecko) Chrome/37.0.2062.124 Safari/537.36"
87.223.138.212 - - [29/Sep/2014:08:14:32 +0000] "GET /static/images/graded.c943a9b6bce2.png HTTP/1.1" 200 571 "http://www.ucatx.cat/static/css/lms-style-course.1ad8a42fd647.css" "Mozilla/5.0 (Windows NT 6.1; WOW64) AppleWebKit/537.36 (KHTML, like Gecko) Chrome/37.0.2062.124 Safari/537.36"
87.223.138.212 - - [29/Sep/2014:08:14:36 +0000] "GET /courses/UPF/C01/2014/courseware/bc7904dd4a2d4876b295a77fcbae2c2f/bfbf14092adc44458b8166af8d08fab2/ HTTP/1.1" 200 12012 "http://www.ucatx.cat/courses/UPF/C01/2014/courseware/bc7904dd4a2d4876b295a77fcbae2c2f/" "Mozilla/5.0 (Windows NT 6.1; WOW64) AppleWebKit/537.36 (KHTML, like Gecko) Chrome/37.0.2062.124 Safari/537.36"
87.223.138.212 - - [29/Sep/2014:08:14:36 +0000] "GET /event?event_type=page_close&event=&page=http%3A%2F%2Fwww.ucatx.cat%2Fcourses%2FUPF%2FC01%2F2014%2Fcourseware%2Fbc7904dd4a2d4876b295a77fcbae2c2f%2F HTTP/1.1" 200 38 "http://www.ucatx.cat/courses/UPF/C01/2014/courseware/bc7904dd4a2d4876b295a77fcbae2c2f/" "Mozilla/5.0 (Windows NT 6.1; WOW64) AppleWebKit/537.36 (KHTML, like Gecko) Chrome/37.0.2062.124 Safari/537.36"
87.223.138.212 - - [29/Sep/2014:08:14:36 +0000] "GET /jsi18n/ HTTP/1.1" 200 787 "http://www.ucatx.cat/courses/UPF/C01/2014/courseware/bc7904dd4a2d4876b295a77fcbae2c2f/bfbf14092adc44458b8166af8d08fab2/" "Mozilla/5.0 (Windows NT 6.1; WOW64) AppleWebKit/537.36 (KHTML, like Gecko) Chrome/37.0.2062.124 Safari/537.36"
87.223.138.212 - - [29/Sep/2014:08:14:37 +0000] "GET /static/images/sequence-nav/previous-icon.d6762fe66065.png HTTP/1.1" 200 1062 "http://www.ucatx.cat/static/css/lms-style-course.1ad8a42fd647.css" "Mozilla/5.0 (Windows NT 6.1; WOW64) AppleWebKit/537.36 (KHTML, like Gecko) Chrome/37.0.2062.124 Safari/537.36"
87.223.138.212 - - [29/Sep/2014:08:14:37 +0000] "GET /static/images/sequence-nav/document-icon-normal.ea2ce01c2824.png HTTP/1.1" 200 106 "http://www.ucatx.cat/static/css/lms-style-course.1ad8a42fd647.css" "Mozilla/5.0 (Windows NT 6.1; WOW64) AppleWebKit/537.36 (KHTML, like Gecko) Chrome/37.0.2062.124 Safari/537.36"
87.223.138.212 - - [29/Sep/2014:08:14:37 +0000] "GET /static/images/sequence-nav/video-icon-normal.544113ee0b54.png HTTP/1.1" 200 113 "http://www.ucatx.cat/static/css/lms-style-course.1ad8a42fd647.css" "Mozilla/5.0 (Windows NT 6.1; WOW64) AppleWebKit/537.36 (KHTML, like Gecko) Chrome/37.0.2062.124 Safari/537.36"
87.223.138.212 - - [29/Sep/2014:08:14:37 +0000] "GET /static/images/sequence-nav/next-icon.9eef03b25294.png HTTP/1.1" 200 1079 "http://www.ucatx.cat/static/css/lms-style-course.1ad8a42fd647.css" "Mozilla/5.0 (Windows NT 6.1; WOW64) AppleWebKit/537.36 (KHTML, like Gecko) Chrome/37.0.2062.124 Safari/537.36"
87.223.138.212 - - [29/Sep/2014:08:14:37 +0000] "GET /static/images/sequence-nav/video-icon-current.d3b52a7b056e.png HTTP/1.1" 200 113 "http://www.ucatx.cat/static/css/lms-style-course.1ad8a42fd647.css" "Mozilla/5.0 (Windows NT 6.1; WOW64) AppleWebKit/537.36 (KHTML, like Gecko) Chrome/37.0.2062.124 Safari/537.36"
87.223.138.212 - - [29/Sep/2014:08:14:38 +0000] "GET /static/images/vcr.1517a9542edb.png HTTP/1.1" 200 538 "http://www.ucatx.cat/static/css/lms-style-course.1ad8a42fd647.css" "Mozilla/5.0 (Windows NT 6.1; WOW64) AppleWebKit/537.36 (KHTML, like Gecko) Chrome/37.0.2062.124 Safari/537.36"
87.223.138.212 - - [29/Sep/2014:08:14:38 +0000] "GET /static/images/closed-arrow.54c8afeba30a.png HTTP/1.1" 200 112 "http://www.ucatx.cat/static/css/lms-style-course.1ad8a42fd647.css" "Mozilla/5.0 (Windows NT 6.1; WOW64) AppleWebKit/537.36 (KHTML, like Gecko) Chrome/37.0.2062.124 Safari/537.36"
87.223.138.212 - - [29/Sep/2014:08:14:38 +0000] "GET /static/images/volume.5f73d227fb3b.png HTTP/1.1" 200 448 "http://www.ucatx.cat/static/css/lms-style-course.1ad8a42fd647.css" "Mozilla/5.0 (Windows NT 6.1; WOW64) AppleWebKit/537.36 (KHTML, like Gecko) Chrome/37.0.2062.124 Safari/537.36"
87.223.138.212 - - [29/Sep/2014:08:14:38 +0000] "GET /static/images/fullscreen.4d565e2c647a.png HTTP/1.1" 200 112 "http://www.ucatx.cat/static/css/lms-style-course.1ad8a42fd647.css" "Mozilla/5.0 (Windows NT 6.1; WOW64) AppleWebKit/537.36 (KHTML, like Gecko) Chrome/37.0.2062.124 Safari/537.36"
87.223.138.212 - - [29/Sep/2014:08:14:38 +0000] "GET /static/images/hd.3702b960d461.png HTTP/1.1" 200 364 "http://www.ucatx.cat/static/css/lms-style-course.1ad8a42fd647.css" "Mozilla/5.0 (Windows NT 6.1; WOW64) AppleWebKit/537.36 (KHTML, like Gecko) Chrome/37.0.2062.124 Safari/537.36"
87.223.138.212 - - [29/Sep/2014:08:14:38 +0000] "GET /static/images/cc.3b29a2832d38.png HTTP/1.1" 200 346 "http://www.ucatx.cat/static/css/lms-style-course.1ad8a42fd647.css" "Mozilla/5.0 (Windows NT 6.1; WOW64) AppleWebKit/537.36 (KHTML, like Gecko) Chrome/37.0.2062.124 Safari/537.36"
87.223.138.212 - - [29/Sep/2014:08:14:38 +0000] "POST /event HTTP/1.1" 200 38 "http://www.ucatx.cat/courses/UPF/C01/2014/courseware/bc7904dd4a2d4876b295a77fcbae2c2f/bfbf14092adc44458b8166af8d08fab2/" "Mozilla/5.0 (Windows NT 6.1; WOW64) AppleWebKit/537.36 (KHTML, like Gecko) Chrome/37.0.2062.124 Safari/537.36"
87.223.138.212 - - [29/Sep/2014:08:14:38 +0000] "GET /courses/UPF/C01/2014/xblock/i4x:;_;_UPF;_C01;_video;_1d55a6faf1d54a5a991d286c1b914df0/handler/transcript/translation/en?videoId=M-1hwM7aZKY HTTP/1.1" 404 0 "http://www.ucatx.cat/courses/UPF/C01/2014/courseware/bc7904dd4a2d4876b295a77fcbae2c2f/bfbf14092adc44458b8166af8d08fab2/" "Mozilla/5.0 (Windows NT 6.1; WOW64) AppleWebKit/537.36 (KHTML, like Gecko) Chrome/37.0.2062.124 Safari/537.36"
87.223.138.212 - - [29/Sep/2014:08:14:38 +0000] "GET /static/images/slider-handle.48817472776e.png HTTP/1.1" 200 169 "http://www.ucatx.cat/static/css/lms-style-course.1ad8a42fd647.css" "Mozilla/5.0 (Windows NT 6.1; WOW64) AppleWebKit/537.36 (KHTML, like Gecko) Chrome/37.0.2062.124 Safari/537.36"
87.223.138.212 - - [29/Sep/2014:08:14:38 +0000] "POST /event HTTP/1.1" 200 38 "http://www.ucatx.cat/courses/UPF/C01/2014/courseware/bc7904dd4a2d4876b295a77fcbae2c2f/bfbf14092adc44458b8166af8d08fab2/" "Mozilla/5.0 (Windows NT 6.1; WOW64) AppleWebKit/537.36 (KHTML, like Gecko) Chrome/37.0.2062.124 Safari/537.36"
87.223.138.212 - - [29/Sep/2014:08:14:38 +0000] "POST /event HTTP/1.1" 200 38 "http://www.ucatx.cat/courses/UPF/C01/2014/courseware/bc7904dd4a2d4876b295a77fcbae2c2f/bfbf14092adc44458b8166af8d08fab2/" "Mozilla/5.0 (Windows NT 6.1; WOW64) AppleWebKit/537.36 (KHTML, like Gecko) Chrome/37.0.2062.124 Safari/537.36"
87.223.138.212 - - [29/Sep/2014:08:14:39 +0000] "POST /courses/UPF/C01/2014/xblock/i4x:;_;_UPF;_C01;_video;_1d55a6faf1d54a5a991d286c1b914df0/handler/xmodule_handler/save_user_state HTTP/1.1" 200 17 "http://www.ucatx.cat/courses/UPF/C01/2014/courseware/bc7904dd4a2d4876b295a77fcbae2c2f/bfbf14092adc44458b8166af8d08fab2/" "Mozilla/5.0 (Windows NT 6.1; WOW64) AppleWebKit/537.36 (KHTML, like Gecko) Chrome/37.0.2062.124 Safari/537.36"
87.223.138.212 - - [29/Sep/2014:08:15:17 +0000] "POST /event HTTP/1.1" 200 38 "http://www.ucatx.cat/courses/UPF/C01/2014/courseware/bc7904dd4a2d4876b295a77fcbae2c2f/bfbf14092adc44458b8166af8d08fab2/" "Mozilla/5.0 (Windows NT 6.1; WOW64) AppleWebKit/537.36 (KHTML, like Gecko) Chrome/37.0.2062.124 Safari/537.36"
87.223.138.212 - - [29/Sep/2014:08:15:46 +0000] "POST /event HTTP/1.1" 200 38 "http://www.ucatx.cat/courses/UPF/C01/2014/courseware/bc7904dd4a2d4876b295a77fcbae2c2f/bfbf14092adc44458b8166af8d08fab2/" "Mozilla/5.0 (Windows NT 6.1; WOW64) AppleWebKit/537.36 (KHTML, like Gecko) Chrome/37.0.2062.124 Safari/537.36"
87.223.138.212 - - [29/Sep/2014:08:15:47 +0000] "POST /courses/UPF/C01/2014/xblock/i4x:;_;_UPF;_C01;_video;_1d55a6faf1d54a5a991d286c1b914df0/handler/xmodule_handler/save_user_state HTTP/1.1" 200 17 "http://www.ucatx.cat/courses/UPF/C01/2014/courseware/bc7904dd4a2d4876b295a77fcbae2c2f/bfbf14092adc44458b8166af8d08fab2/" "Mozilla/5.0 (Windows NT 6.1; WOW64) AppleWebKit/537.36 (KHTML, like Gecko) Chrome/37.0.2062.124 Safari/537.36"
87.223.138.212 - - [29/Sep/2014:08:15:50 +0000] "GET /courses/UPF/C01/2014/courseware/bc7904dd4a2d4876b295a77fcbae2c2f/ HTTP/1.1" 200 7447 "http://www.ucatx.cat/courses/UPF/C01/2014/info" "Mozilla/5.0 (Windows NT 6.1; WOW64) AppleWebKit/537.36 (KHTML, like Gecko) Chrome/37.0.2062.124 Safari/537.36"
87.223.138.212 - - [29/Sep/2014:08:15:50 +0000] "GET /event?event_type=page_close&event=&page=http%3A%2F%2Fwww.ucatx.cat%2Fcourses%2FUPF%2FC01%2F2014%2Fcourseware%2Fbc7904dd4a2d4876b295a77fcbae2c2f%2Fbfbf14092adc44458b8166af8d08fab2%2F HTTP/1.1" 200 38 "http://www.ucatx.cat/courses/UPF/C01/2014/courseware/bc7904dd4a2d4876b295a77fcbae2c2f/bfbf14092adc44458b8166af8d08fab2/" "Mozilla/5.0 (Windows NT 6.1; WOW64) AppleWebKit/537.36 (KHTML, like Gecko) Chrome/37.0.2062.124 Safari/537.36"
87.223.138.212 - - [29/Sep/2014:08:15:50 +0000] "POST /courses/UPF/C01/2014/xblock/i4x:;_;_UPF;_C01;_video;_1d55a6faf1d54a5a991d286c1b914df0/handler/xmodule_handler/save_user_state HTTP/1.1" 499 0 "http://www.ucatx.cat/courses/UPF/C01/2014/courseware/bc7904dd4a2d4876b295a77fcbae2c2f/bfbf14092adc44458b8166af8d08fab2/" "Mozilla/5.0 (Windows NT 6.1; WOW64) AppleWebKit/537.36 (KHTML, like Gecko) Chrome/37.0.2062.124 Safari/537.36"
87.223.138.212 - - [29/Sep/2014:08:15:54 +0000] "GET /courses/UPF/C01/2014/courseware/bc7904dd4a2d4876b295a77fcbae2c2f/bfbf14092adc44458b8166af8d08fab2/ HTTP/1.1" 200 12015 "http://www.ucatx.cat/courses/UPF/C01/2014/courseware/bc7904dd4a2d4876b295a77fcbae2c2f/" "Mozilla/5.0 (Windows NT 6.1; WOW64) AppleWebKit/537.36 (KHTML, like Gecko) Chrome/37.0.2062.124 Safari/537.36"
87.223.138.212 - - [29/Sep/2014:08:15:54 +0000] "GET /event?event_type=page_close&event=&page=http%3A%2F%2Fwww.ucatx.cat%2Fcourses%2FUPF%2FC01%2F2014%2Fcourseware%2Fbc7904dd4a2d4876b295a77fcbae2c2f%2F HTTP/1.1" 200 38 "http://www.ucatx.cat/courses/UPF/C01/2014/courseware/bc7904dd4a2d4876b295a77fcbae2c2f/" "Mozilla/5.0 (Windows NT 6.1; WOW64) AppleWebKit/537.36 (KHTML, like Gecko) Chrome/37.0.2062.124 Safari/537.36"
87.223.138.212 - - [29/Sep/2014:08:15:54 +0000] "GET /jsi18n/ HTTP/1.1" 200 787 "http://www.ucatx.cat/courses/UPF/C01/2014/courseware/bc7904dd4a2d4876b295a77fcbae2c2f/bfbf14092adc44458b8166af8d08fab2/" "Mozilla/5.0 (Windows NT 6.1; WOW64) AppleWebKit/537.36 (KHTML, like Gecko) Chrome/37.0.2062.124 Safari/537.36"
87.223.138.212 - - [29/Sep/2014:08:15:55 +0000] "POST /event HTTP/1.1" 200 38 "http://www.ucatx.cat/courses/UPF/C01/2014/courseware/bc7904dd4a2d4876b295a77fcbae2c2f/bfbf14092adc44458b8166af8d08fab2/" "Mozilla/5.0 (Windows NT 6.1; WOW64) AppleWebKit/537.36 (KHTML, like Gecko) Chrome/37.0.2062.124 Safari/537.36"
87.223.138.212 - - [29/Sep/2014:08:15:55 +0000] "GET /courses/UPF/C01/2014/xblock/i4x:;_;_UPF;_C01;_video;_1d55a6faf1d54a5a991d286c1b914df0/handler/transcript/translation/en?videoId=M-1hwM7aZKY HTTP/1.1" 404 0 "http://www.ucatx.cat/courses/UPF/C01/2014/courseware/bc7904dd4a2d4876b295a77fcbae2c2f/bfbf14092adc44458b8166af8d08fab2/" "Mozilla/5.0 (Windows NT 6.1; WOW64) AppleWebKit/537.36 (KHTML, like Gecko) Chrome/37.0.2062.124 Safari/537.36"
87.223.138.212 - - [29/Sep/2014:08:15:55 +0000] "POST /event HTTP/1.1" 200 38 "http://www.ucatx.cat/courses/UPF/C01/2014/courseware/bc7904dd4a2d4876b295a77fcbae2c2f/bfbf14092adc44458b8166af8d08fab2/" "Mozilla/5.0 (Windows NT 6.1; WOW64) AppleWebKit/537.36 (KHTML, like Gecko) Chrome/37.0.2062.124 Safari/537.36"
87.223.138.212 - - [29/Sep/2014:08:15:56 +0000] "POST /event HTTP/1.1" 200 38 "http://www.ucatx.cat/courses/UPF/C01/2014/courseware/bc7904dd4a2d4876b295a77fcbae2c2f/bfbf14092adc44458b8166af8d08fab2/" "Mozilla/5.0 (Windows NT 6.1; WOW64) AppleWebKit/537.36 (KHTML, like Gecko) Chrome/37.0.2062.124 Safari/537.36"
87.223.138.212 - - [29/Sep/2014:08:15:56 +0000] "POST /courses/UPF/C01/2014/xblock/i4x:;_;_UPF;_C01;_video;_1d55a6faf1d54a5a991d286c1b914df0/handler/xmodule_handler/save_user_state HTTP/1.1" 200 17 "http://www.ucatx.cat/courses/UPF/C01/2014/courseware/bc7904dd4a2d4876b295a77fcbae2c2f/bfbf14092adc44458b8166af8d08fab2/" "Mozilla/5.0 (Windows NT 6.1; WOW64) AppleWebKit/537.36 (KHTML, like Gecko) Chrome/37.0.2062.124 Safari/537.36"
80.59.152.219 - - [29/Sep/2014:08:15:58 +0000] "POST /event HTTP/1.1" 200 38 "http://www.ucatx.cat/courses/UPF/C01/2014/courseware/a3139ca27f5a447289999f387ba484f5/578e50c6623f4bbcbd6f729fba6d29d5/" "Mozilla/5.0 (Windows NT 6.1; WOW64; Trident/7.0; rv:11.0) like Gecko"
87.223.138.212 - - [29/Sep/2014:08:15:58 +0000] "POST /event HTTP/1.1" 200 38 "http://www.ucatx.cat/courses/UPF/C01/2014/courseware/bc7904dd4a2d4876b295a77fcbae2c2f/bfbf14092adc44458b8166af8d08fab2/" "Mozilla/5.0 (Windows NT 6.1; WOW64) AppleWebKit/537.36 (KHTML, like Gecko) Chrome/37.0.2062.124 Safari/537.36"
87.223.138.212 - - [29/Sep/2014:08:16:02 +0000] "-" 400 0 "-" "-"
87.223.138.212 - - [29/Sep/2014:08:16:02 +0000] "-" 400 0 "-" "-"
87.223.138.212 - - [29/Sep/2014:08:16:02 +0000] "-" 400 0 "-" "-"
87.223.138.212 - - [29/Sep/2014:08:16:03 +0000] "POST /event HTTP/1.1" 200 38 "http://www.ucatx.cat/courses/UPF/C01/2014/courseware/bc7904dd4a2d4876b295a77fcbae2c2f/bfbf14092adc44458b8166af8d08fab2/" "Mozilla/5.0 (Windows NT 6.1; WOW64) AppleWebKit/537.36 (KHTML, like Gecko) Chrome/37.0.2062.124 Safari/537.36"
87.223.138.212 - - [29/Sep/2014:08:16:03 +0000] "POST /courses/UPF/C01/2014/xblock/i4x:;_;_UPF;_C01;_video;_1d55a6faf1d54a5a991d286c1b914df0/handler/xmodule_handler/save_user_state HTTP/1.1" 200 17 "http://www.ucatx.cat/courses/UPF/C01/2014/courseware/bc7904dd4a2d4876b295a77fcbae2c2f/bfbf14092adc44458b8166af8d08fab2/" "Mozilla/5.0 (Windows NT 6.1; WOW64) AppleWebKit/537.36 (KHTML, like Gecko) Chrome/37.0.2062.124 Safari/537.36"
87.223.138.212 - - [29/Sep/2014:08:16:55 +0000] "POST /event HTTP/1.1" 200 38 "http://www.ucatx.cat/courses/UPF/C01/2014/courseware/bc7904dd4a2d4876b295a77fcbae2c2f/bfbf14092adc44458b8166af8d08fab2/" "Mozilla/5.0 (Windows NT 6.1; WOW64) AppleWebKit/537.36 (KHTML, like Gecko) Chrome/37.0.2062.124 Safari/537.36"
80.59.152.219 - - [29/Sep/2014:08:16:56 +0000] "POST /event HTTP/1.1" 200 38 "http://www.ucatx.cat/courses/UPF/C01/2014/courseware/a3139ca27f5a447289999f387ba484f5/578e50c6623f4bbcbd6f729fba6d29d5/" "Mozilla/5.0 (Windows NT 6.1; WOW64; Trident/7.0; rv:11.0) like Gecko"
80.59.152.219 - - [29/Sep/2014:08:16:56 +0000] "POST /courses/UPF/C01/2014/xblock/i4x:;_;_UPF;_C01;_video;_5f33fe80c9da4b938805dd4607b284f1/handler/xmodule_handler/save_user_state HTTP/1.1" 200 17 "http://www.ucatx.cat/courses/UPF/C01/2014/courseware/a3139ca27f5a447289999f387ba484f5/578e50c6623f4bbcbd6f729fba6d29d5/" "Mozilla/5.0 (Windows NT 6.1; WOW64; Trident/7.0; rv:11.0) like Gecko"
80.59.152.219 - - [29/Sep/2014:08:16:58 +0000] "POST /event HTTP/1.1" 200 38 "http://www.ucatx.cat/courses/UPF/C01/2014/courseware/a3139ca27f5a447289999f387ba484f5/578e50c6623f4bbcbd6f729fba6d29d5/" "Mozilla/5.0 (Windows NT 6.1; WOW64; Trident/7.0; rv:11.0) like Gecko"
193.145.50.149 - - [29/Sep/2014:08:16:59 +0000] "GET / HTTP/1.1" 200 14212 "-" "check_http/v1.4.16 (nagios-plugins 1.4.16)"
80.59.152.219 - - [29/Sep/2014:08:16:59 +0000] "POST /event HTTP/1.1" 200 38 "http://www.ucatx.cat/courses/UPF/C01/2014/courseware/a3139ca27f5a447289999f387ba484f5/578e50c6623f4bbcbd6f729fba6d29d5/" "Mozilla/5.0 (Windows NT 6.1; WOW64; Trident/7.0; rv:11.0) like Gecko"
80.59.152.219 - - [29/Sep/2014:08:17:05 +0000] "POST /event HTTP/1.1" 200 38 "http://www.ucatx.cat/courses/UPF/C01/2014/courseware/a3139ca27f5a447289999f387ba484f5/578e50c6623f4bbcbd6f729fba6d29d5/" "Mozilla/5.0 (Windows NT 6.1; WOW64; Trident/7.0; rv:11.0) like Gecko"
80.59.152.219 - - [29/Sep/2014:08:17:08 +0000] "POST /event HTTP/1.1" 200 38 "http://www.ucatx.cat/courses/UPF/C01/2014/courseware/a3139ca27f5a447289999f387ba484f5/578e50c6623f4bbcbd6f729fba6d29d5/" "Mozilla/5.0 (Windows NT 6.1; WOW64; Trident/7.0; rv:11.0) like Gecko"
87.223.138.212 - - [29/Sep/2014:08:17:18 +0000] "POST /event HTTP/1.1" 200 38 "http://www.ucatx.cat/courses/UPF/C01/2014/courseware/bc7904dd4a2d4876b295a77fcbae2c2f/bfbf14092adc44458b8166af8d08fab2/" "Mozilla/5.0 (Windows NT 6.1; WOW64) AppleWebKit/537.36 (KHTML, like Gecko) Chrome/37.0.2062.124 Safari/537.36"
87.223.138.212 - - [29/Sep/2014:08:17:19 +0000] "POST /courses/UPF/C01/2014/xblock/i4x:;_;_UPF;_C01;_video;_1d55a6faf1d54a5a991d286c1b914df0/handler/xmodule_handler/save_user_state HTTP/1.1" 200 17 "http://www.ucatx.cat/courses/UPF/C01/2014/courseware/bc7904dd4a2d4876b295a77fcbae2c2f/bfbf14092adc44458b8166af8d08fab2/" "Mozilla/5.0 (Windows NT 6.1; WOW64) AppleWebKit/537.36 (KHTML, like Gecko) Chrome/37.0.2062.124 Safari/537.36"
80.59.152.219 - - [29/Sep/2014:08:17:42 +0000] "POST /event HTTP/1.1" 200 38 "http://www.ucatx.cat/courses/UPF/C01/2014/courseware/a3139ca27f5a447289999f387ba484f5/578e50c6623f4bbcbd6f729fba6d29d5/" "Mozilla/5.0 (Windows NT 6.1; WOW64; Trident/7.0; rv:11.0) like Gecko"
80.59.152.219 - - [29/Sep/2014:08:17:42 +0000] "POST /courses/UPF/C01/2014/xblock/i4x:;_;_UPF;_C01;_video;_5f33fe80c9da4b938805dd4607b284f1/handler/xmodule_handler/save_user_state HTTP/1.1" 200 17 "http://www.ucatx.cat/courses/UPF/C01/2014/courseware/a3139ca27f5a447289999f387ba484f5/578e50c6623f4bbcbd6f729fba6d29d5/" "Mozilla/5.0 (Windows NT 6.1; WOW64; Trident/7.0; rv:11.0) like Gecko"
80.59.152.219 - - [29/Sep/2014:08:17:44 +0000] "POST /event HTTP/1.1" 200 38 "http://www.ucatx.cat/courses/UPF/C01/2014/courseware/a3139ca27f5a447289999f387ba484f5/578e50c6623f4bbcbd6f729fba6d29d5/" "Mozilla/5.0 (Windows NT 6.1; WOW64; Trident/7.0; rv:11.0) like Gecko"
87.223.138.212 - - [29/Sep/2014:08:17:49 +0000] "POST /event HTTP/1.1" 200 38 "http://www.ucatx.cat/courses/UPF/C01/2014/courseware/bc7904dd4a2d4876b295a77fcbae2c2f/bfbf14092adc44458b8166af8d08fab2/" "Mozilla/5.0 (Windows NT 6.1; WOW64) AppleWebKit/537.36 (KHTML, like Gecko) Chrome/37.0.2062.124 Safari/537.36"
87.223.138.212 - - [29/Sep/2014:08:17:59 +0000] "POST /event HTTP/1.1" 200 38 "http://www.ucatx.cat/courses/UPF/C01/2014/courseware/bc7904dd4a2d4876b295a77fcbae2c2f/bfbf14092adc44458b8166af8d08fab2/" "Mozilla/5.0 (Windows NT 6.1; WOW64) AppleWebKit/537.36 (KHTML, like Gecko) Chrome/37.0.2062.124 Safari/537.36"
87.223.138.212 - - [29/Sep/2014:08:17:59 +0000] "POST /courses/UPF/C01/2014/xblock/i4x:;_;_UPF;_C01;_video;_1d55a6faf1d54a5a991d286c1b914df0/handler/xmodule_handler/save_user_state HTTP/1.1" 200 17 "http://www.ucatx.cat/courses/UPF/C01/2014/courseware/bc7904dd4a2d4876b295a77fcbae2c2f/bfbf14092adc44458b8166af8d08fab2/" "Mozilla/5.0 (Windows NT 6.1; WOW64) AppleWebKit/537.36 (KHTML, like Gecko) Chrome/37.0.2062.124 Safari/537.36"
80.59.152.219 - - [29/Sep/2014:08:18:12 +0000] "POST /event HTTP/1.1" 200 38 "http://www.ucatx.cat/courses/UPF/C01/2014/courseware/a3139ca27f5a447289999f387ba484f5/578e50c6623f4bbcbd6f729fba6d29d5/" "Mozilla/5.0 (Windows NT 6.1; WOW64; Trident/7.0; rv:11.0) like Gecko"
80.59.152.219 - - [29/Sep/2014:08:18:14 +0000] "POST /event HTTP/1.1" 200 38 "http://www.ucatx.cat/courses/UPF/C01/2014/courseware/a3139ca27f5a447289999f387ba484f5/578e50c6623f4bbcbd6f729fba6d29d5/" "Mozilla/5.0 (Windows NT 6.1; WOW64; Trident/7.0; rv:11.0) like Gecko"
80.59.152.219 - - [29/Sep/2014:08:18:16 +0000] "POST /event HTTP/1.1" 200 38 "http://www.ucatx.cat/courses/UPF/C01/2014/courseware/a3139ca27f5a447289999f387ba484f5/578e50c6623f4bbcbd6f729fba6d29d5/" "Mozilla/5.0 (Windows NT 6.1; WOW64; Trident/7.0; rv:11.0) like Gecko"
80.59.152.219 - - [29/Sep/2014:08:18:24 +0000] "POST /event HTTP/1.1" 200 38 "http://www.ucatx.cat/courses/UPF/C01/2014/courseware/a3139ca27f5a447289999f387ba484f5/578e50c6623f4bbcbd6f729fba6d29d5/" "Mozilla/5.0 (Windows NT 6.1; WOW64; Trident/7.0; rv:11.0) like Gecko"
80.59.152.219 - - [29/Sep/2014:08:18:24 +0000] "POST /courses/UPF/C01/2014/xblock/i4x:;_;_UPF;_C01;_video;_5f33fe80c9da4b938805dd4607b284f1/handler/xmodule_handler/save_user_state HTTP/1.1" 200 17 "http://www.ucatx.cat/courses/UPF/C01/2014/courseware/a3139ca27f5a447289999f387ba484f5/578e50c6623f4bbcbd6f729fba6d29d5/" "Mozilla/5.0 (Windows NT 6.1; WOW64; Trident/7.0; rv:11.0) like Gecko"
87.223.138.212 - - [29/Sep/2014:08:19:04 +0000] "POST /event HTTP/1.1" 200 38 "http://www.ucatx.cat/courses/UPF/C01/2014/courseware/bc7904dd4a2d4876b295a77fcbae2c2f/bfbf14092adc44458b8166af8d08fab2/" "Mozilla/5.0 (Windows NT 6.1; WOW64) AppleWebKit/537.36 (KHTML, like Gecko) Chrome/37.0.2062.124 Safari/537.36"
80.59.152.219 - - [29/Sep/2014:08:20:19 +0000] "POST /event HTTP/1.1" 200 38 "http://www.ucatx.cat/courses/UPF/C01/2014/courseware/a3139ca27f5a447289999f387ba484f5/578e50c6623f4bbcbd6f729fba6d29d5/" "Mozilla/5.0 (Windows NT 6.1; WOW64; Trident/7.0; rv:11.0) like Gecko"
87.223.138.212 - - [29/Sep/2014:08:20:29 +0000] "POST /event HTTP/1.1" 200 38 "http://www.ucatx.cat/courses/UPF/C01/2014/courseware/bc7904dd4a2d4876b295a77fcbae2c2f/bfbf14092adc44458b8166af8d08fab2/" "Mozilla/5.0 (Windows NT 6.1; WOW64) AppleWebKit/537.36 (KHTML, like Gecko) Chrome/37.0.2062.124 Safari/537.36"
87.223.138.212 - - [29/Sep/2014:08:20:29 +0000] "POST /courses/UPF/C01/2014/xblock/i4x:;_;_UPF;_C01;_video;_1d55a6faf1d54a5a991d286c1b914df0/handler/xmodule_handler/save_user_state HTTP/1.1" 200 17 "http://www.ucatx.cat/courses/UPF/C01/2014/courseware/bc7904dd4a2d4876b295a77fcbae2c2f/bfbf14092adc44458b8166af8d08fab2/" "Mozilla/5.0 (Windows NT 6.1; WOW64) AppleWebKit/537.36 (KHTML, like Gecko) Chrome/37.0.2062.124 Safari/537.36"
87.223.138.212 - - [29/Sep/2014:08:20:31 +0000] "POST /event HTTP/1.1" 200 38 "http://www.ucatx.cat/courses/UPF/C01/2014/courseware/bc7904dd4a2d4876b295a77fcbae2c2f/bfbf14092adc44458b8166af8d08fab2/" "Mozilla/5.0 (Windows NT 6.1; WOW64) AppleWebKit/537.36 (KHTML, like Gecko) Chrome/37.0.2062.124 Safari/537.36"
87.223.138.212 - - [29/Sep/2014:08:20:32 +0000] "POST /event HTTP/1.1" 200 38 "http://www.ucatx.cat/courses/UPF/C01/2014/courseware/bc7904dd4a2d4876b295a77fcbae2c2f/bfbf14092adc44458b8166af8d08fab2/" "Mozilla/5.0 (Windows NT 6.1; WOW64) AppleWebKit/537.36 (KHTML, like Gecko) Chrome/37.0.2062.124 Safari/537.36"
87.223.138.212 - - [29/Sep/2014:08:20:33 +0000] "POST /event HTTP/1.1" 200 38 "http://www.ucatx.cat/courses/UPF/C01/2014/courseware/bc7904dd4a2d4876b295a77fcbae2c2f/bfbf14092adc44458b8166af8d08fab2/" "Mozilla/5.0 (Windows NT 6.1; WOW64) AppleWebKit/537.36 (KHTML, like Gecko) Chrome/37.0.2062.124 Safari/537.36"
87.223.138.212 - - [29/Sep/2014:08:20:33 +0000] "POST /event HTTP/1.1" 200 38 "http://www.ucatx.cat/courses/UPF/C01/2014/courseware/bc7904dd4a2d4876b295a77fcbae2c2f/bfbf14092adc44458b8166af8d08fab2/" "Mozilla/5.0 (Windows NT 6.1; WOW64) AppleWebKit/537.36 (KHTML, like Gecko) Chrome/37.0.2062.124 Safari/537.36"
80.59.152.219 - - [29/Sep/2014:08:21:29 +0000] "POST /event HTTP/1.1" 200 38 "http://www.ucatx.cat/courses/UPF/C01/2014/courseware/a3139ca27f5a447289999f387ba484f5/578e50c6623f4bbcbd6f729fba6d29d5/" "Mozilla/5.0 (Windows NT 6.1; WOW64; Trident/7.0; rv:11.0) like Gecko"
80.59.152.219 - - [29/Sep/2014:08:21:29 +0000] "POST /courses/UPF/C01/2014/xblock/i4x:;_;_UPF;_C01;_video;_5f33fe80c9da4b938805dd4607b284f1/handler/xmodule_handler/save_user_state HTTP/1.1" 200 17 "http://www.ucatx.cat/courses/UPF/C01/2014/courseware/a3139ca27f5a447289999f387ba484f5/578e50c6623f4bbcbd6f729fba6d29d5/" "Mozilla/5.0 (Windows NT 6.1; WOW64; Trident/7.0; rv:11.0) like Gecko"
193.145.50.149 - - [29/Sep/2014:08:21:59 +0000] "GET / HTTP/1.1" 200 14212 "-" "check_http/v1.4.16 (nagios-plugins 1.4.16)"
80.59.152.219 - - [29/Sep/2014:08:22:29 +0000] "POST /event HTTP/1.1" 200 38 "http://www.ucatx.cat/courses/UPF/C01/2014/courseware/a3139ca27f5a447289999f387ba484f5/578e50c6623f4bbcbd6f729fba6d29d5/" "Mozilla/5.0 (Windows NT 6.1; WOW64; Trident/7.0; rv:11.0) like Gecko"
80.59.152.219 - - [29/Sep/2014:08:22:32 +0000] "POST /event HTTP/1.1" 200 38 "http://www.ucatx.cat/courses/UPF/C01/2014/courseware/a3139ca27f5a447289999f387ba484f5/578e50c6623f4bbcbd6f729fba6d29d5/" "Mozilla/5.0 (Windows NT 6.1; WOW64; Trident/7.0; rv:11.0) like Gecko"
80.59.152.219 - - [29/Sep/2014:08:22:33 +0000] "POST /courses/UPF/C01/2014/xblock/i4x:;_;_UPF;_C01;_video;_5f33fe80c9da4b938805dd4607b284f1/handler/xmodule_handler/save_user_state HTTP/1.1" 200 17 "http://www.ucatx.cat/courses/UPF/C01/2014/courseware/a3139ca27f5a447289999f387ba484f5/578e50c6623f4bbcbd6f729fba6d29d5/" "Mozilla/5.0 (Windows NT 6.1; WOW64; Trident/7.0; rv:11.0) like Gecko"
80.59.152.219 - - [29/Sep/2014:08:22:35 +0000] "POST /event HTTP/1.1" 200 38 "http://www.ucatx.cat/courses/UPF/C01/2014/courseware/a3139ca27f5a447289999f387ba484f5/578e50c6623f4bbcbd6f729fba6d29d5/" "Mozilla/5.0 (Windows NT 6.1; WOW64; Trident/7.0; rv:11.0) like Gecko"
80.59.152.219 - - [29/Sep/2014:08:22:37 +0000] "POST /event HTTP/1.1" 200 38 "http://www.ucatx.cat/courses/UPF/C01/2014/courseware/a3139ca27f5a447289999f387ba484f5/578e50c6623f4bbcbd6f729fba6d29d5/" "Mozilla/5.0 (Windows NT 6.1; WOW64; Trident/7.0; rv:11.0) like Gecko"
80.59.152.219 - - [29/Sep/2014:08:22:37 +0000] "POST /event HTTP/1.1" 200 38 "http://www.ucatx.cat/courses/UPF/C01/2014/courseware/a3139ca27f5a447289999f387ba484f5/578e50c6623f4bbcbd6f729fba6d29d5/" "Mozilla/5.0 (Windows NT 6.1; WOW64; Trident/7.0; rv:11.0) like Gecko"
80.59.152.219 - - [29/Sep/2014:08:22:38 +0000] "POST /event HTTP/1.1" 200 38 "http://www.ucatx.cat/courses/UPF/C01/2014/courseware/a3139ca27f5a447289999f387ba484f5/578e50c6623f4bbcbd6f729fba6d29d5/" "Mozilla/5.0 (Windows NT 6.1; WOW64; Trident/7.0; rv:11.0) like Gecko"
80.59.152.219 - - [29/Sep/2014:08:22:39 +0000] "POST /event HTTP/1.1" 200 38 "http://www.ucatx.cat/courses/UPF/C01/2014/courseware/a3139ca27f5a447289999f387ba484f5/578e50c6623f4bbcbd6f729fba6d29d5/" "Mozilla/5.0 (Windows NT 6.1; WOW64; Trident/7.0; rv:11.0) like Gecko"
80.59.152.219 - - [29/Sep/2014:08:22:39 +0000] "POST /event HTTP/1.1" 200 38 "http://www.ucatx.cat/courses/UPF/C01/2014/courseware/a3139ca27f5a447289999f387ba484f5/578e50c6623f4bbcbd6f729fba6d29d5/" "Mozilla/5.0 (Windows NT 6.1; WOW64; Trident/7.0; rv:11.0) like Gecko"
80.59.152.219 - - [29/Sep/2014:08:22:41 +0000] "POST /event HTTP/1.1" 200 38 "http://www.ucatx.cat/courses/UPF/C01/2014/courseware/a3139ca27f5a447289999f387ba484f5/578e50c6623f4bbcbd6f729fba6d29d5/" "Mozilla/5.0 (Windows NT 6.1; WOW64; Trident/7.0; rv:11.0) like Gecko"
80.59.152.219 - - [29/Sep/2014:08:22:43 +0000] "POST /event HTTP/1.1" 200 38 "http://www.ucatx.cat/courses/UPF/C01/2014/courseware/a3139ca27f5a447289999f387ba484f5/578e50c6623f4bbcbd6f729fba6d29d5/" "Mozilla/5.0 (Windows NT 6.1; WOW64; Trident/7.0; rv:11.0) like Gecko"
80.59.152.219 - - [29/Sep/2014:08:22:44 +0000] "POST /event HTTP/1.1" 200 38 "http://www.ucatx.cat/courses/UPF/C01/2014/courseware/a3139ca27f5a447289999f387ba484f5/578e50c6623f4bbcbd6f729fba6d29d5/" "Mozilla/5.0 (Windows NT 6.1; WOW64; Trident/7.0; rv:11.0) like Gecko"
80.59.152.219 - - [29/Sep/2014:08:22:44 +0000] "POST /courses/UPF/C01/2014/xblock/i4x:;_;_UPF;_C01;_video;_5f33fe80c9da4b938805dd4607b284f1/handler/xmodule_handler/save_user_state HTTP/1.1" 200 17 "http://www.ucatx.cat/courses/UPF/C01/2014/courseware/a3139ca27f5a447289999f387ba484f5/578e50c6623f4bbcbd6f729fba6d29d5/" "Mozilla/5.0 (Windows NT 6.1; WOW64; Trident/7.0; rv:11.0) like Gecko"
80.59.152.219 - - [29/Sep/2014:08:23:00 +0000] "POST /event HTTP/1.1" 200 38 "http://www.ucatx.cat/courses/UPF/C01/2014/courseware/a3139ca27f5a447289999f387ba484f5/578e50c6623f4bbcbd6f729fba6d29d5/" "Mozilla/5.0 (Windows NT 6.1; WOW64; Trident/7.0; rv:11.0) like Gecko"
80.59.152.219 - - [29/Sep/2014:08:24:02 +0000] "POST /event HTTP/1.1" 200 38 "http://www.ucatx.cat/courses/UPF/C01/2014/courseware/a3139ca27f5a447289999f387ba484f5/578e50c6623f4bbcbd6f729fba6d29d5/" "Mozilla/5.0 (Windows NT 6.1; WOW64; Trident/7.0; rv:11.0) like Gecko"
80.59.152.219 - - [29/Sep/2014:08:24:02 +0000] "POST /courses/UPF/C01/2014/xblock/i4x:;_;_UPF;_C01;_video;_5f33fe80c9da4b938805dd4607b284f1/handler/xmodule_handler/save_user_state HTTP/1.1" 200 17 "http://www.ucatx.cat/courses/UPF/C01/2014/courseware/a3139ca27f5a447289999f387ba484f5/578e50c6623f4bbcbd6f729fba6d29d5/" "Mozilla/5.0 (Windows NT 6.1; WOW64; Trident/7.0; rv:11.0) like Gecko"
87.223.138.212 - - [29/Sep/2014:08:24:33 +0000] "POST /event HTTP/1.1" 200 38 "http://www.ucatx.cat/courses/UPF/C01/2014/courseware/bc7904dd4a2d4876b295a77fcbae2c2f/bfbf14092adc44458b8166af8d08fab2/" "Mozilla/5.0 (Windows NT 6.1; WOW64) AppleWebKit/537.36 (KHTML, like Gecko) Chrome/37.0.2062.124 Safari/537.36"
87.223.138.212 - - [29/Sep/2014:08:24:33 +0000] "POST /event HTTP/1.1" 200 38 "http://www.ucatx.cat/courses/UPF/C01/2014/courseware/bc7904dd4a2d4876b295a77fcbae2c2f/bfbf14092adc44458b8166af8d08fab2/" "Mozilla/5.0 (Windows NT 6.1; WOW64) AppleWebKit/537.36 (KHTML, like Gecko) Chrome/37.0.2062.124 Safari/537.36"
87.223.138.212 - - [29/Sep/2014:08:24:35 +0000] "POST /event HTTP/1.1" 200 38 "http://www.ucatx.cat/courses/UPF/C01/2014/courseware/bc7904dd4a2d4876b295a77fcbae2c2f/bfbf14092adc44458b8166af8d08fab2/" "Mozilla/5.0 (Windows NT 6.1; WOW64) AppleWebKit/537.36 (KHTML, like Gecko) Chrome/37.0.2062.124 Safari/537.36"
87.223.138.212 - - [29/Sep/2014:08:24:35 +0000] "POST /event HTTP/1.1" 200 38 "http://www.ucatx.cat/courses/UPF/C01/2014/courseware/bc7904dd4a2d4876b295a77fcbae2c2f/bfbf14092adc44458b8166af8d08fab2/" "Mozilla/5.0 (Windows NT 6.1; WOW64) AppleWebKit/537.36 (KHTML, like Gecko) Chrome/37.0.2062.124 Safari/537.36"
66.249.65.89 - - [29/Sep/2014:08:25:09 +0000] "GET /courses/UPF/C01/2014/about HTTP/1.1" 200 6794 "-" "Mozilla/5.0 (compatible; Googlebot/2.1; +http://www.google.com/bot.html)"
87.223.138.212 - - [29/Sep/2014:08:26:16 +0000] "POST /event HTTP/1.1" 200 38 "http://www.ucatx.cat/courses/UPF/C01/2014/courseware/bc7904dd4a2d4876b295a77fcbae2c2f/bfbf14092adc44458b8166af8d08fab2/" "Mozilla/5.0 (Windows NT 6.1; WOW64) AppleWebKit/537.36 (KHTML, like Gecko) Chrome/37.0.2062.124 Safari/537.36"
87.223.138.212 - - [29/Sep/2014:08:26:16 +0000] "POST /courses/UPF/C01/2014/xblock/i4x:;_;_UPF;_C01;_video;_1d55a6faf1d54a5a991d286c1b914df0/handler/xmodule_handler/save_user_state HTTP/1.1" 200 17 "http://www.ucatx.cat/courses/UPF/C01/2014/courseware/bc7904dd4a2d4876b295a77fcbae2c2f/bfbf14092adc44458b8166af8d08fab2/" "Mozilla/5.0 (Windows NT 6.1; WOW64) AppleWebKit/537.36 (KHTML, like Gecko) Chrome/37.0.2062.124 Safari/537.36"
193.145.50.149 - - [29/Sep/2014:08:26:59 +0000] "GET / HTTP/1.1" 200 14212 "-" "check_http/v1.4.16 (nagios-plugins 1.4.16)"
87.223.138.212 - - [29/Sep/2014:08:31:12 +0000] "POST /event HTTP/1.1" 200 38 "http://www.ucatx.cat/courses/UPF/C01/2014/courseware/bc7904dd4a2d4876b295a77fcbae2c2f/bfbf14092adc44458b8166af8d08fab2/" "Mozilla/5.0 (Windows NT 6.1; WOW64) AppleWebKit/537.36 (KHTML, like Gecko) Chrome/37.0.2062.124 Safari/537.36"
193.145.50.149 - - [29/Sep/2014:08:31:59 +0000] "GET / HTTP/1.1" 200 14212 "-" "check_http/v1.4.16 (nagios-plugins 1.4.16)"
87.223.138.212 - - [29/Sep/2014:08:33:11 +0000] "POST /event HTTP/1.1" 200 38 "http://www.ucatx.cat/courses/UPF/C01/2014/courseware/bc7904dd4a2d4876b295a77fcbae2c2f/bfbf14092adc44458b8166af8d08fab2/" "Mozilla/5.0 (Windows NT 6.1; WOW64) AppleWebKit/537.36 (KHTML, like Gecko) Chrome/37.0.2062.124 Safari/537.36"
87.223.138.212 - - [29/Sep/2014:08:33:11 +0000] "POST /courses/UPF/C01/2014/xblock/i4x:;_;_UPF;_C01;_video;_1d55a6faf1d54a5a991d286c1b914df0/handler/xmodule_handler/save_user_state HTTP/1.1" 200 17 "http://www.ucatx.cat/courses/UPF/C01/2014/courseware/bc7904dd4a2d4876b295a77fcbae2c2f/bfbf14092adc44458b8166af8d08fab2/" "Mozilla/5.0 (Windows NT 6.1; WOW64) AppleWebKit/537.36 (KHTML, like Gecko) Chrome/37.0.2062.124 Safari/537.36"
87.223.138.212 - - [29/Sep/2014:08:33:28 +0000] "POST /event HTTP/1.1" 200 38 "http://www.ucatx.cat/courses/UPF/C01/2014/courseware/bc7904dd4a2d4876b295a77fcbae2c2f/bfbf14092adc44458b8166af8d08fab2/" "Mozilla/5.0 (Windows NT 6.1; WOW64) AppleWebKit/537.36 (KHTML, like Gecko) Chrome/37.0.2062.124 Safari/537.36"
87.223.138.212 - - [29/Sep/2014:08:36:22 +0000] "POST /event HTTP/1.1" 200 38 "http://www.ucatx.cat/courses/UPF/C01/2014/courseware/bc7904dd4a2d4876b295a77fcbae2c2f/bfbf14092adc44458b8166af8d08fab2/" "Mozilla/5.0 (Windows NT 6.1; WOW64) AppleWebKit/537.36 (KHTML, like Gecko) Chrome/37.0.2062.124 Safari/537.36"
87.223.138.212 - - [29/Sep/2014:08:36:22 +0000] "POST /courses/UPF/C01/2014/xblock/i4x:;_;_UPF;_C01;_video;_1d55a6faf1d54a5a991d286c1b914df0/handler/xmodule_handler/save_user_state HTTP/1.1" 200 17 "http://www.ucatx.cat/courses/UPF/C01/2014/courseware/bc7904dd4a2d4876b295a77fcbae2c2f/bfbf14092adc44458b8166af8d08fab2/" "Mozilla/5.0 (Windows NT 6.1; WOW64) AppleWebKit/537.36 (KHTML, like Gecko) Chrome/37.0.2062.124 Safari/537.36"
193.145.50.149 - - [29/Sep/2014:08:36:59 +0000] "GET / HTTP/1.1" 200 14212 "-" "check_http/v1.4.16 (nagios-plugins 1.4.16)"
80.59.152.219 - - [29/Sep/2014:08:37:48 +0000] "POST /event HTTP/1.1" 200 38 "http://www.ucatx.cat/courses/UPF/C01/2014/courseware/a3139ca27f5a447289999f387ba484f5/578e50c6623f4bbcbd6f729fba6d29d5/" "Mozilla/5.0 (Windows NT 6.1; WOW64; Trident/7.0; rv:11.0) like Gecko"
80.59.152.219 - - [29/Sep/2014:08:37:48 +0000] "POST /event HTTP/1.1" 200 38 "http://www.ucatx.cat/courses/UPF/C01/2014/courseware/a3139ca27f5a447289999f387ba484f5/578e50c6623f4bbcbd6f729fba6d29d5/" "Mozilla/5.0 (Windows NT 6.1; WOW64; Trident/7.0; rv:11.0) like Gecko"
87.223.138.212 - - [29/Sep/2014:08:38:02 +0000] "POST /event HTTP/1.1" 200 38 "http://www.ucatx.cat/courses/UPF/C01/2014/courseware/bc7904dd4a2d4876b295a77fcbae2c2f/bfbf14092adc44458b8166af8d08fab2/" "Mozilla/5.0 (Windows NT 6.1; WOW64) AppleWebKit/537.36 (KHTML, like Gecko) Chrome/37.0.2062.124 Safari/537.36"
80.59.152.219 - - [29/Sep/2014:08:38:15 +0000] "POST /event HTTP/1.1" 200 38 "http://www.ucatx.cat/courses/UPF/C01/2014/courseware/a3139ca27f5a447289999f387ba484f5/578e50c6623f4bbcbd6f729fba6d29d5/" "Mozilla/5.0 (Windows NT 6.1; WOW64; Trident/7.0; rv:11.0) like Gecko"
80.59.152.219 - - [29/Sep/2014:08:38:15 +0000] "POST /courses/UPF/C01/2014/xblock/i4x:;_;_UPF;_C01;_video;_5f33fe80c9da4b938805dd4607b284f1/handler/xmodule_handler/save_user_state HTTP/1.1" 200 17 "http://www.ucatx.cat/courses/UPF/C01/2014/courseware/a3139ca27f5a447289999f387ba484f5/578e50c6623f4bbcbd6f729fba6d29d5/" "Mozilla/5.0 (Windows NT 6.1; WOW64; Trident/7.0; rv:11.0) like Gecko"
87.223.138.212 - - [29/Sep/2014:08:38:23 +0000] "POST /event HTTP/1.1" 200 38 "http://www.ucatx.cat/courses/UPF/C01/2014/courseware/bc7904dd4a2d4876b295a77fcbae2c2f/bfbf14092adc44458b8166af8d08fab2/" "Mozilla/5.0 (Windows NT 6.1; WOW64) AppleWebKit/537.36 (KHTML, like Gecko) Chrome/37.0.2062.124 Safari/537.36"
87.223.138.212 - - [29/Sep/2014:08:38:23 +0000] "POST /event HTTP/1.1" 200 38 "http://www.ucatx.cat/courses/UPF/C01/2014/courseware/bc7904dd4a2d4876b295a77fcbae2c2f/bfbf14092adc44458b8166af8d08fab2/" "Mozilla/5.0 (Windows NT 6.1; WOW64) AppleWebKit/537.36 (KHTML, like Gecko) Chrome/37.0.2062.124 Safari/537.36"
80.59.152.219 - - [29/Sep/2014:08:38:24 +0000] "POST /event HTTP/1.1" 200 38 "http://www.ucatx.cat/courses/UPF/C01/2014/courseware/a3139ca27f5a447289999f387ba484f5/578e50c6623f4bbcbd6f729fba6d29d5/" "Mozilla/5.0 (Windows NT 6.1; WOW64; Trident/7.0; rv:11.0) like Gecko"
87.223.138.212 - - [29/Sep/2014:08:38:25 +0000] "POST /event HTTP/1.1" 200 38 "http://www.ucatx.cat/courses/UPF/C01/2014/courseware/bc7904dd4a2d4876b295a77fcbae2c2f/bfbf14092adc44458b8166af8d08fab2/" "Mozilla/5.0 (Windows NT 6.1; WOW64) AppleWebKit/537.36 (KHTML, like Gecko) Chrome/37.0.2062.124 Safari/537.36"
