95.23.243.232 - - [29/Sep/2014:12:25:18 +0000] "POST /courses/UPF/C01/2014/xblock/i4x:;_;_UPF;_C01;_video;_53a37e6c9ea14fb19dcabbcc401c66fc/handler/xmodule_handler/save_user_state HTTP/1.1" 200 17 "http://www.ucatx.cat/courses/UPF/C01/2014/courseware/a3139ca27f5a447289999f387ba484f5/91ff8042121445c68d81897eae8b8646/" "Mozilla/5.0 (Windows NT 5.1) AppleWebKit/537.36 (KHTML, like Gecko) Chrome/37.0.2062.124 Safari/537.36"
95.23.243.232 - - [29/Sep/2014:12:25:18 +0000] "POST /event HTTP/1.1" 200 38 "http://www.ucatx.cat/courses/UPF/C01/2014/courseware/a3139ca27f5a447289999f387ba484f5/91ff8042121445c68d81897eae8b8646/" "Mozilla/5.0 (Windows NT 5.1) AppleWebKit/537.36 (KHTML, like Gecko) Chrome/37.0.2062.124 Safari/537.36"
95.23.243.232 - - [29/Sep/2014:12:25:18 +0000] "GET /courses/UPF/C01/2014/xblock/i4x:;_;_UPF;_C01;_video;_5da343b0f0b847e8b9f8cff730aff08b/handler/transcript/translation/en?videoId=yS6h8d65KsA HTTP/1.1" 404 0 "http://www.ucatx.cat/courses/UPF/C01/2014/courseware/a3139ca27f5a447289999f387ba484f5/91ff8042121445c68d81897eae8b8646/" "Mozilla/5.0 (Windows NT 5.1) AppleWebKit/537.36 (KHTML, like Gecko) Chrome/37.0.2062.124 Safari/537.36"
95.23.243.232 - - [29/Sep/2014:12:25:19 +0000] "POST /event HTTP/1.1" 200 38 "http://www.ucatx.cat/courses/UPF/C01/2014/courseware/a3139ca27f5a447289999f387ba484f5/91ff8042121445c68d81897eae8b8646/" "Mozilla/5.0 (Windows NT 5.1) AppleWebKit/537.36 (KHTML, like Gecko) Chrome/37.0.2062.124 Safari/537.36"
95.23.243.232 - - [29/Sep/2014:12:25:19 +0000] "POST /event HTTP/1.1" 200 38 "http://www.ucatx.cat/courses/UPF/C01/2014/courseware/a3139ca27f5a447289999f387ba484f5/91ff8042121445c68d81897eae8b8646/" "Mozilla/5.0 (Windows NT 5.1) AppleWebKit/537.36 (KHTML, like Gecko) Chrome/37.0.2062.124 Safari/537.36"
95.23.243.232 - - [29/Sep/2014:12:25:19 +0000] "POST /event HTTP/1.1" 200 38 "http://www.ucatx.cat/courses/UPF/C01/2014/courseware/a3139ca27f5a447289999f387ba484f5/91ff8042121445c68d81897eae8b8646/" "Mozilla/5.0 (Windows NT 5.1) AppleWebKit/537.36 (KHTML, like Gecko) Chrome/37.0.2062.124 Safari/537.36"
95.23.243.232 - - [29/Sep/2014:12:25:21 +0000] "POST /event HTTP/1.1" 200 38 "http://www.ucatx.cat/courses/UPF/C01/2014/courseware/a3139ca27f5a447289999f387ba484f5/91ff8042121445c68d81897eae8b8646/" "Mozilla/5.0 (Windows NT 5.1) AppleWebKit/537.36 (KHTML, like Gecko) Chrome/37.0.2062.124 Safari/537.36"
95.23.243.232 - - [29/Sep/2014:12:25:30 +0000] "POST /event HTTP/1.1" 200 38 "http://www.ucatx.cat/courses/UPF/C01/2014/courseware/a3139ca27f5a447289999f387ba484f5/91ff8042121445c68d81897eae8b8646/" "Mozilla/5.0 (Windows NT 5.1) AppleWebKit/537.36 (KHTML, like Gecko) Chrome/37.0.2062.124 Safari/537.36"
95.23.243.232 - - [29/Sep/2014:12:25:36 +0000] "POST /event HTTP/1.1" 200 38 "http://www.ucatx.cat/courses/UPF/C01/2014/courseware/a3139ca27f5a447289999f387ba484f5/91ff8042121445c68d81897eae8b8646/" "Mozilla/5.0 (Windows NT 5.1) AppleWebKit/537.36 (KHTML, like Gecko) Chrome/37.0.2062.124 Safari/537.36"
95.23.243.232 - - [29/Sep/2014:12:25:37 +0000] "POST /event HTTP/1.1" 200 38 "http://www.ucatx.cat/courses/UPF/C01/2014/courseware/a3139ca27f5a447289999f387ba484f5/91ff8042121445c68d81897eae8b8646/" "Mozilla/5.0 (Windows NT 5.1) AppleWebKit/537.36 (KHTML, like Gecko) Chrome/37.0.2062.124 Safari/537.36"
87.223.138.212 - - [29/Sep/2014:12:25:38 +0000] "POST /event HTTP/1.1" 200 38 "http://www.ucatx.cat/courses/UPF/C01/2014/courseware/bc7904dd4a2d4876b295a77fcbae2c2f/a3e6f70f0a2d4220aca79b68fdd47b52/" "Mozilla/5.0 (Windows NT 6.1; WOW64) AppleWebKit/537.36 (KHTML, like Gecko) Chrome/37.0.2062.124 Safari/537.36"
95.23.243.232 - - [29/Sep/2014:12:25:39 +0000] "POST /event HTTP/1.1" 200 38 "http://www.ucatx.cat/courses/UPF/C01/2014/courseware/a3139ca27f5a447289999f387ba484f5/91ff8042121445c68d81897eae8b8646/" "Mozilla/5.0 (Windows NT 5.1) AppleWebKit/537.36 (KHTML, like Gecko) Chrome/37.0.2062.124 Safari/537.36"
95.23.243.232 - - [29/Sep/2014:12:25:40 +0000] "POST /event HTTP/1.1" 200 38 "http://www.ucatx.cat/courses/UPF/C01/2014/courseware/a3139ca27f5a447289999f387ba484f5/91ff8042121445c68d81897eae8b8646/" "Mozilla/5.0 (Windows NT 5.1) AppleWebKit/537.36 (KHTML, like Gecko) Chrome/37.0.2062.124 Safari/537.36"
87.223.138.212 - - [29/Sep/2014:12:25:46 +0000] "POST /event HTTP/1.1" 200 38 "http://www.ucatx.cat/courses/UPF/C01/2014/courseware/bc7904dd4a2d4876b295a77fcbae2c2f/a3e6f70f0a2d4220aca79b68fdd47b52/" "Mozilla/5.0 (Windows NT 6.1; WOW64) AppleWebKit/537.36 (KHTML, like Gecko) Chrome/37.0.2062.124 Safari/537.36"
87.223.138.212 - - [29/Sep/2014:12:25:46 +0000] "POST /courses/UPF/C01/2014/xblock/i4x:;_;_UPF;_C01;_video;_a296f28448f9412e8343b5fc3f239a94/handler/xmodule_handler/save_user_state HTTP/1.1" 200 17 "http://www.ucatx.cat/courses/UPF/C01/2014/courseware/bc7904dd4a2d4876b295a77fcbae2c2f/a3e6f70f0a2d4220aca79b68fdd47b52/" "Mozilla/5.0 (Windows NT 6.1; WOW64) AppleWebKit/537.36 (KHTML, like Gecko) Chrome/37.0.2062.124 Safari/537.36"
95.23.243.232 - - [29/Sep/2014:12:25:48 +0000] "POST /event HTTP/1.1" 200 38 "http://www.ucatx.cat/courses/UPF/C01/2014/courseware/a3139ca27f5a447289999f387ba484f5/91ff8042121445c68d81897eae8b8646/" "Mozilla/5.0 (Windows NT 5.1) AppleWebKit/537.36 (KHTML, like Gecko) Chrome/37.0.2062.124 Safari/537.36"
95.23.243.232 - - [29/Sep/2014:12:25:48 +0000] "POST /courses/UPF/C01/2014/xblock/i4x:;_;_UPF;_C01;_video;_5da343b0f0b847e8b9f8cff730aff08b/handler/xmodule_handler/save_user_state HTTP/1.1" 200 17 "http://www.ucatx.cat/courses/UPF/C01/2014/courseware/a3139ca27f5a447289999f387ba484f5/91ff8042121445c68d81897eae8b8646/" "Mozilla/5.0 (Windows NT 5.1) AppleWebKit/537.36 (KHTML, like Gecko) Chrome/37.0.2062.124 Safari/537.36"
95.23.243.232 - - [29/Sep/2014:12:25:48 +0000] "POST /event HTTP/1.1" 200 38 "http://www.ucatx.cat/courses/UPF/C01/2014/courseware/a3139ca27f5a447289999f387ba484f5/91ff8042121445c68d81897eae8b8646/" "Mozilla/5.0 (Windows NT 5.1) AppleWebKit/537.36 (KHTML, like Gecko) Chrome/37.0.2062.124 Safari/537.36"
95.23.243.232 - - [29/Sep/2014:12:25:51 +0000] "POST /event HTTP/1.1" 200 38 "http://www.ucatx.cat/courses/UPF/C01/2014/courseware/a3139ca27f5a447289999f387ba484f5/91ff8042121445c68d81897eae8b8646/" "Mozilla/5.0 (Windows NT 5.1) AppleWebKit/537.36 (KHTML, like Gecko) Chrome/37.0.2062.124 Safari/537.36"
95.23.243.232 - - [29/Sep/2014:12:25:52 +0000] "POST /event HTTP/1.1" 200 38 "http://www.ucatx.cat/courses/UPF/C01/2014/courseware/a3139ca27f5a447289999f387ba484f5/91ff8042121445c68d81897eae8b8646/" "Mozilla/5.0 (Windows NT 5.1) AppleWebKit/537.36 (KHTML, like Gecko) Chrome/37.0.2062.124 Safari/537.36"
95.23.243.232 - - [29/Sep/2014:12:26:06 +0000] "POST /event HTTP/1.1" 200 38 "http://www.ucatx.cat/courses/UPF/C01/2014/courseware/a3139ca27f5a447289999f387ba484f5/91ff8042121445c68d81897eae8b8646/" "Mozilla/5.0 (Windows NT 5.1) AppleWebKit/537.36 (KHTML, like Gecko) Chrome/37.0.2062.124 Safari/537.36"
95.23.243.232 - - [29/Sep/2014:12:26:06 +0000] "POST /courses/UPF/C01/2014/xblock/i4x:;_;_UPF;_C01;_video;_5da343b0f0b847e8b9f8cff730aff08b/handler/xmodule_handler/save_user_state HTTP/1.1" 200 17 "http://www.ucatx.cat/courses/UPF/C01/2014/courseware/a3139ca27f5a447289999f387ba484f5/91ff8042121445c68d81897eae8b8646/" "Mozilla/5.0 (Windows NT 5.1) AppleWebKit/537.36 (KHTML, like Gecko) Chrome/37.0.2062.124 Safari/537.36"
95.23.243.232 - - [29/Sep/2014:12:26:07 +0000] "GET /courses/UPF/C01/2014/courseware/a3139ca27f5a447289999f387ba484f5/578e50c6623f4bbcbd6f729fba6d29d5/ HTTP/1.1" 200 10966 "http://www.ucatx.cat/courses/UPF/C01/2014/courseware/a3139ca27f5a447289999f387ba484f5/91ff8042121445c68d81897eae8b8646/" "Mozilla/5.0 (Windows NT 5.1) AppleWebKit/537.36 (KHTML, like Gecko) Chrome/37.0.2062.124 Safari/537.36"
95.23.243.232 - - [29/Sep/2014:12:26:07 +0000] "GET /event?event_type=page_close&event=&page=http%3A%2F%2Fwww.ucatx.cat%2Fcourses%2FUPF%2FC01%2F2014%2Fcourseware%2Fa3139ca27f5a447289999f387ba484f5%2F91ff8042121445c68d81897eae8b8646%2F HTTP/1.1" 200 38 "http://www.ucatx.cat/courses/UPF/C01/2014/courseware/a3139ca27f5a447289999f387ba484f5/91ff8042121445c68d81897eae8b8646/" "Mozilla/5.0 (Windows NT 5.1) AppleWebKit/537.36 (KHTML, like Gecko) Chrome/37.0.2062.124 Safari/537.36"
95.23.243.232 - - [29/Sep/2014:12:26:08 +0000] "POST /courses/UPF/C01/2014/xblock/i4x:;_;_UPF;_C01;_video;_5da343b0f0b847e8b9f8cff730aff08b/handler/xmodule_handler/save_user_state HTTP/1.1" 200 17 "http://www.ucatx.cat/courses/UPF/C01/2014/courseware/a3139ca27f5a447289999f387ba484f5/91ff8042121445c68d81897eae8b8646/" "Mozilla/5.0 (Windows NT 5.1) AppleWebKit/537.36 (KHTML, like Gecko) Chrome/37.0.2062.124 Safari/537.36"
95.23.243.232 - - [29/Sep/2014:12:26:09 +0000] "GET /jsi18n/ HTTP/1.1" 200 787 "http://www.ucatx.cat/courses/UPF/C01/2014/courseware/a3139ca27f5a447289999f387ba484f5/578e50c6623f4bbcbd6f729fba6d29d5/" "Mozilla/5.0 (Windows NT 5.1) AppleWebKit/537.36 (KHTML, like Gecko) Chrome/37.0.2062.124 Safari/537.36"
95.23.243.232 - - [29/Sep/2014:12:26:14 +0000] "POST /event HTTP/1.1" 200 38 "http://www.ucatx.cat/courses/UPF/C01/2014/courseware/a3139ca27f5a447289999f387ba484f5/578e50c6623f4bbcbd6f729fba6d29d5/" "Mozilla/5.0 (Windows NT 5.1) AppleWebKit/537.36 (KHTML, like Gecko) Chrome/37.0.2062.124 Safari/537.36"
95.23.243.232 - - [29/Sep/2014:12:26:14 +0000] "GET /courses/UPF/C01/2014/xblock/i4x:;_;_UPF;_C01;_video;_f5d78890320f4f1bb9c392944c5caa82/handler/transcript/translation/en?videoId=-mtVl0CxMDY HTTP/1.1" 404 0 "http://www.ucatx.cat/courses/UPF/C01/2014/courseware/a3139ca27f5a447289999f387ba484f5/578e50c6623f4bbcbd6f729fba6d29d5/" "Mozilla/5.0 (Windows NT 5.1) AppleWebKit/537.36 (KHTML, like Gecko) Chrome/37.0.2062.124 Safari/537.36"
95.23.243.232 - - [29/Sep/2014:12:26:14 +0000] "POST /event HTTP/1.1" 200 38 "http://www.ucatx.cat/courses/UPF/C01/2014/courseware/a3139ca27f5a447289999f387ba484f5/578e50c6623f4bbcbd6f729fba6d29d5/" "Mozilla/5.0 (Windows NT 5.1) AppleWebKit/537.36 (KHTML, like Gecko) Chrome/37.0.2062.124 Safari/537.36"
95.23.243.232 - - [29/Sep/2014:12:26:14 +0000] "POST /courses/UPF/C01/2014/xblock/i4x:;_;_UPF;_C01;_video;_f5d78890320f4f1bb9c392944c5caa82/handler/xmodule_handler/save_user_state HTTP/1.1" 200 17 "http://www.ucatx.cat/courses/UPF/C01/2014/courseware/a3139ca27f5a447289999f387ba484f5/578e50c6623f4bbcbd6f729fba6d29d5/" "Mozilla/5.0 (Windows NT 5.1) AppleWebKit/537.36 (KHTML, like Gecko) Chrome/37.0.2062.124 Safari/537.36"
95.23.243.232 - - [29/Sep/2014:12:26:15 +0000] "POST /event HTTP/1.1" 200 38 "http://www.ucatx.cat/courses/UPF/C01/2014/courseware/a3139ca27f5a447289999f387ba484f5/578e50c6623f4bbcbd6f729fba6d29d5/" "Mozilla/5.0 (Windows NT 5.1) AppleWebKit/537.36 (KHTML, like Gecko) Chrome/37.0.2062.124 Safari/537.36"
95.23.243.232 - - [29/Sep/2014:12:26:34 +0000] "-" 400 0 "-" "-"
95.23.243.232 - - [29/Sep/2014:12:26:34 +0000] "-" 400 0 "-" "-"
95.23.243.232 - - [29/Sep/2014:12:26:34 +0000] "-" 400 0 "-" "-"
95.23.243.232 - - [29/Sep/2014:12:26:34 +0000] "-" 400 0 "-" "-"
95.23.243.232 - - [29/Sep/2014:12:26:37 +0000] "GET /courses/UPF/C01/2014/courseware/a3139ca27f5a447289999f387ba484f5/54bfff836d174d469aef57b0199b183f/ HTTP/1.1" 200 9080 "http://www.ucatx.cat/courses/UPF/C01/2014/courseware/a3139ca27f5a447289999f387ba484f5/578e50c6623f4bbcbd6f729fba6d29d5/" "Mozilla/5.0 (Windows NT 5.1) AppleWebKit/537.36 (KHTML, like Gecko) Chrome/37.0.2062.124 Safari/537.36"
95.23.243.232 - - [29/Sep/2014:12:26:38 +0000] "GET /jsi18n/ HTTP/1.1" 200 787 "http://www.ucatx.cat/courses/UPF/C01/2014/courseware/a3139ca27f5a447289999f387ba484f5/54bfff836d174d469aef57b0199b183f/" "Mozilla/5.0 (Windows NT 5.1) AppleWebKit/537.36 (KHTML, like Gecko) Chrome/37.0.2062.124 Safari/537.36"
37.132.9.41 - - [29/Sep/2014:12:26:45 +0000] "GET / HTTP/1.1" 200 4168 "-" "Mozilla/5.0 (Android; Mobile; rv:32.0) Gecko/32.0 Firefox/32.0"
37.132.9.41 - - [29/Sep/2014:12:26:46 +0000] "GET /jsi18n/ HTTP/1.1" 200 787 "http://www.ucatx.cat/" "Mozilla/5.0 (Android; Mobile; rv:32.0) Gecko/32.0 Firefox/32.0"
37.132.9.41 - - [29/Sep/2014:12:26:46 +0000] "GET /static/css/lms-style-app.97087134ae68.css HTTP/1.1" 200 11206 "http://www.ucatx.cat/" "Mozilla/5.0 (Android; Mobile; rv:32.0) Gecko/32.0 Firefox/32.0"
37.132.9.41 - - [29/Sep/2014:12:26:46 +0000] "GET /static/css/lms-style-app-extend1.7c0258cac1c4.css HTTP/1.1" 200 24367 "http://www.ucatx.cat/" "Mozilla/5.0 (Android; Mobile; rv:32.0) Gecko/32.0 Firefox/32.0"
37.132.9.41 - - [29/Sep/2014:12:26:46 +0000] "GET /static/css/lms-style-vendor.54beeb2704a7.css HTTP/1.1" 200 50925 "http://www.ucatx.cat/" "Mozilla/5.0 (Android; Mobile; rv:32.0) Gecko/32.0 Firefox/32.0"
37.132.9.41 - - [29/Sep/2014:12:26:46 +0000] "GET /static/css/lms-style-app-extend2.2f38918d2d61.css HTTP/1.1" 200 28473 "http://www.ucatx.cat/" "Mozilla/5.0 (Android; Mobile; rv:32.0) Gecko/32.0 Firefox/32.0"
37.132.9.41 - - [29/Sep/2014:12:26:51 +0000] "GET /static/js/lms-main_vendor.5039a6f63db5.js HTTP/1.1" 200 379865 "http://www.ucatx.cat/" "Mozilla/5.0 (Android; Mobile; rv:32.0) Gecko/32.0 Firefox/32.0"
37.132.9.41 - - [29/Sep/2014:12:26:51 +0000] "-" 400 0 "-" "-"
37.132.9.41 - - [29/Sep/2014:12:26:51 +0000] "GET /static/js/lms-application.d2e93506af5e.js HTTP/1.1" 200 13493 "http://www.ucatx.cat/" "Mozilla/5.0 (Android; Mobile; rv:32.0) Gecko/32.0 Firefox/32.0"
37.132.9.41 - - [29/Sep/2014:12:26:51 +0000] "-" 400 0 "-" "-"
37.132.9.41 - - [29/Sep/2014:12:26:51 +0000] "-" 400 0 "-" "-"
37.132.9.41 - - [29/Sep/2014:12:26:51 +0000] "-" 400 0 "-" "-"
37.132.9.41 - - [29/Sep/2014:12:26:51 +0000] "-" 400 0 "-" "-"
37.132.9.41 - - [29/Sep/2014:12:26:51 +0000] "GET /static/themes/ucatx/images/logo.8a336c0ce89b.png HTTP/1.1" 200 5433 "http://www.ucatx.cat/" "Mozilla/5.0 (Android; Mobile; rv:32.0) Gecko/32.0 Firefox/32.0"
37.132.9.41 - - [29/Sep/2014:12:26:51 +0000] "-" 400 0 "-" "-"
37.132.9.41 - - [29/Sep/2014:12:26:52 +0000] "GET /c4x/ABC/C03/asset/images_course_image.jpg HTTP/1.1" 404 31 "http://www.ucatx.cat/" "Mozilla/5.0 (Android; Mobile; rv:32.0) Gecko/32.0 Firefox/32.0"
37.132.9.41 - - [29/Sep/2014:12:26:52 +0000] "GET /c4x/ABC/C02/asset/images_course_image.jpg HTTP/1.1" 404 31 "http://www.ucatx.cat/" "Mozilla/5.0 (Android; Mobile; rv:32.0) Gecko/32.0 Firefox/32.0"
37.132.9.41 - - [29/Sep/2014:12:26:52 +0000] "GET /c4x/UPF/C01/asset/logoMOOC.png HTTP/1.1" 200 24745 "http://www.ucatx.cat/" "Mozilla/5.0 (Android; Mobile; rv:32.0) Gecko/32.0 Firefox/32.0"
37.132.9.41 - - [29/Sep/2014:12:26:52 +0000] "GET /c4x/edX/Open_DemoX/asset/images_course_image.jpg HTTP/1.1" 200 9303 "http://www.ucatx.cat/" "Mozilla/5.0 (Android; Mobile; rv:32.0) Gecko/32.0 Firefox/32.0"
37.132.9.41 - - [29/Sep/2014:12:26:52 +0000] "GET /c4x/UAB/E01/asset/coursera_precalc.jpg HTTP/1.1" 200 55418 "http://www.ucatx.cat/" "Mozilla/5.0 (Android; Mobile; rv:32.0) Gecko/32.0 Firefox/32.0"
37.132.9.41 - - [29/Sep/2014:12:26:54 +0000] "GET /static/js/lms-modules.176d70dc1a2b.js HTTP/1.1" 200 206206 "http://www.ucatx.cat/" "Mozilla/5.0 (Android; Mobile; rv:32.0) Gecko/32.0 Firefox/32.0"
87.223.138.212 - - [29/Sep/2014:12:26:58 +0000] "POST /event HTTP/1.1" 200 38 "http://www.ucatx.cat/courses/UPF/C01/2014/courseware/bc7904dd4a2d4876b295a77fcbae2c2f/a3e6f70f0a2d4220aca79b68fdd47b52/" "Mozilla/5.0 (Windows NT 6.1; WOW64) AppleWebKit/537.36 (KHTML, like Gecko) Chrome/37.0.2062.124 Safari/537.36"
37.132.9.41 - - [29/Sep/2014:12:26:58 +0000] "GET /static/themes/ucatx/images/sunrise.fbf881ba9d75.jpg HTTP/1.1" 200 211781 "http://www.ucatx.cat/static/css/lms-style-app-extend1.7c0258cac1c4.css" "Mozilla/5.0 (Android; Mobile; rv:32.0) Gecko/32.0 Firefox/32.0"
193.145.50.149 - - [29/Sep/2014:12:26:59 +0000] "GET / HTTP/1.1" 200 14212 "-" "check_http/v1.4.16 (nagios-plugins 1.4.16)"
37.132.9.41 - - [29/Sep/2014:12:27:03 +0000] "GET /static/themes/ucatx/images/favicon.2686e810db4d.ico HTTP/1.1" 200 4390 "-" "Mozilla/5.0 (Android; Mobile; rv:32.0.1) Gecko/32.0.1 Firefox/32.0.1"
37.132.9.41 - - [29/Sep/2014:12:27:08 +0000] "GET /login HTTP/1.1" 200 5021 "http://www.ucatx.cat/" "Mozilla/5.0 (Android; Mobile; rv:32.0) Gecko/32.0 Firefox/32.0"
37.132.9.41 - - [29/Sep/2014:12:27:09 +0000] "GET /jsi18n/ HTTP/1.1" 200 787 "http://www.ucatx.cat/login" "Mozilla/5.0 (Android; Mobile; rv:32.0) Gecko/32.0 Firefox/32.0"
87.223.138.212 - - [29/Sep/2014:12:27:20 +0000] "POST /event HTTP/1.1" 200 38 "http://www.ucatx.cat/courses/UPF/C01/2014/courseware/bc7904dd4a2d4876b295a77fcbae2c2f/a3e6f70f0a2d4220aca79b68fdd47b52/" "Mozilla/5.0 (Windows NT 6.1; WOW64) AppleWebKit/537.36 (KHTML, like Gecko) Chrome/37.0.2062.124 Safari/537.36"
87.223.138.212 - - [29/Sep/2014:12:27:20 +0000] "POST /courses/UPF/C01/2014/xblock/i4x:;_;_UPF;_C01;_video;_a296f28448f9412e8343b5fc3f239a94/handler/xmodule_handler/save_user_state HTTP/1.1" 200 17 "http://www.ucatx.cat/courses/UPF/C01/2014/courseware/bc7904dd4a2d4876b295a77fcbae2c2f/a3e6f70f0a2d4220aca79b68fdd47b52/" "Mozilla/5.0 (Windows NT 6.1; WOW64) AppleWebKit/537.36 (KHTML, like Gecko) Chrome/37.0.2062.124 Safari/537.36"
87.223.138.212 - - [29/Sep/2014:12:27:33 +0000] "POST /event HTTP/1.1" 200 38 "http://www.ucatx.cat/courses/UPF/C01/2014/courseware/bc7904dd4a2d4876b295a77fcbae2c2f/a3e6f70f0a2d4220aca79b68fdd47b52/" "Mozilla/5.0 (Windows NT 6.1; WOW64) AppleWebKit/537.36 (KHTML, like Gecko) Chrome/37.0.2062.124 Safari/537.36"
95.23.243.232 - - [29/Sep/2014:12:27:51 +0000] "POST /event HTTP/1.1" 200 38 "http://www.ucatx.cat/courses/UPF/C01/2014/courseware/a3139ca27f5a447289999f387ba484f5/578e50c6623f4bbcbd6f729fba6d29d5/" "Mozilla/5.0 (Windows NT 5.1) AppleWebKit/537.36 (KHTML, like Gecko) Chrome/37.0.2062.124 Safari/537.36"
87.223.138.212 - - [29/Sep/2014:12:27:53 +0000] "POST /event HTTP/1.1" 200 38 "http://www.ucatx.cat/courses/UPF/C01/2014/courseware/bc7904dd4a2d4876b295a77fcbae2c2f/a3e6f70f0a2d4220aca79b68fdd47b52/" "Mozilla/5.0 (Windows NT 6.1; WOW64) AppleWebKit/537.36 (KHTML, like Gecko) Chrome/37.0.2062.124 Safari/537.36"
87.223.138.212 - - [29/Sep/2014:12:27:53 +0000] "POST /event HTTP/1.1" 200 38 "http://www.ucatx.cat/courses/UPF/C01/2014/courseware/bc7904dd4a2d4876b295a77fcbae2c2f/a3e6f70f0a2d4220aca79b68fdd47b52/" "Mozilla/5.0 (Windows NT 6.1; WOW64) AppleWebKit/537.36 (KHTML, like Gecko) Chrome/37.0.2062.124 Safari/537.36"
95.23.243.232 - - [29/Sep/2014:12:27:53 +0000] "POST /event HTTP/1.1" 200 38 "http://www.ucatx.cat/courses/UPF/C01/2014/courseware/a3139ca27f5a447289999f387ba484f5/578e50c6623f4bbcbd6f729fba6d29d5/" "Mozilla/5.0 (Windows NT 5.1) AppleWebKit/537.36 (KHTML, like Gecko) Chrome/37.0.2062.124 Safari/537.36"
95.23.243.232 - - [29/Sep/2014:12:27:53 +0000] "POST /courses/UPF/C01/2014/xblock/i4x:;_;_UPF;_C01;_video;_f5d78890320f4f1bb9c392944c5caa82/handler/xmodule_handler/save_user_state HTTP/1.1" 200 17 "http://www.ucatx.cat/courses/UPF/C01/2014/courseware/a3139ca27f5a447289999f387ba484f5/578e50c6623f4bbcbd6f729fba6d29d5/" "Mozilla/5.0 (Windows NT 5.1) AppleWebKit/537.36 (KHTML, like Gecko) Chrome/37.0.2062.124 Safari/537.36"
95.23.243.232 - - [29/Sep/2014:12:27:53 +0000] "POST /event HTTP/1.1" 200 38 "http://www.ucatx.cat/courses/UPF/C01/2014/courseware/a3139ca27f5a447289999f387ba484f5/578e50c6623f4bbcbd6f729fba6d29d5/" "Mozilla/5.0 (Windows NT 5.1) AppleWebKit/537.36 (KHTML, like Gecko) Chrome/37.0.2062.124 Safari/537.36"
95.23.243.232 - - [29/Sep/2014:12:27:53 +0000] "POST /courses/UPF/C01/2014/xblock/i4x:;_;_UPF;_C01;_sequential;_578e50c6623f4bbcbd6f729fba6d29d5/handler/xmodule_handler/goto_position HTTP/1.1" 200 17 "http://www.ucatx.cat/courses/UPF/C01/2014/courseware/a3139ca27f5a447289999f387ba484f5/578e50c6623f4bbcbd6f729fba6d29d5/" "Mozilla/5.0 (Windows NT 5.1) AppleWebKit/537.36 (KHTML, like Gecko) Chrome/37.0.2062.124 Safari/537.36"
95.23.243.232 - - [29/Sep/2014:12:27:53 +0000] "POST /courses/UPF/C01/2014/xblock/i4x:;_;_UPF;_C01;_video;_f5d78890320f4f1bb9c392944c5caa82/handler/xmodule_handler/save_user_state HTTP/1.1" 200 17 "http://www.ucatx.cat/courses/UPF/C01/2014/courseware/a3139ca27f5a447289999f387ba484f5/578e50c6623f4bbcbd6f729fba6d29d5/" "Mozilla/5.0 (Windows NT 5.1) AppleWebKit/537.36 (KHTML, like Gecko) Chrome/37.0.2062.124 Safari/537.36"
95.23.243.232 - - [29/Sep/2014:12:27:53 +0000] "POST /event HTTP/1.1" 200 38 "http://www.ucatx.cat/courses/UPF/C01/2014/courseware/a3139ca27f5a447289999f387ba484f5/578e50c6623f4bbcbd6f729fba6d29d5/" "Mozilla/5.0 (Windows NT 5.1) AppleWebKit/537.36 (KHTML, like Gecko) Chrome/37.0.2062.124 Safari/537.36"
95.23.243.232 - - [29/Sep/2014:12:27:53 +0000] "GET /courses/UPF/C01/2014/xblock/i4x:;_;_UPF;_C01;_video;_5f33fe80c9da4b938805dd4607b284f1/handler/transcript/translation/en?videoId=ylAJicpLSsQ HTTP/1.1" 404 0 "http://www.ucatx.cat/courses/UPF/C01/2014/courseware/a3139ca27f5a447289999f387ba484f5/578e50c6623f4bbcbd6f729fba6d29d5/" "Mozilla/5.0 (Windows NT 5.1) AppleWebKit/537.36 (KHTML, like Gecko) Chrome/37.0.2062.124 Safari/537.36"
95.23.243.232 - - [29/Sep/2014:12:27:54 +0000] "POST /event HTTP/1.1" 200 38 "http://www.ucatx.cat/courses/UPF/C01/2014/courseware/a3139ca27f5a447289999f387ba484f5/578e50c6623f4bbcbd6f729fba6d29d5/" "Mozilla/5.0 (Windows NT 5.1) AppleWebKit/537.36 (KHTML, like Gecko) Chrome/37.0.2062.124 Safari/537.36"
87.223.138.212 - - [29/Sep/2014:12:27:54 +0000] "POST /event HTTP/1.1" 200 38 "http://www.ucatx.cat/courses/UPF/C01/2014/courseware/bc7904dd4a2d4876b295a77fcbae2c2f/a3e6f70f0a2d4220aca79b68fdd47b52/" "Mozilla/5.0 (Windows NT 6.1; WOW64) AppleWebKit/537.36 (KHTML, like Gecko) Chrome/37.0.2062.124 Safari/537.36"
95.23.243.232 - - [29/Sep/2014:12:27:54 +0000] "POST /event HTTP/1.1" 200 38 "http://www.ucatx.cat/courses/UPF/C01/2014/courseware/a3139ca27f5a447289999f387ba484f5/578e50c6623f4bbcbd6f729fba6d29d5/" "Mozilla/5.0 (Windows NT 5.1) AppleWebKit/537.36 (KHTML, like Gecko) Chrome/37.0.2062.124 Safari/537.36"
87.223.138.212 - - [29/Sep/2014:12:27:54 +0000] "POST /courses/UPF/C01/2014/xblock/i4x:;_;_UPF;_C01;_video;_a296f28448f9412e8343b5fc3f239a94/handler/xmodule_handler/save_user_state HTTP/1.1" 200 17 "http://www.ucatx.cat/courses/UPF/C01/2014/courseware/bc7904dd4a2d4876b295a77fcbae2c2f/a3e6f70f0a2d4220aca79b68fdd47b52/" "Mozilla/5.0 (Windows NT 6.1; WOW64) AppleWebKit/537.36 (KHTML, like Gecko) Chrome/37.0.2062.124 Safari/537.36"
95.23.243.232 - - [29/Sep/2014:12:27:55 +0000] "POST /event HTTP/1.1" 200 38 "http://www.ucatx.cat/courses/UPF/C01/2014/courseware/a3139ca27f5a447289999f387ba484f5/578e50c6623f4bbcbd6f729fba6d29d5/" "Mozilla/5.0 (Windows NT 5.1) AppleWebKit/537.36 (KHTML, like Gecko) Chrome/37.0.2062.124 Safari/537.36"
95.23.243.232 - - [29/Sep/2014:12:27:57 +0000] "POST /event HTTP/1.1" 200 38 "http://www.ucatx.cat/courses/UPF/C01/2014/courseware/a3139ca27f5a447289999f387ba484f5/578e50c6623f4bbcbd6f729fba6d29d5/" "Mozilla/5.0 (Windows NT 5.1) AppleWebKit/537.36 (KHTML, like Gecko) Chrome/37.0.2062.124 Safari/537.36"
95.23.243.232 - - [29/Sep/2014:12:27:57 +0000] "POST /courses/UPF/C01/2014/xblock/i4x:;_;_UPF;_C01;_sequential;_578e50c6623f4bbcbd6f729fba6d29d5/handler/xmodule_handler/goto_position HTTP/1.1" 200 17 "http://www.ucatx.cat/courses/UPF/C01/2014/courseware/a3139ca27f5a447289999f387ba484f5/578e50c6623f4bbcbd6f729fba6d29d5/" "Mozilla/5.0 (Windows NT 5.1) AppleWebKit/537.36 (KHTML, like Gecko) Chrome/37.0.2062.124 Safari/537.36"
95.23.243.232 - - [29/Sep/2014:12:28:00 +0000] "POST /event HTTP/1.1" 200 38 "http://www.ucatx.cat/courses/UPF/C01/2014/courseware/a3139ca27f5a447289999f387ba484f5/578e50c6623f4bbcbd6f729fba6d29d5/" "Mozilla/5.0 (Windows NT 5.1) AppleWebKit/537.36 (KHTML, like Gecko) Chrome/37.0.2062.124 Safari/537.36"
37.132.9.41 - - [29/Sep/2014:12:28:00 +0000] "POST /login_ajax HTTP/1.1" 200 72 "http://www.ucatx.cat/login" "Mozilla/5.0 (Android; Mobile; rv:32.0) Gecko/32.0 Firefox/32.0"
95.23.243.232 - - [29/Sep/2014:12:28:00 +0000] "POST /courses/UPF/C01/2014/xblock/i4x:;_;_UPF;_C01;_video;_5f33fe80c9da4b938805dd4607b284f1/handler/xmodule_handler/save_user_state HTTP/1.1" 200 17 "http://www.ucatx.cat/courses/UPF/C01/2014/courseware/a3139ca27f5a447289999f387ba484f5/578e50c6623f4bbcbd6f729fba6d29d5/" "Mozilla/5.0 (Windows NT 5.1) AppleWebKit/537.36 (KHTML, like Gecko) Chrome/37.0.2062.124 Safari/537.36"
95.23.243.232 - - [29/Sep/2014:12:28:00 +0000] "POST /event HTTP/1.1" 200 38 "http://www.ucatx.cat/courses/UPF/C01/2014/courseware/a3139ca27f5a447289999f387ba484f5/578e50c6623f4bbcbd6f729fba6d29d5/" "Mozilla/5.0 (Windows NT 5.1) AppleWebKit/537.36 (KHTML, like Gecko) Chrome/37.0.2062.124 Safari/537.36"
95.23.243.232 - - [29/Sep/2014:12:28:00 +0000] "POST /courses/UPF/C01/2014/xblock/i4x:;_;_UPF;_C01;_sequential;_578e50c6623f4bbcbd6f729fba6d29d5/handler/xmodule_handler/goto_position HTTP/1.1" 200 17 "http://www.ucatx.cat/courses/UPF/C01/2014/courseware/a3139ca27f5a447289999f387ba484f5/578e50c6623f4bbcbd6f729fba6d29d5/" "Mozilla/5.0 (Windows NT 5.1) AppleWebKit/537.36 (KHTML, like Gecko) Chrome/37.0.2062.124 Safari/537.36"
95.23.243.232 - - [29/Sep/2014:12:28:00 +0000] "GET /courses/UPF/C01/2014/xblock/i4x:;_;_UPF;_C01;_video;_5f33fe80c9da4b938805dd4607b284f1/handler/transcript/translation/en?videoId=ylAJicpLSsQ HTTP/1.1" 404 0 "http://www.ucatx.cat/courses/UPF/C01/2014/courseware/a3139ca27f5a447289999f387ba484f5/578e50c6623f4bbcbd6f729fba6d29d5/" "Mozilla/5.0 (Windows NT 5.1) AppleWebKit/537.36 (KHTML, like Gecko) Chrome/37.0.2062.124 Safari/537.36"
37.132.9.41 - - [29/Sep/2014:12:28:00 +0000] "GET /dashboard HTTP/1.1" 200 5699 "http://www.ucatx.cat/login" "Mozilla/5.0 (Android; Mobile; rv:32.0) Gecko/32.0 Firefox/32.0"
95.23.243.232 - - [29/Sep/2014:12:28:00 +0000] "POST /event HTTP/1.1" 200 38 "http://www.ucatx.cat/courses/UPF/C01/2014/courseware/a3139ca27f5a447289999f387ba484f5/578e50c6623f4bbcbd6f729fba6d29d5/" "Mozilla/5.0 (Windows NT 5.1) AppleWebKit/537.36 (KHTML, like Gecko) Chrome/37.0.2062.124 Safari/537.36"
37.132.9.41 - - [29/Sep/2014:12:28:01 +0000] "GET /jsi18n/ HTTP/1.1" 200 787 "http://www.ucatx.cat/dashboard" "Mozilla/5.0 (Android; Mobile; rv:32.0) Gecko/32.0 Firefox/32.0"
95.23.243.232 - - [29/Sep/2014:12:28:01 +0000] "POST /event HTTP/1.1" 200 38 "http://www.ucatx.cat/courses/UPF/C01/2014/courseware/a3139ca27f5a447289999f387ba484f5/578e50c6623f4bbcbd6f729fba6d29d5/" "Mozilla/5.0 (Windows NT 5.1) AppleWebKit/537.36 (KHTML, like Gecko) Chrome/37.0.2062.124 Safari/537.36"
37.132.9.41 - - [29/Sep/2014:12:28:03 +0000] "GET /static/images/small-header-home-icon.32c08d6ca89e.png HTTP/1.1" 200 1128 "http://www.ucatx.cat/static/css/lms-style-app.97087134ae68.css" "Mozilla/5.0 (Android; Mobile; rv:32.0) Gecko/32.0 Firefox/32.0"
37.132.9.41 - - [29/Sep/2014:12:28:03 +0000] "GET /static/images/portal-icons/course-info-icon.efbf4c8accca.png HTTP/1.1" 200 6988 "http://www.ucatx.cat/static/css/lms-style-app-extend1.7c0258cac1c4.css" "Mozilla/5.0 (Android; Mobile; rv:32.0) Gecko/32.0 Firefox/32.0"
37.132.9.41 - - [29/Sep/2014:12:28:03 +0000] "GET /static/images/portal-icons/email-icon.7f11ac29be6e.png HTTP/1.1" 200 4152 "http://www.ucatx.cat/static/css/lms-style-app-extend1.7c0258cac1c4.css" "Mozilla/5.0 (Android; Mobile; rv:32.0) Gecko/32.0 Firefox/32.0"
95.23.243.232 - - [29/Sep/2014:12:28:06 +0000] "POST /event HTTP/1.1" 200 38 "http://www.ucatx.cat/courses/UPF/C01/2014/courseware/a3139ca27f5a447289999f387ba484f5/578e50c6623f4bbcbd6f729fba6d29d5/" "Mozilla/5.0 (Windows NT 5.1) AppleWebKit/537.36 (KHTML, like Gecko) Chrome/37.0.2062.124 Safari/537.36"
95.23.243.232 - - [29/Sep/2014:12:28:06 +0000] "POST /event HTTP/1.1" 200 38 "http://www.ucatx.cat/courses/UPF/C01/2014/courseware/a3139ca27f5a447289999f387ba484f5/578e50c6623f4bbcbd6f729fba6d29d5/" "Mozilla/5.0 (Windows NT 5.1) AppleWebKit/537.36 (KHTML, like Gecko) Chrome/37.0.2062.124 Safari/537.36"
95.23.243.232 - - [29/Sep/2014:12:28:07 +0000] "POST /event HTTP/1.1" 200 38 "http://www.ucatx.cat/courses/UPF/C01/2014/courseware/a3139ca27f5a447289999f387ba484f5/578e50c6623f4bbcbd6f729fba6d29d5/" "Mozilla/5.0 (Windows NT 5.1) AppleWebKit/537.36 (KHTML, like Gecko) Chrome/37.0.2062.124 Safari/537.36"
37.132.9.41 - - [29/Sep/2014:12:28:07 +0000] "-" 400 0 "-" "-"
37.132.9.41 - - [29/Sep/2014:12:28:07 +0000] "-" 400 0 "-" "-"
37.132.9.41 - - [29/Sep/2014:12:28:07 +0000] "-" 400 0 "-" "-"
37.132.9.41 - - [29/Sep/2014:12:28:07 +0000] "GET /courses/UPF/C01/2014/info HTTP/1.1" 200 6607 "http://www.ucatx.cat/dashboard" "Mozilla/5.0 (Android; Mobile; rv:32.0) Gecko/32.0 Firefox/32.0"
37.132.9.41 - - [29/Sep/2014:12:28:07 +0000] "GET /jsi18n/ HTTP/1.1" 200 787 "http://www.ucatx.cat/courses/UPF/C01/2014/info" "Mozilla/5.0 (Android; Mobile; rv:32.0) Gecko/32.0 Firefox/32.0"
37.132.9.41 - - [29/Sep/2014:12:28:07 +0000] "GET /static/css/lms-style-course-vendor.d65f103108eb.css HTTP/1.1" 200 8518 "http://www.ucatx.cat/courses/UPF/C01/2014/info" "Mozilla/5.0 (Android; Mobile; rv:32.0) Gecko/32.0 Firefox/32.0"
95.23.243.232 - - [29/Sep/2014:12:28:07 +0000] "POST /event HTTP/1.1" 200 38 "http://www.ucatx.cat/courses/UPF/C01/2014/courseware/a3139ca27f5a447289999f387ba484f5/578e50c6623f4bbcbd6f729fba6d29d5/" "Mozilla/5.0 (Windows NT 5.1) AppleWebKit/537.36 (KHTML, like Gecko) Chrome/37.0.2062.124 Safari/537.36"
37.132.9.41 - - [29/Sep/2014:12:28:08 +0000] "GET /static/css/lms-style-course.1ad8a42fd647.css HTTP/1.1" 200 57226 "http://www.ucatx.cat/courses/UPF/C01/2014/info" "Mozilla/5.0 (Android; Mobile; rv:32.0) Gecko/32.0 Firefox/32.0"
37.132.9.41 - - [29/Sep/2014:12:28:08 +0000] "GET /static/js/jquery.treeview.b8bebcbdde81.js HTTP/1.1" 200 2546 "http://www.ucatx.cat/courses/UPF/C01/2014/info" "Mozilla/5.0 (Android; Mobile; rv:32.0) Gecko/32.0 Firefox/32.0"
95.23.243.232 - - [29/Sep/2014:12:28:10 +0000] "POST /event HTTP/1.1" 200 38 "http://www.ucatx.cat/courses/UPF/C01/2014/courseware/a3139ca27f5a447289999f387ba484f5/578e50c6623f4bbcbd6f729fba6d29d5/" "Mozilla/5.0 (Windows NT 5.1) AppleWebKit/537.36 (KHTML, like Gecko) Chrome/37.0.2062.124 Safari/537.36"
37.132.9.41 - - [29/Sep/2014:12:28:10 +0000] "GET /static/images/calendar-icon.962b1ddf6dbc.png HTTP/1.1" 200 101 "http://www.ucatx.cat/static/css/lms-style-course.1ad8a42fd647.css" "Mozilla/5.0 (Android; Mobile; rv:32.0) Gecko/32.0 Firefox/32.0"
95.23.243.232 - - [29/Sep/2014:12:28:10 +0000] "POST /event HTTP/1.1" 200 38 "http://www.ucatx.cat/courses/UPF/C01/2014/courseware/a3139ca27f5a447289999f387ba484f5/578e50c6623f4bbcbd6f729fba6d29d5/" "Mozilla/5.0 (Windows NT 5.1) AppleWebKit/537.36 (KHTML, like Gecko) Chrome/37.0.2062.124 Safari/537.36"
95.23.243.232 - - [29/Sep/2014:12:28:10 +0000] "POST /courses/UPF/C01/2014/xblock/i4x:;_;_UPF;_C01;_video;_5f33fe80c9da4b938805dd4607b284f1/handler/xmodule_handler/save_user_state HTTP/1.1" 200 17 "http://www.ucatx.cat/courses/UPF/C01/2014/courseware/a3139ca27f5a447289999f387ba484f5/578e50c6623f4bbcbd6f729fba6d29d5/" "Mozilla/5.0 (Windows NT 5.1) AppleWebKit/537.36 (KHTML, like Gecko) Chrome/37.0.2062.124 Safari/537.36"
37.132.9.41 - - [29/Sep/2014:12:28:13 +0000] "-" 400 0 "-" "-"
37.132.9.41 - - [29/Sep/2014:12:28:13 +0000] "-" 400 0 "-" "-"
37.132.9.41 - - [29/Sep/2014:12:28:14 +0000] "-" 400 0 "-" "-"
37.132.9.41 - - [29/Sep/2014:12:28:14 +0000] "-" 400 0 "-" "-"
95.23.243.232 - - [29/Sep/2014:12:28:14 +0000] "-" 400 0 "-" "-"
37.132.9.41 - - [29/Sep/2014:12:28:37 +0000] "GET /courses/UPF/C01/2014/progress HTTP/1.1" 200 6168 "http://www.ucatx.cat/courses/UPF/C01/2014/info" "Mozilla/5.0 (Android; Mobile; rv:32.0) Gecko/32.0 Firefox/32.0"
37.132.9.41 - - [29/Sep/2014:12:28:37 +0000] "GET /jsi18n/ HTTP/1.1" 200 787 "http://www.ucatx.cat/courses/UPF/C01/2014/progress" "Mozilla/5.0 (Android; Mobile; rv:32.0) Gecko/32.0 Firefox/32.0"
37.132.9.41 - - [29/Sep/2014:12:28:37 +0000] "GET /static/js/vendor/flot/jquery.flot.d3d45ff0c6a8.js HTTP/1.1" 200 24678 "http://www.ucatx.cat/courses/UPF/C01/2014/progress" "Mozilla/5.0 (Android; Mobile; rv:32.0) Gecko/32.0 Firefox/32.0"
37.132.9.41 - - [29/Sep/2014:12:28:37 +0000] "GET /static/js/vendor/flot/jquery.flot.stack.e9af2bfe13e7.js HTTP/1.1" 200 1940 "http://www.ucatx.cat/courses/UPF/C01/2014/progress" "Mozilla/5.0 (Android; Mobile; rv:32.0) Gecko/32.0 Firefox/32.0"
37.132.9.41 - - [29/Sep/2014:12:28:38 +0000] "GET /static/js/vendor/flot/jquery.flot.symbol.df5e55902225.js HTTP/1.1" 200 725 "http://www.ucatx.cat/courses/UPF/C01/2014/progress" "Mozilla/5.0 (Android; Mobile; rv:32.0) Gecko/32.0 Firefox/32.0"
37.132.9.41 - - [29/Sep/2014:12:28:43 +0000] "-" 400 0 "-" "-"
- - 127.0.0.1 - - [29/Sep/2014:12:29:34 +0000]  "GET /api/v1/users/111?complete=True&request_id=70d94a47-6ffa-4940-9b4e-7a06c62f5c72 HTTP/1.1" 200 148 0.012 "-" "python-requests/2.3.0 CPython/2.7.3 Linux/3.2.0-64-virtual"
- - 127.0.0.1 - - [29/Sep/2014:12:29:34 +0000]  "GET /api/v1/threads?user_id=111&recursive=False&sort_key=date&sort_order=desc&request_id=09654016-9d02-44ad-a218-174decef55a4&course_id=UPF%2FC01%2F2014&per_page=20&page=1 HTTP/1.1" 200 5271 0.036 "-" "python-requests/2.3.0 CPython/2.7.3 Linux/3.2.0-64-virtual"
- - 127.0.0.1 - - [29/Sep/2014:12:29:34 +0000]  "GET /api/v1/users/111?complete=True&request_id=43479305-5ac8-4971-914a-d3567466556f HTTP/1.1" 200 148 0.011 "-" "python-requests/2.3.0 CPython/2.7.3 Linux/3.2.0-64-virtual"
37.132.9.41 - - [29/Sep/2014:12:29:34 +0000] "GET /courses/UPF/C01/2014/discussion/forum HTTP/1.1" 200 14161 "http://www.ucatx.cat/courses/UPF/C01/2014/progress" "Mozilla/5.0 (Android; Mobile; rv:32.0) Gecko/32.0 Firefox/32.0"
37.132.9.41 - - [29/Sep/2014:12:29:35 +0000] "GET /jsi18n/ HTTP/1.1" 200 787 "http://www.ucatx.cat/courses/UPF/C01/2014/discussion/forum" "Mozilla/5.0 (Android; Mobile; rv:32.0) Gecko/32.0 Firefox/32.0"
37.132.9.41 - - [29/Sep/2014:12:29:35 +0000] "GET /static/js/split.1e256a271150.js HTTP/1.1" 200 1808 "http://www.ucatx.cat/courses/UPF/C01/2014/discussion/forum" "Mozilla/5.0 (Android; Mobile; rv:32.0) Gecko/32.0 Firefox/32.0"
37.132.9.41 - - [29/Sep/2014:12:29:35 +0000] "GET /static/js/jquery.ajaxfileupload.27e7569a4c1e.js HTTP/1.1" 200 2171 "http://www.ucatx.cat/courses/UPF/C01/2014/discussion/forum" "Mozilla/5.0 (Android; Mobile; rv:32.0) Gecko/32.0 Firefox/32.0"
37.132.9.41 - - [29/Sep/2014:12:29:35 +0000] "GET /static/js/Markdown.Converter.33f02cbe2eb8.js HTTP/1.1" 200 12858 "http://www.ucatx.cat/courses/UPF/C01/2014/discussion/forum" "Mozilla/5.0 (Android; Mobile; rv:32.0) Gecko/32.0 Firefox/32.0"
37.132.9.41 - - [29/Sep/2014:12:29:35 +0000] "GET /static/js/Markdown.Sanitizer.253c591d1f95.js HTTP/1.1" 200 1573 "http://www.ucatx.cat/courses/UPF/C01/2014/discussion/forum" "Mozilla/5.0 (Android; Mobile; rv:32.0) Gecko/32.0 Firefox/32.0"
37.132.9.41 - - [29/Sep/2014:12:29:35 +0000] "GET /static/js/jquery.autocomplete.3bd10d7510d2.js HTTP/1.1" 200 7419 "http://www.ucatx.cat/courses/UPF/C01/2014/discussion/forum" "Mozilla/5.0 (Android; Mobile; rv:32.0) Gecko/32.0 Firefox/32.0"
37.132.9.41 - - [29/Sep/2014:12:29:35 +0000] "GET /static/js/vendor/jquery.timeago.9605aaf0437d.js HTTP/1.1" 200 1623 "http://www.ucatx.cat/courses/UPF/C01/2014/discussion/forum" "Mozilla/5.0 (Android; Mobile; rv:32.0) Gecko/32.0 Firefox/32.0"
37.132.9.41 - - [29/Sep/2014:12:29:35 +0000] "GET /static/js/src/jquery.timeago.locale.b54a9c010cd6.js HTTP/1.1" 200 338 "http://www.ucatx.cat/courses/UPF/C01/2014/discussion/forum" "Mozilla/5.0 (Android; Mobile; rv:32.0) Gecko/32.0 Firefox/32.0"
37.132.9.41 - - [29/Sep/2014:12:29:35 +0000] "GET /static/js/mustache.2aa68bb79181.js HTTP/1.1" 200 4570 "http://www.ucatx.cat/courses/UPF/C01/2014/discussion/forum" "Mozilla/5.0 (Android; Mobile; rv:32.0) Gecko/32.0 Firefox/32.0"
37.132.9.41 - - [29/Sep/2014:12:29:35 +0000] "GET /static/js/vendor/URI.min.03b89112e46e.js HTTP/1.1" 200 11922 "http://www.ucatx.cat/courses/UPF/C01/2014/discussion/forum" "Mozilla/5.0 (Android; Mobile; rv:32.0) Gecko/32.0 Firefox/32.0"
37.132.9.41 - - [29/Sep/2014:12:29:35 +0000] "GET /static/js/Markdown.Editor.dfc3093a1101.js HTTP/1.1" 200 19024 "http://www.ucatx.cat/courses/UPF/C01/2014/discussion/forum" "Mozilla/5.0 (Android; Mobile; rv:32.0) Gecko/32.0 Firefox/32.0"
37.132.9.41 - - [29/Sep/2014:12:29:35 +0000] "GET /static/js/vendor/underscore-min.6dc59d3a72ad.js HTTP/1.1" 200 4602 "http://www.ucatx.cat/courses/UPF/C01/2014/discussion/forum" "Mozilla/5.0 (Android; Mobile; rv:32.0) Gecko/32.0 Firefox/32.0"
37.132.9.41 - - [29/Sep/2014:12:29:35 +0000] "GET /static/js/vendor/backbone-min.752b6162850f.js HTTP/1.1" 200 6411 "http://www.ucatx.cat/courses/UPF/C01/2014/discussion/forum" "Mozilla/5.0 (Android; Mobile; rv:32.0) Gecko/32.0 Firefox/32.0"
37.132.9.41 - - [29/Sep/2014:12:29:35 +0000] "GET /static/css/vendor/jquery.autocomplete.09a0b34739a2.css HTTP/1.1" 200 329 "http://www.ucatx.cat/courses/UPF/C01/2014/discussion/forum" "Mozilla/5.0 (Android; Mobile; rv:32.0) Gecko/32.0 Firefox/32.0"
37.132.9.41 - - [29/Sep/2014:12:29:37 +0000] "GET /static/js/discussion.2f15dc01be40.js HTTP/1.1" 200 27967 "http://www.ucatx.cat/courses/UPF/C01/2014/discussion/forum" "Mozilla/5.0 (Android; Mobile; rv:32.0) Gecko/32.0 Firefox/32.0"
37.132.9.41 - - [29/Sep/2014:12:29:38 +0000] "GET /static/fonts/vendor/fontawesome-webfont.b683029bafe0.woff?v=3.2.1 HTTP/1.1" 200 43572 "http://www.ucatx.cat/static/css/lms-style-vendor.54beeb2704a7.css" "Mozilla/5.0 (Android; Mobile; rv:32.0) Gecko/32.0 Firefox/32.0"
87.223.138.212 - - [29/Sep/2014:12:29:45 +0000] "POST /event HTTP/1.1" 200 38 "http://www.ucatx.cat/courses/UPF/C01/2014/courseware/bc7904dd4a2d4876b295a77fcbae2c2f/a3e6f70f0a2d4220aca79b68fdd47b52/" "Mozilla/5.0 (Windows NT 6.1; WOW64) AppleWebKit/537.36 (KHTML, like Gecko) Chrome/37.0.2062.124 Safari/537.36"
37.132.9.41 - - [29/Sep/2014:12:29:48 +0000] "GET /notification_prefs/status/?ajax=1 HTTP/1.1" 200 44 "http://www.ucatx.cat/courses/UPF/C01/2014/discussion/forum" "Mozilla/5.0 (Android; Mobile; rv:32.0) Gecko/32.0 Firefox/32.0"
37.132.9.41 - - [29/Sep/2014:12:29:49 +0000] "GET /static/images/bg-texture.ae64887d36d1.png HTTP/1.1" 200 10028 "http://www.ucatx.cat/static/css/lms-style-app-extend2.2f38918d2d61.css" "Mozilla/5.0 (Android; Mobile; rv:32.0) Gecko/32.0 Firefox/32.0"
87.223.138.212 - - [29/Sep/2014:12:29:53 +0000] "POST /event HTTP/1.1" 200 38 "http://www.ucatx.cat/courses/UPF/C01/2014/courseware/bc7904dd4a2d4876b295a77fcbae2c2f/a3e6f70f0a2d4220aca79b68fdd47b52/" "Mozilla/5.0 (Windows NT 6.1; WOW64) AppleWebKit/537.36 (KHTML, like Gecko) Chrome/37.0.2062.124 Safari/537.36"
87.223.138.212 - - [29/Sep/2014:12:29:54 +0000] "POST /courses/UPF/C01/2014/xblock/i4x:;_;_UPF;_C01;_video;_a296f28448f9412e8343b5fc3f239a94/handler/xmodule_handler/save_user_state HTTP/1.1" 200 17 "http://www.ucatx.cat/courses/UPF/C01/2014/courseware/bc7904dd4a2d4876b295a77fcbae2c2f/a3e6f70f0a2d4220aca79b68fdd47b52/" "Mozilla/5.0 (Windows NT 6.1; WOW64) AppleWebKit/537.36 (KHTML, like Gecko) Chrome/37.0.2062.124 Safari/537.36"
37.132.9.41 - - [29/Sep/2014:12:30:37 +0000] "GET /logout HTTP/1.1" 499 0 "http://www.ucatx.cat/courses/UPF/C01/2014/discussion/forum" "Mozilla/5.0 (Android; Mobile; rv:32.0) Gecko/32.0 Firefox/32.0"
37.132.9.41 - - [29/Sep/2014:12:30:37 +0000] "GET /logout HTTP/1.1" 302 5 "http://www.ucatx.cat/courses/UPF/C01/2014/discussion/forum" "Mozilla/5.0 (Android; Mobile; rv:32.0) Gecko/32.0 Firefox/32.0"
37.132.9.41 - - [29/Sep/2014:12:30:37 +0000] "GET / HTTP/1.1" 200 4168 "http://www.ucatx.cat/courses/UPF/C01/2014/discussion/forum" "Mozilla/5.0 (Android; Mobile; rv:32.0) Gecko/32.0 Firefox/32.0"
37.132.9.41 - - [29/Sep/2014:12:30:38 +0000] "GET /jsi18n/ HTTP/1.1" 200 787 "http://www.ucatx.cat/" "Mozilla/5.0 (Android; Mobile; rv:32.0) Gecko/32.0 Firefox/32.0"
37.132.9.41 - - [29/Sep/2014:12:30:39 +0000] "GET /c4x/ABC/C02/asset/images_course_image.jpg HTTP/1.1" 404 31 "http://www.ucatx.cat/" "Mozilla/5.0 (Android; Mobile; rv:32.0) Gecko/32.0 Firefox/32.0"
37.132.9.41 - - [29/Sep/2014:12:30:39 +0000] "GET /c4x/ABC/C03/asset/images_course_image.jpg HTTP/1.1" 404 31 "http://www.ucatx.cat/" "Mozilla/5.0 (Android; Mobile; rv:32.0) Gecko/32.0 Firefox/32.0"
37.132.9.41 - - [29/Sep/2014:12:30:39 +0000] "GET /c4x/edX/Open_DemoX/asset/images_course_image.jpg HTTP/1.1" 200 9303 "http://www.ucatx.cat/" "Mozilla/5.0 (Android; Mobile; rv:32.0) Gecko/32.0 Firefox/32.0"
37.132.9.41 - - [29/Sep/2014:12:30:39 +0000] "GET /c4x/UPF/C01/asset/logoMOOC.png HTTP/1.1" 200 24745 "http://www.ucatx.cat/" "Mozilla/5.0 (Android; Mobile; rv:32.0) Gecko/32.0 Firefox/32.0"
37.132.9.41 - - [29/Sep/2014:12:30:39 +0000] "GET /c4x/UAB/E01/asset/coursera_precalc.jpg HTTP/1.1" 200 55434 "http://www.ucatx.cat/" "Mozilla/5.0 (Android; Mobile; rv:32.0) Gecko/32.0 Firefox/32.0"
37.132.9.41 - - [29/Sep/2014:12:30:40 +0000] "GET /c4x/ABC/C02/asset/images_course_image.jpg HTTP/1.1" 404 31 "http://www.ucatx.cat/" "Mozilla/5.0 (Android; Mobile; rv:32.0) Gecko/32.0 Firefox/32.0"
37.132.9.41 - - [29/Sep/2014:12:30:40 +0000] "GET /c4x/ABC/C03/asset/images_course_image.jpg HTTP/1.1" 404 31 "http://www.ucatx.cat/" "Mozilla/5.0 (Android; Mobile; rv:32.0) Gecko/32.0 Firefox/32.0"
37.132.9.41 - - [29/Sep/2014:12:30:50 +0000] "GET /courses/UPF/C01/2014/discussion/forum HTTP/1.1" 302 5 "http://www.ucatx.cat/courses/UPF/C01/2014/progress" "Mozilla/5.0 (Android; Mobile; rv:32.0) Gecko/32.0 Firefox/32.0"
37.132.9.41 - - [29/Sep/2014:12:30:50 +0000] "GET /accounts/login?next=/courses/UPF/C01/2014/discussion/forum HTTP/1.1" 200 5021 "http://www.ucatx.cat/courses/UPF/C01/2014/progress" "Mozilla/5.0 (Android; Mobile; rv:32.0) Gecko/32.0 Firefox/32.0"
193.145.50.149 - - [29/Sep/2014:12:31:59 +0000] "GET / HTTP/1.1" 200 14212 "-" "check_http/v1.4.16 (nagios-plugins 1.4.16)"
193.145.50.149 - - [29/Sep/2014:12:36:59 +0000] "GET / HTTP/1.1" 200 14212 "-" "check_http/v1.4.16 (nagios-plugins 1.4.16)"
193.145.50.149 - - [29/Sep/2014:12:41:59 +0000] "GET / HTTP/1.1" 200 14212 "-" "check_http/v1.4.16 (nagios-plugins 1.4.16)"
193.145.50.149 - - [29/Sep/2014:12:46:59 +0000] "GET / HTTP/1.1" 200 14212 "-" "check_http/v1.4.16 (nagios-plugins 1.4.16)"
80.59.152.219 - - [29/Sep/2014:12:51:24 +0000] "GET /courses/UPF/C01/2014/courseware/a3139ca27f5a447289999f387ba484f5/5bbd8742e0784a798b7947591ae229d7/ HTTP/1.1" 200 9797 "http://www.ucatx.cat/courses/UPF/C01/2014/courseware/a3139ca27f5a447289999f387ba484f5/91ff8042121445c68d81897eae8b8646/" "Mozilla/5.0 (Windows NT 6.1; WOW64; Trident/7.0; rv:11.0) like Gecko"
80.59.152.219 - - [29/Sep/2014:12:51:24 +0000] "GET /jsi18n/ HTTP/1.1" 200 787 "http://www.ucatx.cat/courses/UPF/C01/2014/courseware/a3139ca27f5a447289999f387ba484f5/5bbd8742e0784a798b7947591ae229d7/" "Mozilla/5.0 (Windows NT 6.1; WOW64; Trident/7.0; rv:11.0) like Gecko"
80.59.152.219 - - [29/Sep/2014:12:51:24 +0000] "GET /event?event_type=page_close&event=&page=http%3A%2F%2Fwww.ucatx.cat%2Fcourses%2FUPF%2FC01%2F2014%2Fcourseware%2Fa3139ca27f5a447289999f387ba484f5%2F91ff8042121445c68d81897eae8b8646%2F HTTP/1.1" 200 38 "http://www.ucatx.cat/courses/UPF/C01/2014/courseware/a3139ca27f5a447289999f387ba484f5/91ff8042121445c68d81897eae8b8646/" "Mozilla/5.0 (Windows NT 6.1; WOW64; Trident/7.0; rv:11.0) like Gecko"
80.59.152.219 - - [29/Sep/2014:12:51:28 +0000] "GET /courses/UPF/C01/2014/xblock/i4x:;_;_UPF;_C01;_video;_35e2f7611b9a422eacec71db12eca3fe/handler/transcript/translation/en?videoId=WRxYrNwTzmk HTTP/1.1" 404 0 "http://www.ucatx.cat/courses/UPF/C01/2014/courseware/a3139ca27f5a447289999f387ba484f5/5bbd8742e0784a798b7947591ae229d7/" "Mozilla/5.0 (Windows NT 6.1; WOW64; Trident/7.0; rv:11.0) like Gecko"
80.59.152.219 - - [29/Sep/2014:12:51:28 +0000] "POST /event HTTP/1.1" 200 38 "http://www.ucatx.cat/courses/UPF/C01/2014/courseware/a3139ca27f5a447289999f387ba484f5/5bbd8742e0784a798b7947591ae229d7/" "Mozilla/5.0 (Windows NT 6.1; WOW64; Trident/7.0; rv:11.0) like Gecko"
80.59.152.219 - - [29/Sep/2014:12:51:28 +0000] "POST /event HTTP/1.1" 200 38 "http://www.ucatx.cat/courses/UPF/C01/2014/courseware/a3139ca27f5a447289999f387ba484f5/5bbd8742e0784a798b7947591ae229d7/" "Mozilla/5.0 (Windows NT 6.1; WOW64; Trident/7.0; rv:11.0) like Gecko"
80.59.152.219 - - [29/Sep/2014:12:51:29 +0000] "POST /event HTTP/1.1" 200 38 "http://www.ucatx.cat/courses/UPF/C01/2014/courseware/a3139ca27f5a447289999f387ba484f5/5bbd8742e0784a798b7947591ae229d7/" "Mozilla/5.0 (Windows NT 6.1; WOW64; Trident/7.0; rv:11.0) like Gecko"
80.59.152.219 - - [29/Sep/2014:12:51:30 +0000] "POST /courses/UPF/C01/2014/xblock/i4x:;_;_UPF;_C01;_video;_35e2f7611b9a422eacec71db12eca3fe/handler/xmodule_handler/save_user_state HTTP/1.1" 200 17 "http://www.ucatx.cat/courses/UPF/C01/2014/courseware/a3139ca27f5a447289999f387ba484f5/5bbd8742e0784a798b7947591ae229d7/" "Mozilla/5.0 (Windows NT 6.1; WOW64; Trident/7.0; rv:11.0) like Gecko"
80.59.152.219 - - [29/Sep/2014:12:51:33 +0000] "POST /event HTTP/1.1" 200 38 "http://www.ucatx.cat/courses/UPF/C01/2014/courseware/a3139ca27f5a447289999f387ba484f5/5bbd8742e0784a798b7947591ae229d7/" "Mozilla/5.0 (Windows NT 6.1; WOW64; Trident/7.0; rv:11.0) like Gecko"
80.59.152.219 - - [29/Sep/2014:12:51:44 +0000] "GET /static/images/mute.2e8f5f3b617b.png HTTP/1.1" 200 185 "http://www.ucatx.cat/courses/UPF/C01/2014/courseware/a3139ca27f5a447289999f387ba484f5/5bbd8742e0784a798b7947591ae229d7/" "Mozilla/5.0 (Windows NT 6.1; WOW64; Trident/7.0; rv:11.0) like Gecko"
193.145.50.149 - - [29/Sep/2014:12:51:59 +0000] "GET / HTTP/1.1" 200 14212 "-" "check_http/v1.4.16 (nagios-plugins 1.4.16)"
80.59.152.219 - - [29/Sep/2014:12:53:48 +0000] "POST /event HTTP/1.1" 200 38 "http://www.ucatx.cat/courses/UPF/C01/2014/courseware/a3139ca27f5a447289999f387ba484f5/5bbd8742e0784a798b7947591ae229d7/" "Mozilla/5.0 (Windows NT 6.1; WOW64; Trident/7.0; rv:11.0) like Gecko"
80.59.152.219 - - [29/Sep/2014:12:53:48 +0000] "POST /event HTTP/1.1" 200 38 "http://www.ucatx.cat/courses/UPF/C01/2014/courseware/a3139ca27f5a447289999f387ba484f5/5bbd8742e0784a798b7947591ae229d7/" "Mozilla/5.0 (Windows NT 6.1; WOW64; Trident/7.0; rv:11.0) like Gecko"
80.59.152.219 - - [29/Sep/2014:12:53:48 +0000] "POST /courses/UPF/C01/2014/xblock/i4x:;_;_UPF;_C01;_video;_35e2f7611b9a422eacec71db12eca3fe/handler/xmodule_handler/save_user_state HTTP/1.1" 200 17 "http://www.ucatx.cat/courses/UPF/C01/2014/courseware/a3139ca27f5a447289999f387ba484f5/5bbd8742e0784a798b7947591ae229d7/" "Mozilla/5.0 (Windows NT 6.1; WOW64; Trident/7.0; rv:11.0) like Gecko"
80.59.152.219 - - [29/Sep/2014:12:54:04 +0000] "GET /courses/UPF/C01/2014/courseware/cbcdeadbef374166bf5e752478ca716f/c27263f5bcb34c2188c2684684ac853a/ HTTP/1.1" 200 9706 "http://www.ucatx.cat/courses/UPF/C01/2014/courseware/a3139ca27f5a447289999f387ba484f5/5bbd8742e0784a798b7947591ae229d7/" "Mozilla/5.0 (Windows NT 6.1; WOW64; Trident/7.0; rv:11.0) like Gecko"
80.59.152.219 - - [29/Sep/2014:12:54:04 +0000] "GET /jsi18n/ HTTP/1.1" 200 787 "http://www.ucatx.cat/courses/UPF/C01/2014/courseware/cbcdeadbef374166bf5e752478ca716f/c27263f5bcb34c2188c2684684ac853a/" "Mozilla/5.0 (Windows NT 6.1; WOW64; Trident/7.0; rv:11.0) like Gecko"
80.59.152.219 - - [29/Sep/2014:12:54:04 +0000] "GET /event?event_type=page_close&event=&page=http%3A%2F%2Fwww.ucatx.cat%2Fcourses%2FUPF%2FC01%2F2014%2Fcourseware%2Fa3139ca27f5a447289999f387ba484f5%2F5bbd8742e0784a798b7947591ae229d7%2F HTTP/1.1" 200 38 "http://www.ucatx.cat/courses/UPF/C01/2014/courseware/a3139ca27f5a447289999f387ba484f5/5bbd8742e0784a798b7947591ae229d7/" "Mozilla/5.0 (Windows NT 6.1; WOW64; Trident/7.0; rv:11.0) like Gecko"
80.59.152.219 - - [29/Sep/2014:12:54:05 +0000] "POST /event HTTP/1.1" 200 38 "http://www.ucatx.cat/courses/UPF/C01/2014/courseware/cbcdeadbef374166bf5e752478ca716f/c27263f5bcb34c2188c2684684ac853a/" "Mozilla/5.0 (Windows NT 6.1; WOW64; Trident/7.0; rv:11.0) like Gecko"
80.59.152.219 - - [29/Sep/2014:12:54:05 +0000] "GET /courses/UPF/C01/2014/xblock/i4x:;_;_UPF;_C01;_video;_9c54cde5bd65433f88849eeab2506f04/handler/transcript/translation/en?videoId=rrpSQSR_TIY HTTP/1.1" 404 0 "http://www.ucatx.cat/courses/UPF/C01/2014/courseware/cbcdeadbef374166bf5e752478ca716f/c27263f5bcb34c2188c2684684ac853a/" "Mozilla/5.0 (Windows NT 6.1; WOW64; Trident/7.0; rv:11.0) like Gecko"
80.59.152.219 - - [29/Sep/2014:12:54:06 +0000] "POST /event HTTP/1.1" 200 38 "http://www.ucatx.cat/courses/UPF/C01/2014/courseware/cbcdeadbef374166bf5e752478ca716f/c27263f5bcb34c2188c2684684ac853a/" "Mozilla/5.0 (Windows NT 6.1; WOW64; Trident/7.0; rv:11.0) like Gecko"
80.59.152.219 - - [29/Sep/2014:12:54:06 +0000] "POST /event HTTP/1.1" 200 38 "http://www.ucatx.cat/courses/UPF/C01/2014/courseware/cbcdeadbef374166bf5e752478ca716f/c27263f5bcb34c2188c2684684ac853a/" "Mozilla/5.0 (Windows NT 6.1; WOW64; Trident/7.0; rv:11.0) like Gecko"
80.59.152.219 - - [29/Sep/2014:12:54:07 +0000] "POST /courses/UPF/C01/2014/xblock/i4x:;_;_UPF;_C01;_video;_9c54cde5bd65433f88849eeab2506f04/handler/xmodule_handler/save_user_state HTTP/1.1" 200 17 "http://www.ucatx.cat/courses/UPF/C01/2014/courseware/cbcdeadbef374166bf5e752478ca716f/c27263f5bcb34c2188c2684684ac853a/" "Mozilla/5.0 (Windows NT 6.1; WOW64; Trident/7.0; rv:11.0) like Gecko"
80.59.152.219 - - [29/Sep/2014:12:54:10 +0000] "POST /event HTTP/1.1" 200 38 "http://www.ucatx.cat/courses/UPF/C01/2014/courseware/cbcdeadbef374166bf5e752478ca716f/c27263f5bcb34c2188c2684684ac853a/" "Mozilla/5.0 (Windows NT 6.1; WOW64; Trident/7.0; rv:11.0) like Gecko"
80.59.152.219 - - [29/Sep/2014:12:54:10 +0000] "POST /event HTTP/1.1" 200 38 "http://www.ucatx.cat/courses/UPF/C01/2014/courseware/cbcdeadbef374166bf5e752478ca716f/c27263f5bcb34c2188c2684684ac853a/" "Mozilla/5.0 (Windows NT 6.1; WOW64; Trident/7.0; rv:11.0) like Gecko"
80.59.152.219 - - [29/Sep/2014:12:54:10 +0000] "POST /event HTTP/1.1" 200 38 "http://www.ucatx.cat/courses/UPF/C01/2014/courseware/cbcdeadbef374166bf5e752478ca716f/c27263f5bcb34c2188c2684684ac853a/" "Mozilla/5.0 (Windows NT 6.1; WOW64; Trident/7.0; rv:11.0) like Gecko"
80.59.152.219 - - [29/Sep/2014:12:54:41 +0000] "POST /event HTTP/1.1" 200 38 "http://www.ucatx.cat/courses/UPF/C01/2014/courseware/cbcdeadbef374166bf5e752478ca716f/c27263f5bcb34c2188c2684684ac853a/" "Mozilla/5.0 (Windows NT 6.1; WOW64; Trident/7.0; rv:11.0) like Gecko"
