87.223.138.212 - - [29/Sep/2014:11:09:37 +0000] "POST /courses/UPF/C01/2014/xblock/i4x:;_;_UPF;_C01;_video;_a296f28448f9412e8343b5fc3f239a94/handler/xmodule_handler/save_user_state HTTP/1.1" 200 17 "http://www.ucatx.cat/courses/UPF/C01/2014/courseware/bc7904dd4a2d4876b295a77fcbae2c2f/a3e6f70f0a2d4220aca79b68fdd47b52/" "Mozilla/5.0 (Windows NT 6.1; WOW64) AppleWebKit/537.36 (KHTML, like Gecko) Chrome/37.0.2062.124 Safari/537.36"
87.223.138.212 - - [29/Sep/2014:11:11:06 +0000] "POST /event HTTP/1.1" 200 38 "http://www.ucatx.cat/courses/UPF/C01/2014/courseware/bc7904dd4a2d4876b295a77fcbae2c2f/a3e6f70f0a2d4220aca79b68fdd47b52/" "Mozilla/5.0 (Windows NT 6.1; WOW64) AppleWebKit/537.36 (KHTML, like Gecko) Chrome/37.0.2062.124 Safari/537.36"
87.223.138.212 - - [29/Sep/2014:11:11:25 +0000] "POST /event HTTP/1.1" 200 38 "http://www.ucatx.cat/courses/UPF/C01/2014/courseware/bc7904dd4a2d4876b295a77fcbae2c2f/a3e6f70f0a2d4220aca79b68fdd47b52/" "Mozilla/5.0 (Windows NT 6.1; WOW64) AppleWebKit/537.36 (KHTML, like Gecko) Chrome/37.0.2062.124 Safari/537.36"
87.223.138.212 - - [29/Sep/2014:11:11:25 +0000] "POST /event HTTP/1.1" 200 38 "http://www.ucatx.cat/courses/UPF/C01/2014/courseware/bc7904dd4a2d4876b295a77fcbae2c2f/a3e6f70f0a2d4220aca79b68fdd47b52/" "Mozilla/5.0 (Windows NT 6.1; WOW64) AppleWebKit/537.36 (KHTML, like Gecko) Chrome/37.0.2062.124 Safari/537.36"
87.223.138.212 - - [29/Sep/2014:11:11:28 +0000] "POST /event HTTP/1.1" 200 38 "http://www.ucatx.cat/courses/UPF/C01/2014/courseware/bc7904dd4a2d4876b295a77fcbae2c2f/a3e6f70f0a2d4220aca79b68fdd47b52/" "Mozilla/5.0 (Windows NT 6.1; WOW64) AppleWebKit/537.36 (KHTML, like Gecko) Chrome/37.0.2062.124 Safari/537.36"
87.223.138.212 - - [29/Sep/2014:11:11:28 +0000] "POST /event HTTP/1.1" 200 38 "http://www.ucatx.cat/courses/UPF/C01/2014/courseware/bc7904dd4a2d4876b295a77fcbae2c2f/a3e6f70f0a2d4220aca79b68fdd47b52/" "Mozilla/5.0 (Windows NT 6.1; WOW64) AppleWebKit/537.36 (KHTML, like Gecko) Chrome/37.0.2062.124 Safari/537.36"
87.223.138.212 - - [29/Sep/2014:11:11:29 +0000] "POST /event HTTP/1.1" 200 38 "http://www.ucatx.cat/courses/UPF/C01/2014/courseware/bc7904dd4a2d4876b295a77fcbae2c2f/a3e6f70f0a2d4220aca79b68fdd47b52/" "Mozilla/5.0 (Windows NT 6.1; WOW64) AppleWebKit/537.36 (KHTML, like Gecko) Chrome/37.0.2062.124 Safari/537.36"
87.223.138.212 - - [29/Sep/2014:11:11:29 +0000] "POST /event HTTP/1.1" 200 38 "http://www.ucatx.cat/courses/UPF/C01/2014/courseware/bc7904dd4a2d4876b295a77fcbae2c2f/a3e6f70f0a2d4220aca79b68fdd47b52/" "Mozilla/5.0 (Windows NT 6.1; WOW64) AppleWebKit/537.36 (KHTML, like Gecko) Chrome/37.0.2062.124 Safari/537.36"
87.223.138.212 - - [29/Sep/2014:11:11:30 +0000] "POST /event HTTP/1.1" 200 38 "http://www.ucatx.cat/courses/UPF/C01/2014/courseware/bc7904dd4a2d4876b295a77fcbae2c2f/a3e6f70f0a2d4220aca79b68fdd47b52/" "Mozilla/5.0 (Windows NT 6.1; WOW64) AppleWebKit/537.36 (KHTML, like Gecko) Chrome/37.0.2062.124 Safari/537.36"
87.223.138.212 - - [29/Sep/2014:11:11:30 +0000] "POST /event HTTP/1.1" 200 38 "http://www.ucatx.cat/courses/UPF/C01/2014/courseware/bc7904dd4a2d4876b295a77fcbae2c2f/a3e6f70f0a2d4220aca79b68fdd47b52/" "Mozilla/5.0 (Windows NT 6.1; WOW64) AppleWebKit/537.36 (KHTML, like Gecko) Chrome/37.0.2062.124 Safari/537.36"
87.223.138.212 - - [29/Sep/2014:11:11:31 +0000] "POST /event HTTP/1.1" 200 38 "http://www.ucatx.cat/courses/UPF/C01/2014/courseware/bc7904dd4a2d4876b295a77fcbae2c2f/a3e6f70f0a2d4220aca79b68fdd47b52/" "Mozilla/5.0 (Windows NT 6.1; WOW64) AppleWebKit/537.36 (KHTML, like Gecko) Chrome/37.0.2062.124 Safari/537.36"
87.223.138.212 - - [29/Sep/2014:11:11:31 +0000] "POST /event HTTP/1.1" 200 38 "http://www.ucatx.cat/courses/UPF/C01/2014/courseware/bc7904dd4a2d4876b295a77fcbae2c2f/a3e6f70f0a2d4220aca79b68fdd47b52/" "Mozilla/5.0 (Windows NT 6.1; WOW64) AppleWebKit/537.36 (KHTML, like Gecko) Chrome/37.0.2062.124 Safari/537.36"
193.145.50.149 - - [29/Sep/2014:11:12:01 +0000] "GET / HTTP/1.1" 200 14212 "-" "check_http/v1.4.16 (nagios-plugins 1.4.16)"
193.145.50.149 - - [29/Sep/2014:11:16:59 +0000] "GET / HTTP/1.1" 200 14212 "-" "check_http/v1.4.16 (nagios-plugins 1.4.16)"
87.223.138.212 - - [29/Sep/2014:11:19:57 +0000] "POST /event HTTP/1.1" 200 38 "http://www.ucatx.cat/courses/UPF/C01/2014/courseware/bc7904dd4a2d4876b295a77fcbae2c2f/a3e6f70f0a2d4220aca79b68fdd47b52/" "Mozilla/5.0 (Windows NT 6.1; WOW64) AppleWebKit/537.36 (KHTML, like Gecko) Chrome/37.0.2062.124 Safari/537.36"
87.223.138.212 - - [29/Sep/2014:11:19:57 +0000] "POST /courses/UPF/C01/2014/xblock/i4x:;_;_UPF;_C01;_video;_a296f28448f9412e8343b5fc3f239a94/handler/xmodule_handler/save_user_state HTTP/1.1" 200 17 "http://www.ucatx.cat/courses/UPF/C01/2014/courseware/bc7904dd4a2d4876b295a77fcbae2c2f/a3e6f70f0a2d4220aca79b68fdd47b52/" "Mozilla/5.0 (Windows NT 6.1; WOW64) AppleWebKit/537.36 (KHTML, like Gecko) Chrome/37.0.2062.124 Safari/537.36"
87.223.138.212 - - [29/Sep/2014:11:20:56 +0000] "POST /event HTTP/1.1" 200 38 "http://www.ucatx.cat/courses/UPF/C01/2014/courseware/bc7904dd4a2d4876b295a77fcbae2c2f/a3e6f70f0a2d4220aca79b68fdd47b52/" "Mozilla/5.0 (Windows NT 6.1; WOW64) AppleWebKit/537.36 (KHTML, like Gecko) Chrome/37.0.2062.124 Safari/537.36"
87.223.138.212 - - [29/Sep/2014:11:21:55 +0000] "POST /event HTTP/1.1" 200 38 "http://www.ucatx.cat/courses/UPF/C01/2014/courseware/bc7904dd4a2d4876b295a77fcbae2c2f/a3e6f70f0a2d4220aca79b68fdd47b52/" "Mozilla/5.0 (Windows NT 6.1; WOW64) AppleWebKit/537.36 (KHTML, like Gecko) Chrome/37.0.2062.124 Safari/537.36"
87.223.138.212 - - [29/Sep/2014:11:21:55 +0000] "POST /courses/UPF/C01/2014/xblock/i4x:;_;_UPF;_C01;_video;_a296f28448f9412e8343b5fc3f239a94/handler/xmodule_handler/save_user_state HTTP/1.1" 200 17 "http://www.ucatx.cat/courses/UPF/C01/2014/courseware/bc7904dd4a2d4876b295a77fcbae2c2f/a3e6f70f0a2d4220aca79b68fdd47b52/" "Mozilla/5.0 (Windows NT 6.1; WOW64) AppleWebKit/537.36 (KHTML, like Gecko) Chrome/37.0.2062.124 Safari/537.36"
193.145.50.149 - - [29/Sep/2014:11:21:59 +0000] "GET / HTTP/1.1" 200 14212 "-" "check_http/v1.4.16 (nagios-plugins 1.4.16)"
87.223.138.212 - - [29/Sep/2014:11:22:05 +0000] "-" 400 0 "-" "-"
87.223.138.212 - - [29/Sep/2014:11:22:22 +0000] "POST /event HTTP/1.1" 200 38 "http://www.ucatx.cat/courses/UPF/C01/2014/courseware/bc7904dd4a2d4876b295a77fcbae2c2f/a3e6f70f0a2d4220aca79b68fdd47b52/" "Mozilla/5.0 (Windows NT 6.1; WOW64) AppleWebKit/537.36 (KHTML, like Gecko) Chrome/37.0.2062.124 Safari/537.36"
87.223.138.212 - - [29/Sep/2014:11:23:00 +0000] "POST /event HTTP/1.1" 200 38 "http://www.ucatx.cat/courses/UPF/C01/2014/courseware/bc7904dd4a2d4876b295a77fcbae2c2f/a3e6f70f0a2d4220aca79b68fdd47b52/" "Mozilla/5.0 (Windows NT 6.1; WOW64) AppleWebKit/537.36 (KHTML, like Gecko) Chrome/37.0.2062.124 Safari/537.36"
87.223.138.212 - - [29/Sep/2014:11:23:00 +0000] "POST /courses/UPF/C01/2014/xblock/i4x:;_;_UPF;_C01;_video;_a296f28448f9412e8343b5fc3f239a94/handler/xmodule_handler/save_user_state HTTP/1.1" 200 17 "http://www.ucatx.cat/courses/UPF/C01/2014/courseware/bc7904dd4a2d4876b295a77fcbae2c2f/a3e6f70f0a2d4220aca79b68fdd47b52/" "Mozilla/5.0 (Windows NT 6.1; WOW64) AppleWebKit/537.36 (KHTML, like Gecko) Chrome/37.0.2062.124 Safari/537.36"
87.223.138.212 - - [29/Sep/2014:11:23:38 +0000] "POST /event HTTP/1.1" 200 38 "http://www.ucatx.cat/courses/UPF/C01/2014/courseware/bc7904dd4a2d4876b295a77fcbae2c2f/a3e6f70f0a2d4220aca79b68fdd47b52/" "Mozilla/5.0 (Windows NT 6.1; WOW64) AppleWebKit/537.36 (KHTML, like Gecko) Chrome/37.0.2062.124 Safari/537.36"
87.223.138.212 - - [29/Sep/2014:11:24:22 +0000] "POST /event HTTP/1.1" 200 38 "http://www.ucatx.cat/courses/UPF/C01/2014/courseware/bc7904dd4a2d4876b295a77fcbae2c2f/a3e6f70f0a2d4220aca79b68fdd47b52/" "Mozilla/5.0 (Windows NT 6.1; WOW64) AppleWebKit/537.36 (KHTML, like Gecko) Chrome/37.0.2062.124 Safari/537.36"
87.223.138.212 - - [29/Sep/2014:11:24:22 +0000] "POST /courses/UPF/C01/2014/xblock/i4x:;_;_UPF;_C01;_video;_a296f28448f9412e8343b5fc3f239a94/handler/xmodule_handler/save_user_state HTTP/1.1" 200 17 "http://www.ucatx.cat/courses/UPF/C01/2014/courseware/bc7904dd4a2d4876b295a77fcbae2c2f/a3e6f70f0a2d4220aca79b68fdd47b52/" "Mozilla/5.0 (Windows NT 6.1; WOW64) AppleWebKit/537.36 (KHTML, like Gecko) Chrome/37.0.2062.124 Safari/537.36"
87.223.138.212 - - [29/Sep/2014:11:24:46 +0000] "POST /event HTTP/1.1" 200 38 "http://www.ucatx.cat/courses/UPF/C01/2014/courseware/bc7904dd4a2d4876b295a77fcbae2c2f/a3e6f70f0a2d4220aca79b68fdd47b52/" "Mozilla/5.0 (Windows NT 6.1; WOW64) AppleWebKit/537.36 (KHTML, like Gecko) Chrome/37.0.2062.124 Safari/537.36"
66.249.67.6 - - [29/Sep/2014:11:24:54 +0000] "GET /robots.txt HTTP/1.1" 404 3196 "-" "Mozilla/5.0 (compatible; Googlebot/2.1; +http://www.google.com/bot.html)"
66.249.67.17 - - [29/Sep/2014:11:24:54 +0000] "GET /courses/UPF/C01/2014/about HTTP/1.1" 200 6794 "-" "Mozilla/5.0 (compatible; Googlebot/2.1; +http://www.google.com/bot.html)"
87.223.138.212 - - [29/Sep/2014:11:25:08 +0000] "POST /event HTTP/1.1" 200 38 "http://www.ucatx.cat/courses/UPF/C01/2014/courseware/bc7904dd4a2d4876b295a77fcbae2c2f/a3e6f70f0a2d4220aca79b68fdd47b52/" "Mozilla/5.0 (Windows NT 6.1; WOW64) AppleWebKit/537.36 (KHTML, like Gecko) Chrome/37.0.2062.124 Safari/537.36"
87.223.138.212 - - [29/Sep/2014:11:25:08 +0000] "POST /event HTTP/1.1" 200 38 "http://www.ucatx.cat/courses/UPF/C01/2014/courseware/bc7904dd4a2d4876b295a77fcbae2c2f/a3e6f70f0a2d4220aca79b68fdd47b52/" "Mozilla/5.0 (Windows NT 6.1; WOW64) AppleWebKit/537.36 (KHTML, like Gecko) Chrome/37.0.2062.124 Safari/537.36"
87.223.138.212 - - [29/Sep/2014:11:25:08 +0000] "POST /event HTTP/1.1" 200 38 "http://www.ucatx.cat/courses/UPF/C01/2014/courseware/bc7904dd4a2d4876b295a77fcbae2c2f/a3e6f70f0a2d4220aca79b68fdd47b52/" "Mozilla/5.0 (Windows NT 6.1; WOW64) AppleWebKit/537.36 (KHTML, like Gecko) Chrome/37.0.2062.124 Safari/537.36"
87.223.138.212 - - [29/Sep/2014:11:25:08 +0000] "POST /event HTTP/1.1" 200 38 "http://www.ucatx.cat/courses/UPF/C01/2014/courseware/bc7904dd4a2d4876b295a77fcbae2c2f/a3e6f70f0a2d4220aca79b68fdd47b52/" "Mozilla/5.0 (Windows NT 6.1; WOW64) AppleWebKit/537.36 (KHTML, like Gecko) Chrome/37.0.2062.124 Safari/537.36"
87.223.138.212 - - [29/Sep/2014:11:25:09 +0000] "POST /event HTTP/1.1" 200 38 "http://www.ucatx.cat/courses/UPF/C01/2014/courseware/bc7904dd4a2d4876b295a77fcbae2c2f/a3e6f70f0a2d4220aca79b68fdd47b52/" "Mozilla/5.0 (Windows NT 6.1; WOW64) AppleWebKit/537.36 (KHTML, like Gecko) Chrome/37.0.2062.124 Safari/537.36"
87.223.138.212 - - [29/Sep/2014:11:25:09 +0000] "POST /courses/UPF/C01/2014/xblock/i4x:;_;_UPF;_C01;_video;_a296f28448f9412e8343b5fc3f239a94/handler/xmodule_handler/save_user_state HTTP/1.1" 200 17 "http://www.ucatx.cat/courses/UPF/C01/2014/courseware/bc7904dd4a2d4876b295a77fcbae2c2f/a3e6f70f0a2d4220aca79b68fdd47b52/" "Mozilla/5.0 (Windows NT 6.1; WOW64) AppleWebKit/537.36 (KHTML, like Gecko) Chrome/37.0.2062.124 Safari/537.36"
87.223.138.212 - - [29/Sep/2014:11:25:11 +0000] "POST /event HTTP/1.1" 200 38 "http://www.ucatx.cat/courses/UPF/C01/2014/courseware/bc7904dd4a2d4876b295a77fcbae2c2f/a3e6f70f0a2d4220aca79b68fdd47b52/" "Mozilla/5.0 (Windows NT 6.1; WOW64) AppleWebKit/537.36 (KHTML, like Gecko) Chrome/37.0.2062.124 Safari/537.36"
87.223.138.212 - - [29/Sep/2014:11:25:14 +0000] "POST /event HTTP/1.1" 200 38 "http://www.ucatx.cat/courses/UPF/C01/2014/courseware/bc7904dd4a2d4876b295a77fcbae2c2f/a3e6f70f0a2d4220aca79b68fdd47b52/" "Mozilla/5.0 (Windows NT 6.1; WOW64) AppleWebKit/537.36 (KHTML, like Gecko) Chrome/37.0.2062.124 Safari/537.36"
87.223.138.212 - - [29/Sep/2014:11:25:14 +0000] "POST /courses/UPF/C01/2014/xblock/i4x:;_;_UPF;_C01;_video;_a296f28448f9412e8343b5fc3f239a94/handler/xmodule_handler/save_user_state HTTP/1.1" 200 17 "http://www.ucatx.cat/courses/UPF/C01/2014/courseware/bc7904dd4a2d4876b295a77fcbae2c2f/a3e6f70f0a2d4220aca79b68fdd47b52/" "Mozilla/5.0 (Windows NT 6.1; WOW64) AppleWebKit/537.36 (KHTML, like Gecko) Chrome/37.0.2062.124 Safari/537.36"
87.223.138.212 - - [29/Sep/2014:11:25:30 +0000] "POST /event HTTP/1.1" 200 38 "http://www.ucatx.cat/courses/UPF/C01/2014/courseware/bc7904dd4a2d4876b295a77fcbae2c2f/a3e6f70f0a2d4220aca79b68fdd47b52/" "Mozilla/5.0 (Windows NT 6.1; WOW64) AppleWebKit/537.36 (KHTML, like Gecko) Chrome/37.0.2062.124 Safari/537.36"
87.223.138.212 - - [29/Sep/2014:11:26:14 +0000] "POST /event HTTP/1.1" 200 38 "http://www.ucatx.cat/courses/UPF/C01/2014/courseware/bc7904dd4a2d4876b295a77fcbae2c2f/a3e6f70f0a2d4220aca79b68fdd47b52/" "Mozilla/5.0 (Windows NT 6.1; WOW64) AppleWebKit/537.36 (KHTML, like Gecko) Chrome/37.0.2062.124 Safari/537.36"
87.223.138.212 - - [29/Sep/2014:11:26:14 +0000] "POST /courses/UPF/C01/2014/xblock/i4x:;_;_UPF;_C01;_video;_a296f28448f9412e8343b5fc3f239a94/handler/xmodule_handler/save_user_state HTTP/1.1" 200 17 "http://www.ucatx.cat/courses/UPF/C01/2014/courseware/bc7904dd4a2d4876b295a77fcbae2c2f/a3e6f70f0a2d4220aca79b68fdd47b52/" "Mozilla/5.0 (Windows NT 6.1; WOW64) AppleWebKit/537.36 (KHTML, like Gecko) Chrome/37.0.2062.124 Safari/537.36"
193.145.50.149 - - [29/Sep/2014:11:26:59 +0000] "GET / HTTP/1.1" 200 14212 "-" "check_http/v1.4.16 (nagios-plugins 1.4.16)"
87.223.138.212 - - [29/Sep/2014:11:27:30 +0000] "POST /event HTTP/1.1" 200 38 "http://www.ucatx.cat/courses/UPF/C01/2014/courseware/bc7904dd4a2d4876b295a77fcbae2c2f/a3e6f70f0a2d4220aca79b68fdd47b52/" "Mozilla/5.0 (Windows NT 6.1; WOW64) AppleWebKit/537.36 (KHTML, like Gecko) Chrome/37.0.2062.124 Safari/537.36"
87.223.138.212 - - [29/Sep/2014:11:28:08 +0000] "POST /event HTTP/1.1" 200 38 "http://www.ucatx.cat/courses/UPF/C01/2014/courseware/bc7904dd4a2d4876b295a77fcbae2c2f/a3e6f70f0a2d4220aca79b68fdd47b52/" "Mozilla/5.0 (Windows NT 6.1; WOW64) AppleWebKit/537.36 (KHTML, like Gecko) Chrome/37.0.2062.124 Safari/537.36"
87.223.138.212 - - [29/Sep/2014:11:28:09 +0000] "POST /courses/UPF/C01/2014/xblock/i4x:;_;_UPF;_C01;_video;_a296f28448f9412e8343b5fc3f239a94/handler/xmodule_handler/save_user_state HTTP/1.1" 200 17 "http://www.ucatx.cat/courses/UPF/C01/2014/courseware/bc7904dd4a2d4876b295a77fcbae2c2f/a3e6f70f0a2d4220aca79b68fdd47b52/" "Mozilla/5.0 (Windows NT 6.1; WOW64) AppleWebKit/537.36 (KHTML, like Gecko) Chrome/37.0.2062.124 Safari/537.36"
87.223.138.212 - - [29/Sep/2014:11:28:16 +0000] "POST /event HTTP/1.1" 200 38 "http://www.ucatx.cat/courses/UPF/C01/2014/courseware/bc7904dd4a2d4876b295a77fcbae2c2f/a3e6f70f0a2d4220aca79b68fdd47b52/" "Mozilla/5.0 (Windows NT 6.1; WOW64) AppleWebKit/537.36 (KHTML, like Gecko) Chrome/37.0.2062.124 Safari/537.36"
87.223.138.212 - - [29/Sep/2014:11:28:25 +0000] "POST /event HTTP/1.1" 200 38 "http://www.ucatx.cat/courses/UPF/C01/2014/courseware/bc7904dd4a2d4876b295a77fcbae2c2f/a3e6f70f0a2d4220aca79b68fdd47b52/" "Mozilla/5.0 (Windows NT 6.1; WOW64) AppleWebKit/537.36 (KHTML, like Gecko) Chrome/37.0.2062.124 Safari/537.36"
87.223.138.212 - - [29/Sep/2014:11:28:25 +0000] "POST /courses/UPF/C01/2014/xblock/i4x:;_;_UPF;_C01;_video;_a296f28448f9412e8343b5fc3f239a94/handler/xmodule_handler/save_user_state HTTP/1.1" 200 17 "http://www.ucatx.cat/courses/UPF/C01/2014/courseware/bc7904dd4a2d4876b295a77fcbae2c2f/a3e6f70f0a2d4220aca79b68fdd47b52/" "Mozilla/5.0 (Windows NT 6.1; WOW64) AppleWebKit/537.36 (KHTML, like Gecko) Chrome/37.0.2062.124 Safari/537.36"
193.145.50.149 - - [29/Sep/2014:11:31:59 +0000] "GET / HTTP/1.1" 200 14212 "-" "check_http/v1.4.16 (nagios-plugins 1.4.16)"
193.145.50.149 - - [29/Sep/2014:11:36:59 +0000] "GET / HTTP/1.1" 200 14212 "-" "check_http/v1.4.16 (nagios-plugins 1.4.16)"
193.145.50.149 - - [29/Sep/2014:11:42:00 +0000] "GET / HTTP/1.1" 200 14212 "-" "check_http/v1.4.16 (nagios-plugins 1.4.16)"
193.145.50.149 - - [29/Sep/2014:11:46:59 +0000] "GET / HTTP/1.1" 200 14212 "-" "check_http/v1.4.16 (nagios-plugins 1.4.16)"
193.145.50.149 - - [29/Sep/2014:11:51:59 +0000] "GET / HTTP/1.1" 200 14212 "-" "check_http/v1.4.16 (nagios-plugins 1.4.16)"
193.145.50.149 - - [29/Sep/2014:11:56:59 +0000] "GET / HTTP/1.1" 200 14212 "-" "check_http/v1.4.16 (nagios-plugins 1.4.16)"
207.46.13.89 - - [29/Sep/2014:11:59:08 +0000] "GET /robots.txt HTTP/1.1" 404 8414 "-" "Mozilla/5.0 (compatible; bingbot/2.0; +http://www.bing.com/bingbot.htm)"
207.46.13.89 - - [29/Sep/2014:11:59:54 +0000] "GET / HTTP/1.1" 200 4168 "-" "Mozilla/5.0 (compatible; bingbot/2.0; +http://www.bing.com/bingbot.htm)"
193.145.50.149 - - [29/Sep/2014:12:01:59 +0000] "GET / HTTP/1.1" 200 14212 "-" "check_http/v1.4.16 (nagios-plugins 1.4.16)"
193.145.50.149 - - [29/Sep/2014:12:06:59 +0000] "GET / HTTP/1.1" 200 14212 "-" "check_http/v1.4.16 (nagios-plugins 1.4.16)"
193.145.50.149 - - [29/Sep/2014:12:11:59 +0000] "GET / HTTP/1.1" 200 14212 "-" "check_http/v1.4.16 (nagios-plugins 1.4.16)"
87.223.138.212 - - [29/Sep/2014:12:13:46 +0000] "POST /event HTTP/1.1" 200 38 "http://www.ucatx.cat/courses/UPF/C01/2014/courseware/bc7904dd4a2d4876b295a77fcbae2c2f/a3e6f70f0a2d4220aca79b68fdd47b52/" "Mozilla/5.0 (Windows NT 6.1; WOW64) AppleWebKit/537.36 (KHTML, like Gecko) Chrome/37.0.2062.124 Safari/537.36"
87.223.138.212 - - [29/Sep/2014:12:13:47 +0000] "POST /event HTTP/1.1" 200 38 "http://www.ucatx.cat/courses/UPF/C01/2014/courseware/bc7904dd4a2d4876b295a77fcbae2c2f/a3e6f70f0a2d4220aca79b68fdd47b52/" "Mozilla/5.0 (Windows NT 6.1; WOW64) AppleWebKit/537.36 (KHTML, like Gecko) Chrome/37.0.2062.124 Safari/537.36"
87.223.138.212 - - [29/Sep/2014:12:13:47 +0000] "POST /courses/UPF/C01/2014/xblock/i4x:;_;_UPF;_C01;_video;_a296f28448f9412e8343b5fc3f239a94/handler/xmodule_handler/save_user_state HTTP/1.1" 200 17 "http://www.ucatx.cat/courses/UPF/C01/2014/courseware/bc7904dd4a2d4876b295a77fcbae2c2f/a3e6f70f0a2d4220aca79b68fdd47b52/" "Mozilla/5.0 (Windows NT 6.1; WOW64) AppleWebKit/537.36 (KHTML, like Gecko) Chrome/37.0.2062.124 Safari/537.36"
87.223.138.212 - - [29/Sep/2014:12:14:02 +0000] "POST /event HTTP/1.1" 200 38 "http://www.ucatx.cat/courses/UPF/C01/2014/courseware/bc7904dd4a2d4876b295a77fcbae2c2f/a3e6f70f0a2d4220aca79b68fdd47b52/" "Mozilla/5.0 (Windows NT 6.1; WOW64) AppleWebKit/537.36 (KHTML, like Gecko) Chrome/37.0.2062.124 Safari/537.36"
87.223.138.212 - - [29/Sep/2014:12:15:12 +0000] "POST /event HTTP/1.1" 200 38 "http://www.ucatx.cat/courses/UPF/C01/2014/courseware/bc7904dd4a2d4876b295a77fcbae2c2f/a3e6f70f0a2d4220aca79b68fdd47b52/" "Mozilla/5.0 (Windows NT 6.1; WOW64) AppleWebKit/537.36 (KHTML, like Gecko) Chrome/37.0.2062.124 Safari/537.36"
87.223.138.212 - - [29/Sep/2014:12:15:39 +0000] "POST /event HTTP/1.1" 200 38 "http://www.ucatx.cat/courses/UPF/C01/2014/courseware/bc7904dd4a2d4876b295a77fcbae2c2f/a3e6f70f0a2d4220aca79b68fdd47b52/" "Mozilla/5.0 (Windows NT 6.1; WOW64) AppleWebKit/537.36 (KHTML, like Gecko) Chrome/37.0.2062.124 Safari/537.36"
87.223.138.212 - - [29/Sep/2014:12:15:53 +0000] "POST /event HTTP/1.1" 200 38 "http://www.ucatx.cat/courses/UPF/C01/2014/courseware/bc7904dd4a2d4876b295a77fcbae2c2f/a3e6f70f0a2d4220aca79b68fdd47b52/" "Mozilla/5.0 (Windows NT 6.1; WOW64) AppleWebKit/537.36 (KHTML, like Gecko) Chrome/37.0.2062.124 Safari/537.36"
193.145.50.149 - - [29/Sep/2014:12:16:59 +0000] "GET / HTTP/1.1" 200 14212 "-" "check_http/v1.4.16 (nagios-plugins 1.4.16)"
95.23.243.232 - - [29/Sep/2014:12:17:51 +0000] "-" 400 0 "-" "-"
95.23.243.232 - - [29/Sep/2014:12:17:51 +0000] "-" 400 0 "-" "-"
95.23.243.232 - - [29/Sep/2014:12:17:51 +0000] "-" 400 0 "-" "-"
95.23.243.232 - - [29/Sep/2014:12:17:51 +0000] "-" 400 0 "-" "-"
95.23.243.232 - - [29/Sep/2014:12:18:14 +0000] "GET / HTTP/1.1" 200 4168 "-" "Mozilla/5.0 (Windows NT 5.1) AppleWebKit/537.36 (KHTML, like Gecko) Chrome/37.0.2062.124 Safari/537.36"
95.23.243.232 - - [29/Sep/2014:12:18:19 +0000] "GET /jsi18n/ HTTP/1.1" 200 787 "http://www.ucatx.cat/" "Mozilla/5.0 (Windows NT 5.1) AppleWebKit/537.36 (KHTML, like Gecko) Chrome/37.0.2062.124 Safari/537.36"
95.23.243.232 - - [29/Sep/2014:12:18:19 +0000] "GET /c4x/ABC/C02/asset/images_course_image.jpg HTTP/1.1" 404 31 "http://www.ucatx.cat/" "Mozilla/5.0 (Windows NT 5.1) AppleWebKit/537.36 (KHTML, like Gecko) Chrome/37.0.2062.124 Safari/537.36"
95.23.243.232 - - [29/Sep/2014:12:18:19 +0000] "GET /c4x/ABC/C03/asset/images_course_image.jpg HTTP/1.1" 404 31 "http://www.ucatx.cat/" "Mozilla/5.0 (Windows NT 5.1) AppleWebKit/537.36 (KHTML, like Gecko) Chrome/37.0.2062.124 Safari/537.36"
95.23.243.232 - - [29/Sep/2014:12:18:19 +0000] "GET /c4x/UPF/C01/asset/logoMOOC.png HTTP/1.1" 200 24745 "http://www.ucatx.cat/" "Mozilla/5.0 (Windows NT 5.1) AppleWebKit/537.36 (KHTML, like Gecko) Chrome/37.0.2062.124 Safari/537.36"
95.23.243.232 - - [29/Sep/2014:12:18:19 +0000] "GET /c4x/UAB/E01/asset/coursera_precalc.jpg HTTP/1.1" 200 55434 "http://www.ucatx.cat/" "Mozilla/5.0 (Windows NT 5.1) AppleWebKit/537.36 (KHTML, like Gecko) Chrome/37.0.2062.124 Safari/537.36"
95.23.243.232 - - [29/Sep/2014:12:18:19 +0000] "GET /c4x/edX/Open_DemoX/asset/images_course_image.jpg HTTP/1.1" 200 9303 "http://www.ucatx.cat/" "Mozilla/5.0 (Windows NT 5.1) AppleWebKit/537.36 (KHTML, like Gecko) Chrome/37.0.2062.124 Safari/537.36"
95.23.243.232 - - [29/Sep/2014:12:18:22 +0000] "GET /c4x/ABC/C02/asset/images_course_image.jpg HTTP/1.1" 404 31 "http://www.ucatx.cat/" "Mozilla/5.0 (Windows NT 5.1) AppleWebKit/537.36 (KHTML, like Gecko) Chrome/37.0.2062.124 Safari/537.36"
95.23.243.232 - - [29/Sep/2014:12:18:22 +0000] "GET /c4x/ABC/C03/asset/images_course_image.jpg HTTP/1.1" 404 31 "http://www.ucatx.cat/" "Mozilla/5.0 (Windows NT 5.1) AppleWebKit/537.36 (KHTML, like Gecko) Chrome/37.0.2062.124 Safari/537.36"
95.23.243.232 - - [29/Sep/2014:12:18:24 +0000] "-" 400 0 "-" "-"
95.23.243.232 - - [29/Sep/2014:12:19:36 +0000] "GET /login HTTP/1.1" 200 5021 "http://www.ucatx.cat/" "Mozilla/5.0 (Windows NT 5.1) AppleWebKit/537.36 (KHTML, like Gecko) Chrome/37.0.2062.124 Safari/537.36"
95.23.243.232 - - [29/Sep/2014:12:19:38 +0000] "GET /jsi18n/ HTTP/1.1" 200 787 "http://www.ucatx.cat/login" "Mozilla/5.0 (Windows NT 5.1) AppleWebKit/537.36 (KHTML, like Gecko) Chrome/37.0.2062.124 Safari/537.36"
95.23.243.232 - - [29/Sep/2014:12:20:00 +0000] "POST /login_ajax HTTP/1.1" 200 72 "http://www.ucatx.cat/login" "Mozilla/5.0 (Windows NT 5.1) AppleWebKit/537.36 (KHTML, like Gecko) Chrome/37.0.2062.124 Safari/537.36"
95.23.243.232 - - [29/Sep/2014:12:20:00 +0000] "GET /dashboard HTTP/1.1" 200 5706 "http://www.ucatx.cat/login" "Mozilla/5.0 (Windows NT 5.1) AppleWebKit/537.36 (KHTML, like Gecko) Chrome/37.0.2062.124 Safari/537.36"
95.23.243.232 - - [29/Sep/2014:12:20:01 +0000] "GET /jsi18n/ HTTP/1.1" 200 787 "http://www.ucatx.cat/dashboard" "Mozilla/5.0 (Windows NT 5.1) AppleWebKit/537.36 (KHTML, like Gecko) Chrome/37.0.2062.124 Safari/537.36"
95.23.243.232 - - [29/Sep/2014:12:20:01 +0000] "GET /c4x/UPF/C01/asset/logoMOOC.png HTTP/1.1" 200 24745 "http://www.ucatx.cat/dashboard" "Mozilla/5.0 (Windows NT 5.1) AppleWebKit/537.36 (KHTML, like Gecko) Chrome/37.0.2062.124 Safari/537.36"
95.23.243.232 - - [29/Sep/2014:12:20:09 +0000] "GET /courses/UPF/C01/2014/info HTTP/1.1" 200 6608 "http://www.ucatx.cat/dashboard" "Mozilla/5.0 (Windows NT 5.1) AppleWebKit/537.36 (KHTML, like Gecko) Chrome/37.0.2062.124 Safari/537.36"
95.23.243.232 - - [29/Sep/2014:12:20:10 +0000] "GET /jsi18n/ HTTP/1.1" 200 787 "http://www.ucatx.cat/courses/UPF/C01/2014/info" "Mozilla/5.0 (Windows NT 5.1) AppleWebKit/537.36 (KHTML, like Gecko) Chrome/37.0.2062.124 Safari/537.36"
87.223.138.212 - - [29/Sep/2014:12:21:02 +0000] "POST /event HTTP/1.1" 200 38 "http://www.ucatx.cat/courses/UPF/C01/2014/courseware/bc7904dd4a2d4876b295a77fcbae2c2f/a3e6f70f0a2d4220aca79b68fdd47b52/" "Mozilla/5.0 (Windows NT 6.1; WOW64) AppleWebKit/537.36 (KHTML, like Gecko) Chrome/37.0.2062.124 Safari/537.36"
87.223.138.212 - - [29/Sep/2014:12:21:03 +0000] "POST /event HTTP/1.1" 200 38 "http://www.ucatx.cat/courses/UPF/C01/2014/courseware/bc7904dd4a2d4876b295a77fcbae2c2f/a3e6f70f0a2d4220aca79b68fdd47b52/" "Mozilla/5.0 (Windows NT 6.1; WOW64) AppleWebKit/537.36 (KHTML, like Gecko) Chrome/37.0.2062.124 Safari/537.36"
87.223.138.212 - - [29/Sep/2014:12:21:03 +0000] "POST /event HTTP/1.1" 200 38 "http://www.ucatx.cat/courses/UPF/C01/2014/courseware/bc7904dd4a2d4876b295a77fcbae2c2f/a3e6f70f0a2d4220aca79b68fdd47b52/" "Mozilla/5.0 (Windows NT 6.1; WOW64) AppleWebKit/537.36 (KHTML, like Gecko) Chrome/37.0.2062.124 Safari/537.36"
87.223.138.212 - - [29/Sep/2014:12:21:04 +0000] "POST /event HTTP/1.1" 200 38 "http://www.ucatx.cat/courses/UPF/C01/2014/courseware/bc7904dd4a2d4876b295a77fcbae2c2f/a3e6f70f0a2d4220aca79b68fdd47b52/" "Mozilla/5.0 (Windows NT 6.1; WOW64) AppleWebKit/537.36 (KHTML, like Gecko) Chrome/37.0.2062.124 Safari/537.36"
87.223.138.212 - - [29/Sep/2014:12:21:04 +0000] "POST /event HTTP/1.1" 200 38 "http://www.ucatx.cat/courses/UPF/C01/2014/courseware/bc7904dd4a2d4876b295a77fcbae2c2f/a3e6f70f0a2d4220aca79b68fdd47b52/" "Mozilla/5.0 (Windows NT 6.1; WOW64) AppleWebKit/537.36 (KHTML, like Gecko) Chrome/37.0.2062.124 Safari/537.36"
87.223.138.212 - - [29/Sep/2014:12:21:05 +0000] "POST /event HTTP/1.1" 200 38 "http://www.ucatx.cat/courses/UPF/C01/2014/courseware/bc7904dd4a2d4876b295a77fcbae2c2f/a3e6f70f0a2d4220aca79b68fdd47b52/" "Mozilla/5.0 (Windows NT 6.1; WOW64) AppleWebKit/537.36 (KHTML, like Gecko) Chrome/37.0.2062.124 Safari/537.36"
87.223.138.212 - - [29/Sep/2014:12:21:05 +0000] "POST /event HTTP/1.1" 200 38 "http://www.ucatx.cat/courses/UPF/C01/2014/courseware/bc7904dd4a2d4876b295a77fcbae2c2f/a3e6f70f0a2d4220aca79b68fdd47b52/" "Mozilla/5.0 (Windows NT 6.1; WOW64) AppleWebKit/537.36 (KHTML, like Gecko) Chrome/37.0.2062.124 Safari/537.36"
87.223.138.212 - - [29/Sep/2014:12:21:06 +0000] "POST /event HTTP/1.1" 200 38 "http://www.ucatx.cat/courses/UPF/C01/2014/courseware/bc7904dd4a2d4876b295a77fcbae2c2f/a3e6f70f0a2d4220aca79b68fdd47b52/" "Mozilla/5.0 (Windows NT 6.1; WOW64) AppleWebKit/537.36 (KHTML, like Gecko) Chrome/37.0.2062.124 Safari/537.36"
87.223.138.212 - - [29/Sep/2014:12:21:06 +0000] "POST /event HTTP/1.1" 200 38 "http://www.ucatx.cat/courses/UPF/C01/2014/courseware/bc7904dd4a2d4876b295a77fcbae2c2f/a3e6f70f0a2d4220aca79b68fdd47b52/" "Mozilla/5.0 (Windows NT 6.1; WOW64) AppleWebKit/537.36 (KHTML, like Gecko) Chrome/37.0.2062.124 Safari/537.36"
87.223.138.212 - - [29/Sep/2014:12:21:07 +0000] "POST /event HTTP/1.1" 200 38 "http://www.ucatx.cat/courses/UPF/C01/2014/courseware/bc7904dd4a2d4876b295a77fcbae2c2f/a3e6f70f0a2d4220aca79b68fdd47b52/" "Mozilla/5.0 (Windows NT 6.1; WOW64) AppleWebKit/537.36 (KHTML, like Gecko) Chrome/37.0.2062.124 Safari/537.36"
87.223.138.212 - - [29/Sep/2014:12:21:07 +0000] "POST /event HTTP/1.1" 200 38 "http://www.ucatx.cat/courses/UPF/C01/2014/courseware/bc7904dd4a2d4876b295a77fcbae2c2f/a3e6f70f0a2d4220aca79b68fdd47b52/" "Mozilla/5.0 (Windows NT 6.1; WOW64) AppleWebKit/537.36 (KHTML, like Gecko) Chrome/37.0.2062.124 Safari/537.36"
87.223.138.212 - - [29/Sep/2014:12:21:08 +0000] "POST /event HTTP/1.1" 200 38 "http://www.ucatx.cat/courses/UPF/C01/2014/courseware/bc7904dd4a2d4876b295a77fcbae2c2f/a3e6f70f0a2d4220aca79b68fdd47b52/" "Mozilla/5.0 (Windows NT 6.1; WOW64) AppleWebKit/537.36 (KHTML, like Gecko) Chrome/37.0.2062.124 Safari/537.36"
87.223.138.212 - - [29/Sep/2014:12:21:08 +0000] "POST /event HTTP/1.1" 200 38 "http://www.ucatx.cat/courses/UPF/C01/2014/courseware/bc7904dd4a2d4876b295a77fcbae2c2f/a3e6f70f0a2d4220aca79b68fdd47b52/" "Mozilla/5.0 (Windows NT 6.1; WOW64) AppleWebKit/537.36 (KHTML, like Gecko) Chrome/37.0.2062.124 Safari/537.36"
87.223.138.212 - - [29/Sep/2014:12:21:10 +0000] "POST /event HTTP/1.1" 200 38 "http://www.ucatx.cat/courses/UPF/C01/2014/courseware/bc7904dd4a2d4876b295a77fcbae2c2f/a3e6f70f0a2d4220aca79b68fdd47b52/" "Mozilla/5.0 (Windows NT 6.1; WOW64) AppleWebKit/537.36 (KHTML, like Gecko) Chrome/37.0.2062.124 Safari/537.36"
87.223.138.212 - - [29/Sep/2014:12:21:10 +0000] "POST /event HTTP/1.1" 200 38 "http://www.ucatx.cat/courses/UPF/C01/2014/courseware/bc7904dd4a2d4876b295a77fcbae2c2f/a3e6f70f0a2d4220aca79b68fdd47b52/" "Mozilla/5.0 (Windows NT 6.1; WOW64) AppleWebKit/537.36 (KHTML, like Gecko) Chrome/37.0.2062.124 Safari/537.36"
87.223.138.212 - - [29/Sep/2014:12:21:14 +0000] "POST /event HTTP/1.1" 200 38 "http://www.ucatx.cat/courses/UPF/C01/2014/courseware/bc7904dd4a2d4876b295a77fcbae2c2f/a3e6f70f0a2d4220aca79b68fdd47b52/" "Mozilla/5.0 (Windows NT 6.1; WOW64) AppleWebKit/537.36 (KHTML, like Gecko) Chrome/37.0.2062.124 Safari/537.36"
87.223.138.212 - - [29/Sep/2014:12:21:14 +0000] "POST /event HTTP/1.1" 200 38 "http://www.ucatx.cat/courses/UPF/C01/2014/courseware/bc7904dd4a2d4876b295a77fcbae2c2f/a3e6f70f0a2d4220aca79b68fdd47b52/" "Mozilla/5.0 (Windows NT 6.1; WOW64) AppleWebKit/537.36 (KHTML, like Gecko) Chrome/37.0.2062.124 Safari/537.36"
87.223.138.212 - - [29/Sep/2014:12:21:15 +0000] "POST /event HTTP/1.1" 200 38 "http://www.ucatx.cat/courses/UPF/C01/2014/courseware/bc7904dd4a2d4876b295a77fcbae2c2f/a3e6f70f0a2d4220aca79b68fdd47b52/" "Mozilla/5.0 (Windows NT 6.1; WOW64) AppleWebKit/537.36 (KHTML, like Gecko) Chrome/37.0.2062.124 Safari/537.36"
87.223.138.212 - - [29/Sep/2014:12:21:15 +0000] "POST /event HTTP/1.1" 200 38 "http://www.ucatx.cat/courses/UPF/C01/2014/courseware/bc7904dd4a2d4876b295a77fcbae2c2f/a3e6f70f0a2d4220aca79b68fdd47b52/" "Mozilla/5.0 (Windows NT 6.1; WOW64) AppleWebKit/537.36 (KHTML, like Gecko) Chrome/37.0.2062.124 Safari/537.36"
87.223.138.212 - - [29/Sep/2014:12:21:17 +0000] "POST /event HTTP/1.1" 200 38 "http://www.ucatx.cat/courses/UPF/C01/2014/courseware/bc7904dd4a2d4876b295a77fcbae2c2f/a3e6f70f0a2d4220aca79b68fdd47b52/" "Mozilla/5.0 (Windows NT 6.1; WOW64) AppleWebKit/537.36 (KHTML, like Gecko) Chrome/37.0.2062.124 Safari/537.36"
87.223.138.212 - - [29/Sep/2014:12:21:17 +0000] "POST /courses/UPF/C01/2014/xblock/i4x:;_;_UPF;_C01;_video;_a296f28448f9412e8343b5fc3f239a94/handler/xmodule_handler/save_user_state HTTP/1.1" 200 17 "http://www.ucatx.cat/courses/UPF/C01/2014/courseware/bc7904dd4a2d4876b295a77fcbae2c2f/a3e6f70f0a2d4220aca79b68fdd47b52/" "Mozilla/5.0 (Windows NT 6.1; WOW64) AppleWebKit/537.36 (KHTML, like Gecko) Chrome/37.0.2062.124 Safari/537.36"
87.223.138.212 - - [29/Sep/2014:12:21:17 +0000] "POST /event HTTP/1.1" 200 38 "http://www.ucatx.cat/courses/UPF/C01/2014/courseware/bc7904dd4a2d4876b295a77fcbae2c2f/a3e6f70f0a2d4220aca79b68fdd47b52/" "Mozilla/5.0 (Windows NT 6.1; WOW64) AppleWebKit/537.36 (KHTML, like Gecko) Chrome/37.0.2062.124 Safari/537.36"
87.223.138.212 - - [29/Sep/2014:12:21:19 +0000] "POST /event HTTP/1.1" 200 38 "http://www.ucatx.cat/courses/UPF/C01/2014/courseware/bc7904dd4a2d4876b295a77fcbae2c2f/a3e6f70f0a2d4220aca79b68fdd47b52/" "Mozilla/5.0 (Windows NT 6.1; WOW64) AppleWebKit/537.36 (KHTML, like Gecko) Chrome/37.0.2062.124 Safari/537.36"
87.223.138.212 - - [29/Sep/2014:12:21:20 +0000] "POST /event HTTP/1.1" 200 38 "http://www.ucatx.cat/courses/UPF/C01/2014/courseware/bc7904dd4a2d4876b295a77fcbae2c2f/a3e6f70f0a2d4220aca79b68fdd47b52/" "Mozilla/5.0 (Windows NT 6.1; WOW64) AppleWebKit/537.36 (KHTML, like Gecko) Chrome/37.0.2062.124 Safari/537.36"
87.223.138.212 - - [29/Sep/2014:12:21:22 +0000] "POST /event HTTP/1.1" 200 38 "http://www.ucatx.cat/courses/UPF/C01/2014/courseware/bc7904dd4a2d4876b295a77fcbae2c2f/a3e6f70f0a2d4220aca79b68fdd47b52/" "Mozilla/5.0 (Windows NT 6.1; WOW64) AppleWebKit/537.36 (KHTML, like Gecko) Chrome/37.0.2062.124 Safari/537.36"
87.223.138.212 - - [29/Sep/2014:12:21:24 +0000] "POST /event HTTP/1.1" 200 38 "http://www.ucatx.cat/courses/UPF/C01/2014/courseware/bc7904dd4a2d4876b295a77fcbae2c2f/a3e6f70f0a2d4220aca79b68fdd47b52/" "Mozilla/5.0 (Windows NT 6.1; WOW64) AppleWebKit/537.36 (KHTML, like Gecko) Chrome/37.0.2062.124 Safari/537.36"
87.223.138.212 - - [29/Sep/2014:12:21:25 +0000] "POST /event HTTP/1.1" 200 38 "http://www.ucatx.cat/courses/UPF/C01/2014/courseware/bc7904dd4a2d4876b295a77fcbae2c2f/a3e6f70f0a2d4220aca79b68fdd47b52/" "Mozilla/5.0 (Windows NT 6.1; WOW64) AppleWebKit/537.36 (KHTML, like Gecko) Chrome/37.0.2062.124 Safari/537.36"
87.223.138.212 - - [29/Sep/2014:12:21:27 +0000] "POST /event HTTP/1.1" 200 38 "http://www.ucatx.cat/courses/UPF/C01/2014/courseware/bc7904dd4a2d4876b295a77fcbae2c2f/a3e6f70f0a2d4220aca79b68fdd47b52/" "Mozilla/5.0 (Windows NT 6.1; WOW64) AppleWebKit/537.36 (KHTML, like Gecko) Chrome/37.0.2062.124 Safari/537.36"
87.223.138.212 - - [29/Sep/2014:12:21:27 +0000] "POST /courses/UPF/C01/2014/xblock/i4x:;_;_UPF;_C01;_video;_a296f28448f9412e8343b5fc3f239a94/handler/xmodule_handler/save_user_state HTTP/1.1" 200 17 "http://www.ucatx.cat/courses/UPF/C01/2014/courseware/bc7904dd4a2d4876b295a77fcbae2c2f/a3e6f70f0a2d4220aca79b68fdd47b52/" "Mozilla/5.0 (Windows NT 6.1; WOW64) AppleWebKit/537.36 (KHTML, like Gecko) Chrome/37.0.2062.124 Safari/537.36"
95.23.243.232 - - [29/Sep/2014:12:21:56 +0000] "GET /courses/UPF/C01/2014/courseware HTTP/1.1" 302 5 "http://www.ucatx.cat/courses/UPF/C01/2014/info" "Mozilla/5.0 (Windows NT 5.1) AppleWebKit/537.36 (KHTML, like Gecko) Chrome/37.0.2062.124 Safari/537.36"
95.23.243.232 - - [29/Sep/2014:12:21:57 +0000] "GET /courses/UPF/C01/2014/courseware/a3139ca27f5a447289999f387ba484f5/ HTTP/1.1" 200 7442 "http://www.ucatx.cat/courses/UPF/C01/2014/info" "Mozilla/5.0 (Windows NT 5.1) AppleWebKit/537.36 (KHTML, like Gecko) Chrome/37.0.2062.124 Safari/537.36"
95.23.243.232 - - [29/Sep/2014:12:21:58 +0000] "GET /jsi18n/ HTTP/1.1" 200 787 "http://www.ucatx.cat/courses/UPF/C01/2014/courseware/a3139ca27f5a447289999f387ba484f5/" "Mozilla/5.0 (Windows NT 5.1) AppleWebKit/537.36 (KHTML, like Gecko) Chrome/37.0.2062.124 Safari/537.36"
87.223.138.212 - - [29/Sep/2014:12:21:58 +0000] "POST /event HTTP/1.1" 200 38 "http://www.ucatx.cat/courses/UPF/C01/2014/courseware/bc7904dd4a2d4876b295a77fcbae2c2f/a3e6f70f0a2d4220aca79b68fdd47b52/" "Mozilla/5.0 (Windows NT 6.1; WOW64) AppleWebKit/537.36 (KHTML, like Gecko) Chrome/37.0.2062.124 Safari/537.36"
193.145.50.149 - - [29/Sep/2014:12:21:59 +0000] "GET / HTTP/1.1" 200 14212 "-" "check_http/v1.4.16 (nagios-plugins 1.4.16)"
95.23.243.232 - - [29/Sep/2014:12:22:14 +0000] "-" 400 0 "-" "-"
95.23.243.232 - - [29/Sep/2014:12:22:21 +0000] "GET /courses/UPF/C01/2014/courseware/a3139ca27f5a447289999f387ba484f5/91ff8042121445c68d81897eae8b8646/ HTTP/1.1" 200 11264 "http://www.ucatx.cat/courses/UPF/C01/2014/courseware/a3139ca27f5a447289999f387ba484f5/" "Mozilla/5.0 (Windows NT 5.1) AppleWebKit/537.36 (KHTML, like Gecko) Chrome/37.0.2062.124 Safari/537.36"
95.23.243.232 - - [29/Sep/2014:12:22:22 +0000] "GET /event?event_type=page_close&event=&page=http%3A%2F%2Fwww.ucatx.cat%2Fcourses%2FUPF%2FC01%2F2014%2Fcourseware%2Fa3139ca27f5a447289999f387ba484f5%2F HTTP/1.1" 200 38 "http://www.ucatx.cat/courses/UPF/C01/2014/courseware/a3139ca27f5a447289999f387ba484f5/" "Mozilla/5.0 (Windows NT 5.1) AppleWebKit/537.36 (KHTML, like Gecko) Chrome/37.0.2062.124 Safari/537.36"
95.23.243.232 - - [29/Sep/2014:12:22:22 +0000] "GET /jsi18n/ HTTP/1.1" 200 787 "http://www.ucatx.cat/courses/UPF/C01/2014/courseware/a3139ca27f5a447289999f387ba484f5/91ff8042121445c68d81897eae8b8646/" "Mozilla/5.0 (Windows NT 5.1) AppleWebKit/537.36 (KHTML, like Gecko) Chrome/37.0.2062.124 Safari/537.36"
95.23.243.232 - - [29/Sep/2014:12:22:26 +0000] "POST /event HTTP/1.1" 200 38 "http://www.ucatx.cat/courses/UPF/C01/2014/courseware/a3139ca27f5a447289999f387ba484f5/91ff8042121445c68d81897eae8b8646/" "Mozilla/5.0 (Windows NT 5.1) AppleWebKit/537.36 (KHTML, like Gecko) Chrome/37.0.2062.124 Safari/537.36"
95.23.243.232 - - [29/Sep/2014:12:22:26 +0000] "GET /courses/UPF/C01/2014/xblock/i4x:;_;_UPF;_C01;_video;_53a37e6c9ea14fb19dcabbcc401c66fc/handler/transcript/translation/en?videoId=cdjSjXaijy8 HTTP/1.1" 404 0 "http://www.ucatx.cat/courses/UPF/C01/2014/courseware/a3139ca27f5a447289999f387ba484f5/91ff8042121445c68d81897eae8b8646/" "Mozilla/5.0 (Windows NT 5.1) AppleWebKit/537.36 (KHTML, like Gecko) Chrome/37.0.2062.124 Safari/537.36"
95.23.243.232 - - [29/Sep/2014:12:22:26 +0000] "POST /event HTTP/1.1" 200 38 "http://www.ucatx.cat/courses/UPF/C01/2014/courseware/a3139ca27f5a447289999f387ba484f5/91ff8042121445c68d81897eae8b8646/" "Mozilla/5.0 (Windows NT 5.1) AppleWebKit/537.36 (KHTML, like Gecko) Chrome/37.0.2062.124 Safari/537.36"
95.23.243.232 - - [29/Sep/2014:12:22:27 +0000] "POST /courses/UPF/C01/2014/xblock/i4x:;_;_UPF;_C01;_video;_53a37e6c9ea14fb19dcabbcc401c66fc/handler/xmodule_handler/save_user_state HTTP/1.1" 200 17 "http://www.ucatx.cat/courses/UPF/C01/2014/courseware/a3139ca27f5a447289999f387ba484f5/91ff8042121445c68d81897eae8b8646/" "Mozilla/5.0 (Windows NT 5.1) AppleWebKit/537.36 (KHTML, like Gecko) Chrome/37.0.2062.124 Safari/537.36"
95.23.243.232 - - [29/Sep/2014:12:22:28 +0000] "POST /event HTTP/1.1" 200 38 "http://www.ucatx.cat/courses/UPF/C01/2014/courseware/a3139ca27f5a447289999f387ba484f5/91ff8042121445c68d81897eae8b8646/" "Mozilla/5.0 (Windows NT 5.1) AppleWebKit/537.36 (KHTML, like Gecko) Chrome/37.0.2062.124 Safari/537.36"
87.223.138.212 - - [29/Sep/2014:12:22:29 +0000] "POST /event HTTP/1.1" 200 38 "http://www.ucatx.cat/courses/UPF/C01/2014/courseware/bc7904dd4a2d4876b295a77fcbae2c2f/a3e6f70f0a2d4220aca79b68fdd47b52/" "Mozilla/5.0 (Windows NT 6.1; WOW64) AppleWebKit/537.36 (KHTML, like Gecko) Chrome/37.0.2062.124 Safari/537.36"
87.223.138.212 - - [29/Sep/2014:12:22:29 +0000] "POST /courses/UPF/C01/2014/xblock/i4x:;_;_UPF;_C01;_video;_a296f28448f9412e8343b5fc3f239a94/handler/xmodule_handler/save_user_state HTTP/1.1" 200 17 "http://www.ucatx.cat/courses/UPF/C01/2014/courseware/bc7904dd4a2d4876b295a77fcbae2c2f/a3e6f70f0a2d4220aca79b68fdd47b52/" "Mozilla/5.0 (Windows NT 6.1; WOW64) AppleWebKit/537.36 (KHTML, like Gecko) Chrome/37.0.2062.124 Safari/537.36"
87.223.138.212 - - [29/Sep/2014:12:22:41 +0000] "POST /event HTTP/1.1" 200 38 "http://www.ucatx.cat/courses/UPF/C01/2014/courseware/bc7904dd4a2d4876b295a77fcbae2c2f/a3e6f70f0a2d4220aca79b68fdd47b52/" "Mozilla/5.0 (Windows NT 6.1; WOW64) AppleWebKit/537.36 (KHTML, like Gecko) Chrome/37.0.2062.124 Safari/537.36"
95.23.243.232 - - [29/Sep/2014:12:22:50 +0000] "POST /event HTTP/1.1" 200 38 "http://www.ucatx.cat/courses/UPF/C01/2014/courseware/a3139ca27f5a447289999f387ba484f5/91ff8042121445c68d81897eae8b8646/" "Mozilla/5.0 (Windows NT 5.1) AppleWebKit/537.36 (KHTML, like Gecko) Chrome/37.0.2062.124 Safari/537.36"
95.23.243.232 - - [29/Sep/2014:12:22:50 +0000] "POST /courses/UPF/C01/2014/xblock/i4x:;_;_UPF;_C01;_video;_53a37e6c9ea14fb19dcabbcc401c66fc/handler/xmodule_handler/save_user_state HTTP/1.1" 200 17 "http://www.ucatx.cat/courses/UPF/C01/2014/courseware/a3139ca27f5a447289999f387ba484f5/91ff8042121445c68d81897eae8b8646/" "Mozilla/5.0 (Windows NT 5.1) AppleWebKit/537.36 (KHTML, like Gecko) Chrome/37.0.2062.124 Safari/537.36"
95.23.243.232 - - [29/Sep/2014:12:22:52 +0000] "POST /event HTTP/1.1" 200 38 "http://www.ucatx.cat/courses/UPF/C01/2014/courseware/a3139ca27f5a447289999f387ba484f5/91ff8042121445c68d81897eae8b8646/" "Mozilla/5.0 (Windows NT 5.1) AppleWebKit/537.36 (KHTML, like Gecko) Chrome/37.0.2062.124 Safari/537.36"
95.23.243.232 - - [29/Sep/2014:12:22:53 +0000] "POST /courses/UPF/C01/2014/xblock/i4x:;_;_UPF;_C01;_video;_53a37e6c9ea14fb19dcabbcc401c66fc/handler/xmodule_handler/save_user_state HTTP/1.1" 200 17 "http://www.ucatx.cat/courses/UPF/C01/2014/courseware/a3139ca27f5a447289999f387ba484f5/91ff8042121445c68d81897eae8b8646/" "Mozilla/5.0 (Windows NT 5.1) AppleWebKit/537.36 (KHTML, like Gecko) Chrome/37.0.2062.124 Safari/537.36"
95.23.243.232 - - [29/Sep/2014:12:22:53 +0000] "POST /event HTTP/1.1" 200 38 "http://www.ucatx.cat/courses/UPF/C01/2014/courseware/a3139ca27f5a447289999f387ba484f5/91ff8042121445c68d81897eae8b8646/" "Mozilla/5.0 (Windows NT 5.1) AppleWebKit/537.36 (KHTML, like Gecko) Chrome/37.0.2062.124 Safari/537.36"
95.23.243.232 - - [29/Sep/2014:12:23:04 +0000] "-" 400 0 "-" "-"
87.223.138.212 - - [29/Sep/2014:12:23:04 +0000] "POST /event HTTP/1.1" 200 38 "http://www.ucatx.cat/courses/UPF/C01/2014/courseware/bc7904dd4a2d4876b295a77fcbae2c2f/a3e6f70f0a2d4220aca79b68fdd47b52/" "Mozilla/5.0 (Windows NT 6.1; WOW64) AppleWebKit/537.36 (KHTML, like Gecko) Chrome/37.0.2062.124 Safari/537.36"
87.223.138.212 - - [29/Sep/2014:12:23:04 +0000] "POST /event HTTP/1.1" 200 38 "http://www.ucatx.cat/courses/UPF/C01/2014/courseware/bc7904dd4a2d4876b295a77fcbae2c2f/a3e6f70f0a2d4220aca79b68fdd47b52/" "Mozilla/5.0 (Windows NT 6.1; WOW64) AppleWebKit/537.36 (KHTML, like Gecko) Chrome/37.0.2062.124 Safari/537.36"
87.223.138.212 - - [29/Sep/2014:12:23:09 +0000] "POST /event HTTP/1.1" 200 38 "http://www.ucatx.cat/courses/UPF/C01/2014/courseware/bc7904dd4a2d4876b295a77fcbae2c2f/a3e6f70f0a2d4220aca79b68fdd47b52/" "Mozilla/5.0 (Windows NT 6.1; WOW64) AppleWebKit/537.36 (KHTML, like Gecko) Chrome/37.0.2062.124 Safari/537.36"
87.223.138.212 - - [29/Sep/2014:12:23:09 +0000] "POST /event HTTP/1.1" 200 38 "http://www.ucatx.cat/courses/UPF/C01/2014/courseware/bc7904dd4a2d4876b295a77fcbae2c2f/a3e6f70f0a2d4220aca79b68fdd47b52/" "Mozilla/5.0 (Windows NT 6.1; WOW64) AppleWebKit/537.36 (KHTML, like Gecko) Chrome/37.0.2062.124 Safari/537.36"
87.223.138.212 - - [29/Sep/2014:12:23:14 +0000] "POST /event HTTP/1.1" 200 38 "http://www.ucatx.cat/courses/UPF/C01/2014/courseware/bc7904dd4a2d4876b295a77fcbae2c2f/a3e6f70f0a2d4220aca79b68fdd47b52/" "Mozilla/5.0 (Windows NT 6.1; WOW64) AppleWebKit/537.36 (KHTML, like Gecko) Chrome/37.0.2062.124 Safari/537.36"
87.223.138.212 - - [29/Sep/2014:12:23:14 +0000] "POST /courses/UPF/C01/2014/xblock/i4x:;_;_UPF;_C01;_video;_a296f28448f9412e8343b5fc3f239a94/handler/xmodule_handler/save_user_state HTTP/1.1" 200 17 "http://www.ucatx.cat/courses/UPF/C01/2014/courseware/bc7904dd4a2d4876b295a77fcbae2c2f/a3e6f70f0a2d4220aca79b68fdd47b52/" "Mozilla/5.0 (Windows NT 6.1; WOW64) AppleWebKit/537.36 (KHTML, like Gecko) Chrome/37.0.2062.124 Safari/537.36"
95.23.243.232 - - [29/Sep/2014:12:23:16 +0000] "POST /event HTTP/1.1" 200 38 "http://www.ucatx.cat/courses/UPF/C01/2014/courseware/a3139ca27f5a447289999f387ba484f5/91ff8042121445c68d81897eae8b8646/" "Mozilla/5.0 (Windows NT 5.1) AppleWebKit/537.36 (KHTML, like Gecko) Chrome/37.0.2062.124 Safari/537.36"
95.23.243.232 - - [29/Sep/2014:12:23:16 +0000] "POST /courses/UPF/C01/2014/xblock/i4x:;_;_UPF;_C01;_video;_53a37e6c9ea14fb19dcabbcc401c66fc/handler/xmodule_handler/save_user_state HTTP/1.1" 200 17 "http://www.ucatx.cat/courses/UPF/C01/2014/courseware/a3139ca27f5a447289999f387ba484f5/91ff8042121445c68d81897eae8b8646/" "Mozilla/5.0 (Windows NT 5.1) AppleWebKit/537.36 (KHTML, like Gecko) Chrome/37.0.2062.124 Safari/537.36"
95.23.243.232 - - [29/Sep/2014:12:23:20 +0000] "POST /event HTTP/1.1" 200 38 "http://www.ucatx.cat/courses/UPF/C01/2014/courseware/a3139ca27f5a447289999f387ba484f5/91ff8042121445c68d81897eae8b8646/" "Mozilla/5.0 (Windows NT 5.1) AppleWebKit/537.36 (KHTML, like Gecko) Chrome/37.0.2062.124 Safari/537.36"
95.23.243.232 - - [29/Sep/2014:12:23:33 +0000] "POST /event HTTP/1.1" 200 38 "http://www.ucatx.cat/courses/UPF/C01/2014/courseware/a3139ca27f5a447289999f387ba484f5/91ff8042121445c68d81897eae8b8646/" "Mozilla/5.0 (Windows NT 5.1) AppleWebKit/537.36 (KHTML, like Gecko) Chrome/37.0.2062.124 Safari/537.36"
95.23.243.232 - - [29/Sep/2014:12:23:33 +0000] "POST /courses/UPF/C01/2014/xblock/i4x:;_;_UPF;_C01;_video;_53a37e6c9ea14fb19dcabbcc401c66fc/handler/xmodule_handler/save_user_state HTTP/1.1" 200 17 "http://www.ucatx.cat/courses/UPF/C01/2014/courseware/a3139ca27f5a447289999f387ba484f5/91ff8042121445c68d81897eae8b8646/" "Mozilla/5.0 (Windows NT 5.1) AppleWebKit/537.36 (KHTML, like Gecko) Chrome/37.0.2062.124 Safari/537.36"
87.223.138.212 - - [29/Sep/2014:12:23:46 +0000] "POST /event HTTP/1.1" 200 38 "http://www.ucatx.cat/courses/UPF/C01/2014/courseware/bc7904dd4a2d4876b295a77fcbae2c2f/a3e6f70f0a2d4220aca79b68fdd47b52/" "Mozilla/5.0 (Windows NT 6.1; WOW64) AppleWebKit/537.36 (KHTML, like Gecko) Chrome/37.0.2062.124 Safari/537.36"
87.223.138.212 - - [29/Sep/2014:12:23:54 +0000] "POST /event HTTP/1.1" 200 38 "http://www.ucatx.cat/courses/UPF/C01/2014/courseware/bc7904dd4a2d4876b295a77fcbae2c2f/a3e6f70f0a2d4220aca79b68fdd47b52/" "Mozilla/5.0 (Windows NT 6.1; WOW64) AppleWebKit/537.36 (KHTML, like Gecko) Chrome/37.0.2062.124 Safari/537.36"
87.223.138.212 - - [29/Sep/2014:12:23:54 +0000] "POST /courses/UPF/C01/2014/xblock/i4x:;_;_UPF;_C01;_video;_a296f28448f9412e8343b5fc3f239a94/handler/xmodule_handler/save_user_state HTTP/1.1" 200 17 "http://www.ucatx.cat/courses/UPF/C01/2014/courseware/bc7904dd4a2d4876b295a77fcbae2c2f/a3e6f70f0a2d4220aca79b68fdd47b52/" "Mozilla/5.0 (Windows NT 6.1; WOW64) AppleWebKit/537.36 (KHTML, like Gecko) Chrome/37.0.2062.124 Safari/537.36"
95.23.243.232 - - [29/Sep/2014:12:23:57 +0000] "POST /event HTTP/1.1" 200 38 "http://www.ucatx.cat/courses/UPF/C01/2014/courseware/a3139ca27f5a447289999f387ba484f5/91ff8042121445c68d81897eae8b8646/" "Mozilla/5.0 (Windows NT 5.1) AppleWebKit/537.36 (KHTML, like Gecko) Chrome/37.0.2062.124 Safari/537.36"
95.23.243.232 - - [29/Sep/2014:12:23:59 +0000] "POST /event HTTP/1.1" 200 38 "http://www.ucatx.cat/courses/UPF/C01/2014/courseware/a3139ca27f5a447289999f387ba484f5/91ff8042121445c68d81897eae8b8646/" "Mozilla/5.0 (Windows NT 5.1) AppleWebKit/537.36 (KHTML, like Gecko) Chrome/37.0.2062.124 Safari/537.36"
95.23.243.232 - - [29/Sep/2014:12:24:00 +0000] "POST /event HTTP/1.1" 200 38 "http://www.ucatx.cat/courses/UPF/C01/2014/courseware/a3139ca27f5a447289999f387ba484f5/91ff8042121445c68d81897eae8b8646/" "Mozilla/5.0 (Windows NT 5.1) AppleWebKit/537.36 (KHTML, like Gecko) Chrome/37.0.2062.124 Safari/537.36"
95.23.243.232 - - [29/Sep/2014:12:24:02 +0000] "POST /event HTTP/1.1" 200 38 "http://www.ucatx.cat/courses/UPF/C01/2014/courseware/a3139ca27f5a447289999f387ba484f5/91ff8042121445c68d81897eae8b8646/" "Mozilla/5.0 (Windows NT 5.1) AppleWebKit/537.36 (KHTML, like Gecko) Chrome/37.0.2062.124 Safari/537.36"
95.23.243.232 - - [29/Sep/2014:12:24:02 +0000] "POST /event HTTP/1.1" 200 38 "http://www.ucatx.cat/courses/UPF/C01/2014/courseware/a3139ca27f5a447289999f387ba484f5/91ff8042121445c68d81897eae8b8646/" "Mozilla/5.0 (Windows NT 5.1) AppleWebKit/537.36 (KHTML, like Gecko) Chrome/37.0.2062.124 Safari/537.36"
95.23.243.232 - - [29/Sep/2014:12:24:03 +0000] "POST /event HTTP/1.1" 200 38 "http://www.ucatx.cat/courses/UPF/C01/2014/courseware/a3139ca27f5a447289999f387ba484f5/91ff8042121445c68d81897eae8b8646/" "Mozilla/5.0 (Windows NT 5.1) AppleWebKit/537.36 (KHTML, like Gecko) Chrome/37.0.2062.124 Safari/537.36"
95.23.243.232 - - [29/Sep/2014:12:24:04 +0000] "POST /event HTTP/1.1" 200 38 "http://www.ucatx.cat/courses/UPF/C01/2014/courseware/a3139ca27f5a447289999f387ba484f5/91ff8042121445c68d81897eae8b8646/" "Mozilla/5.0 (Windows NT 5.1) AppleWebKit/537.36 (KHTML, like Gecko) Chrome/37.0.2062.124 Safari/537.36"
157.55.39.124 - - [29/Sep/2014:12:24:10 +0000] "GET /robots.txt HTTP/1.1" 404 8414 "-" "Mozilla/5.0 (compatible; bingbot/2.0; +http://www.bing.com/bingbot.htm)"
157.55.39.124 - - [29/Sep/2014:12:24:37 +0000] "GET / HTTP/1.1" 200 4168 "-" "Mozilla/5.0 (compatible; bingbot/2.0; +http://www.bing.com/bingbot.htm)"
87.223.138.212 - - [29/Sep/2014:12:24:44 +0000] "POST /event HTTP/1.1" 200 38 "http://www.ucatx.cat/courses/UPF/C01/2014/courseware/bc7904dd4a2d4876b295a77fcbae2c2f/a3e6f70f0a2d4220aca79b68fdd47b52/" "Mozilla/5.0 (Windows NT 6.1; WOW64) AppleWebKit/537.36 (KHTML, like Gecko) Chrome/37.0.2062.124 Safari/537.36"
87.223.138.212 - - [29/Sep/2014:12:24:46 +0000] "POST /event HTTP/1.1" 200 38 "http://www.ucatx.cat/courses/UPF/C01/2014/courseware/bc7904dd4a2d4876b295a77fcbae2c2f/a3e6f70f0a2d4220aca79b68fdd47b52/" "Mozilla/5.0 (Windows NT 6.1; WOW64) AppleWebKit/537.36 (KHTML, like Gecko) Chrome/37.0.2062.124 Safari/537.36"
87.223.138.212 - - [29/Sep/2014:12:24:46 +0000] "POST /courses/UPF/C01/2014/xblock/i4x:;_;_UPF;_C01;_video;_a296f28448f9412e8343b5fc3f239a94/handler/xmodule_handler/save_user_state HTTP/1.1" 200 17 "http://www.ucatx.cat/courses/UPF/C01/2014/courseware/bc7904dd4a2d4876b295a77fcbae2c2f/a3e6f70f0a2d4220aca79b68fdd47b52/" "Mozilla/5.0 (Windows NT 6.1; WOW64) AppleWebKit/537.36 (KHTML, like Gecko) Chrome/37.0.2062.124 Safari/537.36"
95.23.243.232 - - [29/Sep/2014:12:25:03 +0000] "POST /event HTTP/1.1" 200 38 "http://www.ucatx.cat/courses/UPF/C01/2014/courseware/a3139ca27f5a447289999f387ba484f5/91ff8042121445c68d81897eae8b8646/" "Mozilla/5.0 (Windows NT 5.1) AppleWebKit/537.36 (KHTML, like Gecko) Chrome/37.0.2062.124 Safari/537.36"
95.23.243.232 - - [29/Sep/2014:12:25:03 +0000] "POST /courses/UPF/C01/2014/xblock/i4x:;_;_UPF;_C01;_video;_53a37e6c9ea14fb19dcabbcc401c66fc/handler/xmodule_handler/save_user_state HTTP/1.1" 200 17 "http://www.ucatx.cat/courses/UPF/C01/2014/courseware/a3139ca27f5a447289999f387ba484f5/91ff8042121445c68d81897eae8b8646/" "Mozilla/5.0 (Windows NT 5.1) AppleWebKit/537.36 (KHTML, like Gecko) Chrome/37.0.2062.124 Safari/537.36"
95.23.243.232 - - [29/Sep/2014:12:25:11 +0000] "POST /event HTTP/1.1" 200 38 "http://www.ucatx.cat/courses/UPF/C01/2014/courseware/a3139ca27f5a447289999f387ba484f5/91ff8042121445c68d81897eae8b8646/" "Mozilla/5.0 (Windows NT 5.1) AppleWebKit/537.36 (KHTML, like Gecko) Chrome/37.0.2062.124 Safari/537.36"
95.23.243.232 - - [29/Sep/2014:12:25:17 +0000] "POST /event HTTP/1.1" 200 38 "http://www.ucatx.cat/courses/UPF/C01/2014/courseware/a3139ca27f5a447289999f387ba484f5/91ff8042121445c68d81897eae8b8646/" "Mozilla/5.0 (Windows NT 5.1) AppleWebKit/537.36 (KHTML, like Gecko) Chrome/37.0.2062.124 Safari/537.36"
95.23.243.232 - - [29/Sep/2014:12:25:17 +0000] "POST /courses/UPF/C01/2014/xblock/i4x:;_;_UPF;_C01;_sequential;_91ff8042121445c68d81897eae8b8646/handler/xmodule_handler/goto_position HTTP/1.1" 200 17 "http://www.ucatx.cat/courses/UPF/C01/2014/courseware/a3139ca27f5a447289999f387ba484f5/91ff8042121445c68d81897eae8b8646/" "Mozilla/5.0 (Windows NT 5.1) AppleWebKit/537.36 (KHTML, like Gecko) Chrome/37.0.2062.124 Safari/537.36"
